<html>
<body>
<pre>
<h1>礦ision Build Log</h1>
<h2>Tool Versions:</h2>
IDE-Version: μVision V5.40.0.0
Copyright (C) 2024 ARM Ltd and ARM Germany GmbH. All rights reserved.
License Information: 8 kevinzakeLUC@outlook.com, 8, LIC=8VRJ7-E8Z5C-HLUCL-05IHV-AHNEL-M28CW
 
Tool Versions:
Toolchain:       MDK-ARM Plus  Version: 5.40.0.3
Toolchain Path:  D:\applications\Keil 5\ARM\ARMCC\Bin
C Compiler:      Armcc.exe V5.06 update 6 (build 750)
Assembler:       Armasm.exe V5.06 update 6 (build 750)
Linker/Locator:  ArmLink.exe V5.06 update 6 (build 750)
Library Manager: ArmAr.exe V5.06 update 6 (build 750)
Hex Converter:   FromElf.exe V5.06 update 6 (build 750)
CPU DLL:         SARMCM3.DLL V5.40.0.3
Dialog DLL:      DCM.DLL V1.17.5.0
Target DLL:      STLink\ST-LINKIII-KEIL_SWO.dll V3.3.0.0
Dialog DLL:      TCM.DLL V1.56.4.0
 
<h2>Project:</h2>
D:\GIT Repo\AI-Deployment-Test\MDK-ARM\AI-Deployment-Test.uvprojx
Project File Date:  06/23/2024

<h2>Output:</h2>
*** Using Compiler 'V5.06 update 6 (build 750)', folder: 'D:\applications\Keil 5\ARM\ARMCC\Bin'
Build target 'AI-Deployment-Test'
Note: source file '../Core/Src/system_stm32h7xx.c' - object file renamed from 'AI-Deployment-Test\system_stm32h7xx.o' to 'AI-Deployment-Test\system_stm32h7xx_1.o'.
Note: source file '..\Drivers\LCD240\lcd.c' - object file renamed from 'AI-Deployment-Test\lcd.o' to 'AI-Deployment-Test\lcd_1.o'.
compiling w25qxx.c...
..\Core\Src\w25qxx.c(72): warning:  #223-D: function "QSPI_Send_CMD" declared implicitly
  			QSPI_Send_CMD(W25X_SetReadParam,0,0,QSPI_INSTRUCTION_4_LINES,QSPI_ADDRESS_NONE,QSPI_ADDRESS_8_BITS,QSPI_DATA_4_LINES); 		//QPI,设置读参数指令,地址为0,4线传数据_8位地址_无地址_4线传输指令,无空周期,1个字节数据
..\Core\Src\w25qxx.c(75): warning:  #223-D: function "QSPI_Transmit" declared implicitly
  			QSPI_Transmit(&temp,1);		//发送1个字节	  
..\Core\Src\w25qxx.c(105): warning:  #223-D: function "QSPI_Send_CMD" declared implicitly
  	QSPI_Send_CMD(W25X_EnterQPIMode,0,0,QSPI_INSTRUCTION_1_LINE,QSPI_ADDRESS_NONE,QSPI_ADDRESS_8_BITS,QSPI_DATA_NONE);//写command指令,地址为0,无数据_8位地址_无地址_单线传输指令,无空周期,0个字节数据
..\Core\Src\w25qxx.c(125): warning:  #223-D: function "QSPI_Send_CMD" declared implicitly
  	QSPI_Send_CMD(W25X_ExitQPIMode,0,0,QSPI_INSTRUCTION_4_LINES,QSPI_ADDRESS_NONE,QSPI_ADDRESS_8_BITS,QSPI_DATA_NONE);//写command指令,地址为0,无数据_8位地址_无地址_4线传输指令,无空周期,0个字节数据
..\Core\Src\w25qxx.c(194): warning:  #223-D: function "QSPI_Send_CMD" declared implicitly
  		QSPI_Send_CMD(command,0,0,QSPI_INSTRUCTION_4_LINES,QSPI_ADDRESS_NONE,QSPI_ADDRESS_8_BITS,QSPI_DATA_4_LINES);	//QPI,写command指令,地址为0,4线传数据_8位地址_无地址_4线传输指令,无空周期,1个字节数据
..\Core\Src\w25qxx.c(196): warning:  #223-D: function "QSPI_Send_CMD" declared implicitly
  		QSPI_Send_CMD(command,0,0,QSPI_INSTRUCTION_1_LINE,QSPI_ADDRESS_NONE,QSPI_ADDRESS_8_BITS,QSPI_DATA_1_LINE);				//SPI,写command指令,地址为0,单线传数据_8位地址_无地址_单线传输指令,无空周期,1个字节数据
..\Core\Src\w25qxx.c(198): warning:  #223-D: function "QSPI_Receive" declared implicitly
  	QSPI_Receive(&byte,1);	        
..\Core\Src\w25qxx.c(235): warning:  #223-D: function "QSPI_Send_CMD" declared implicitly
  		QSPI_Send_CMD(command,0,0,QSPI_INSTRUCTION_4_LINES,QSPI_ADDRESS_NONE,QSPI_ADDRESS_8_BITS,QSPI_DATA_4_LINES);	//QPI,写command指令,地址为0,4线传数据_8位地址_无地址_4线传输指令,无空周期,1个字节数据
..\Core\Src\w25qxx.c(237): warning:  #223-D: function "QSPI_Send_CMD" declared implicitly
  		QSPI_Send_CMD(command,0,0, QSPI_INSTRUCTION_1_LINE,QSPI_ADDRESS_NONE,QSPI_ADDRESS_8_BITS,QSPI_DATA_1_LINE);		//SPI,写command指令,地址为0,单线传数据_8位地址_无地址_单线传输指令,无空周期,1个字节数据
..\Core\Src\w25qxx.c(239): warning:  #223-D: function "QSPI_Transmit" declared implicitly
  	QSPI_Transmit(&sr,1);	         	      
..\Core\Src\w25qxx.c(259): warning:  #223-D: function "QSPI_Send_CMD" declared implicitly
  		QSPI_Send_CMD(W25X_WriteEnable,0,0,QSPI_INSTRUCTION_4_LINES,QSPI_ADDRESS_NONE,QSPI_ADDRESS_8_BITS,QSPI_DATA_NONE);	//QPI,写使能指令,地址为0,无数据_8位地址_无地址_4线传输指令,无空周期,0个字节数据
..\Core\Src\w25qxx.c(261): warning:  #223-D: function "QSPI_Send_CMD" declared implicitly
  		QSPI_Send_CMD(W25X_WriteEnable,0,0,QSPI_INSTRUCTION_1_LINE,QSPI_ADDRESS_NONE,QSPI_ADDRESS_8_BITS,QSPI_DATA_NONE);				//SPI,写使能指令,地址为0,无数据_8位地址_无地址_单线传输指令,无空周期,0个字节数据
..\Core\Src\w25qxx.c(281): warning:  #223-D: function "QSPI_Send_CMD" declared implicitly
  		QSPI_Send_CMD(W25X_WriteDisable,0,0,QSPI_INSTRUCTION_4_LINES,QSPI_ADDRESS_NONE,QSPI_ADDRESS_8_BITS,QSPI_DATA_NONE); //QPI,写禁止指令,地址为0,无数据_8位地址_无地址_4线传输指令,无空周期,0个字节数据
..\Core\Src\w25qxx.c(283): warning:  #223-D: function "QSPI_Send_CMD" declared implicitly
  		QSPI_Send_CMD(W25X_WriteDisable,0,0,QSPI_INSTRUCTION_1_LINE,QSPI_ADDRESS_NONE,QSPI_ADDRESS_8_BITS,QSPI_DATA_NONE);  //SPI,写禁止指令,地址为0,无数据_8位地址_无地址_单线传输指令,无空周期,0个字节数据 
..\Core\Src\w25qxx.c(312): warning:  #223-D: function "QSPI_Send_CMD" declared implicitly
  		QSPI_Send_CMD(W25X_ManufactDeviceID,0,0,QSPI_INSTRUCTION_4_LINES,QSPI_ADDRESS_4_LINES,QSPI_ADDRESS_24_BITS,QSPI_DATA_4_LINES);//QPI,读id,地址为0,4线传输数据_24位地址_4线传输地址_4线传输指令,无空周期,2个字节数据
..\Core\Src\w25qxx.c(314): warning:  #223-D: function "QSPI_Send_CMD" declared implicitly
  		QSPI_Send_CMD(W25X_ManufactDeviceID,0,0,QSPI_INSTRUCTION_1_LINE,QSPI_ADDRESS_1_LINE,QSPI_ADDRESS_24_BITS,QSPI_DATA_1_LINE);			//SPI,读id,地址为0,单线传输数据_24位地址_单线传输地址_单线传输指令,无空周期,2个字节数据
..\Core\Src\w25qxx.c(316): warning:  #223-D: function "QSPI_Receive" declared implicitly
  	QSPI_Receive(temp,2);
..\Core\Src\w25qxx.c(341): warning:  #223-D: function "QSPI_Send_CMD" declared implicitly
  	QSPI_Send_CMD(W25X_FastReadData,ReadAddr,8,QSPI_INSTRUCTION_4_LINES,QSPI_ADDRESS_4_LINES,QSPI_ADDRESS_24_BITS,QSPI_DATA_4_LINES);	//QPI,快速读数据,地址为ReadAddr,4线传输数据_24位地址_4线传输地址_4线传输指令,8空周期,NumByteToRead个数据
..\Core\Src\w25qxx.c(342): warning:  #223-D: function "QSPI_Receive" declared implicitly
  	QSPI_Receive(pBuffer,NumByteToRead); 
..\Core\Src\w25qxx.c(367): warning:  #223-D: function "QSPI_Send_CMD" declared implicitly
  	QSPI_Send_CMD(W25X_PageProgram,WriteAddr,0,QSPI_INSTRUCTION_4_LINES,QSPI_ADDRESS_4_LINES,QSPI_ADDRESS_24_BITS,QSPI_DATA_4_LINES);	//QPI,页写指令,地址为WriteAddr,4线传输数据_24位地址_4线传输地址_4线传输指令,无空周期,NumByteToWrite个数据
..\Core\Src\w25qxx.c(368): warning:  #223-D: function "QSPI_Transmit" declared implicitly
  	QSPI_Transmit(pBuffer,NumByteToWrite);	         	      
..\Core\Src\w25qxx.c(510): warning:  #223-D: function "QSPI_Send_CMD" declared implicitly
  	  QSPI_Send_CMD(W25X_ChipErase,0,0,QSPI_INSTRUCTION_4_LINES,QSPI_ADDRESS_NONE,QSPI_ADDRESS_8_BITS,QSPI_DATA_NONE);//QPI,写全片擦除指令,地址为0,无数据_8位地址_无地址_4线传输指令,无空周期,0个字节数据
..\Core\Src\w25qxx.c(536): warning:  #223-D: function "QSPI_Send_CMD" declared implicitly
  	  QSPI_Send_CMD(W25X_SectorErase,Dst_Addr,0,QSPI_INSTRUCTION_4_LINES,QSPI_ADDRESS_4_LINES,QSPI_ADDRESS_24_BITS,QSPI_DATA_NONE);//QPI,写扇区擦除指令,地址为0,无数据_24位地址_4线传输地址_4线传输指令,无空周期,0个字节数据
..\Core\Src\w25qxx.c: 23 warnings, 0 errors
compiling main.c...
../Core/Src/main.c(173): warning:  #223-D: function "sprintf" declared implicitly
  		sprintf((char*)Textbuf,"SD Card Size: %u MB",SDCardInfo.CardCapacity>>20); //显示无符号十进制整数		
../Core/Src/main.c(211): warning:  #223-D: function "KEY_Scan" declared implicitly
  		key_F=KEY_Scan(0); 		//得到键值   //按键扫描测试函数
../Core/Src/main.c: 2 warnings, 0 errors
linking...
Program Size: Code=56490 RO-data=15214 RW-data=176 ZI-data=497968  
FromELF: creating hex file...
"AI-Deployment-Test\AI-Deployment-Test.axf" - 0 Error(s), 25 Warning(s).

<h2>Software Packages used:</h2>

Package Vendor: ARM
                https://www.keil.com/pack/ARM.CMSIS.6.1.0.pack
                ARM::CMSIS@6.1.0
                CMSIS (Common Microcontroller Software Interface Standard)
   * Component: CORE Version: 6.1.0

Package Vendor: Keil
                https://www.keil.com/pack/Keil.STM32H7xx_DFP.3.1.1.pack
                Keil::STM32H7xx_DFP@3.1.1
                STMicroelectronics STM32H7 Series Device Support and Examples

<h2>Collection of Component include folders:</h2>
  ./RTE/_AI-Deployment-Test
  D:/applications/Keil 5/ARM/PACK/ARM/CMSIS/6.1.0/CMSIS/Core/Include
  D:/applications/Keil 5/ARM/PACK/Keil/STM32H7xx_DFP/3.1.1/Drivers/CMSIS/Device/ST/STM32H7xx/Include

<h2>Collection of Component Files used:</h2>

   * Component: ARM::CMSIS:CORE@6.1.0
      Include file:  CMSIS/Core/Include/tz_context.h
Build Time Elapsed:  00:00:09
</pre>
</body>
</html>
