Component: ARM Compiler 5.06 update 6 (build 750) Tool: armlink [4d35ed]

==============================================================================

Section Cross References

    startup_stm32h750xx.o(RESET) refers to startup_stm32h750xx.o(STACK) for __initial_sp
    startup_stm32h750xx.o(RESET) refers to startup_stm32h750xx.o(.text) for Reset_Handler
    startup_stm32h750xx.o(RESET) refers to stm32h7xx_it.o(i.NMI_Handler) for NMI_Handler
    startup_stm32h750xx.o(RESET) refers to stm32h7xx_it.o(i.HardFault_Handler) for HardFault_Handler
    startup_stm32h750xx.o(RESET) refers to stm32h7xx_it.o(i.MemManage_Handler) for MemManage_Handler
    startup_stm32h750xx.o(RESET) refers to stm32h7xx_it.o(i.BusFault_Handler) for BusFault_Handler
    startup_stm32h750xx.o(RESET) refers to stm32h7xx_it.o(i.UsageFault_Handler) for UsageFault_Handler
    startup_stm32h750xx.o(RESET) refers to stm32h7xx_it.o(i.SVC_Handler) for SVC_Handler
    startup_stm32h750xx.o(RESET) refers to stm32h7xx_it.o(i.DebugMon_Handler) for DebugMon_Handler
    startup_stm32h750xx.o(RESET) refers to stm32h7xx_it.o(i.PendSV_Handler) for PendSV_Handler
    startup_stm32h750xx.o(RESET) refers to stm32h7xx_it.o(i.SysTick_Handler) for SysTick_Handler
    startup_stm32h750xx.o(RESET) refers to stm32h7xx_it.o(i.DMA1_Stream0_IRQHandler) for DMA1_Stream0_IRQHandler
    startup_stm32h750xx.o(RESET) refers to stm32h7xx_it.o(i.DMA1_Stream1_IRQHandler) for DMA1_Stream1_IRQHandler
    startup_stm32h750xx.o(RESET) refers to stm32h7xx_it.o(i.USART1_IRQHandler) for USART1_IRQHandler
    startup_stm32h750xx.o(RESET) refers to stm32h7xx_it.o(i.USART2_IRQHandler) for USART2_IRQHandler
    startup_stm32h750xx.o(RESET) refers to stm32h7xx_it.o(i.USART3_IRQHandler) for USART3_IRQHandler
    startup_stm32h750xx.o(RESET) refers to stm32h7xx_it.o(i.SDMMC1_IRQHandler) for SDMMC1_IRQHandler
    startup_stm32h750xx.o(RESET) refers to stm32h7xx_it.o(i.UART4_IRQHandler) for UART4_IRQHandler
    startup_stm32h750xx.o(RESET) refers to stm32h7xx_it.o(i.DCMI_IRQHandler) for DCMI_IRQHandler
    startup_stm32h750xx.o(RESET) refers to stm32h7xx_it.o(i.UART7_IRQHandler) for UART7_IRQHandler
    startup_stm32h750xx.o(.text) refers to system_stm32h7xx.o(i.SystemInit) for SystemInit
    startup_stm32h750xx.o(.text) refers to entry.o(.ARM.Collect$$$$00000000) for __main
    ov_frame.o(i.HAL_DCMI_FrameEventCallback) refers to stm32h7xx_hal_dcmi.o(i.HAL_DCMI_Suspend) for HAL_DCMI_Suspend
    ov_frame.o(i.HAL_DCMI_FrameEventCallback) refers to stm32h7xx_hal_dcmi.o(i.HAL_DCMI_Stop) for HAL_DCMI_Stop
    ov_frame.o(i.HAL_DCMI_FrameEventCallback) refers to ov_frame.o(.data) for Get_Picture
    ov_frame.o(i.JPEG_mode) refers to usart.o(i.USART1_BaudRate_Init) for USART1_BaudRate_Init
    ov_frame.o(i.JPEG_mode) refers to lcd.o(i.LCD_Clear) for LCD_Clear
    ov_frame.o(i.JPEG_mode) refers to text.o(i.Draw_Font16B) for Draw_Font16B
    ov_frame.o(i.JPEG_mode) refers to ov5640.o(i.OV5640_Focus_Init) for OV5640_Focus_Init
    ov_frame.o(i.JPEG_mode) refers to delay.o(i.delay_ms) for delay_ms
    ov_frame.o(i.JPEG_mode) refers to ov5640.o(i.OV5640_JPEG_Mode) for OV5640_JPEG_Mode
    ov_frame.o(i.JPEG_mode) refers to ov5640.o(i.OV5640_Light_Mode) for OV5640_Light_Mode
    ov_frame.o(i.JPEG_mode) refers to ov5640.o(i.OV5640_Color_Saturation) for OV5640_Color_Saturation
    ov_frame.o(i.JPEG_mode) refers to ov5640.o(i.OV5640_Brightness) for OV5640_Brightness
    ov_frame.o(i.JPEG_mode) refers to ov5640.o(i.OV5640_Contrast) for OV5640_Contrast
    ov_frame.o(i.JPEG_mode) refers to ov5640.o(i.OV5640_Sharpness) for OV5640_Sharpness
    ov_frame.o(i.JPEG_mode) refers to ov5640.o(i.OV5640_Focus_Constant) for OV5640_Focus_Constant
    ov_frame.o(i.JPEG_mode) refers to ov5640.o(i.OV5640_OutSize_Set) for OV5640_OutSize_Set
    ov_frame.o(i.JPEG_mode) refers to ov_frame.o(i.Start_OV5640_JPEG) for Start_OV5640_JPEG
    ov_frame.o(i.JPEG_mode) refers to stm32h7xx_hal_gpio.o(i.HAL_GPIO_TogglePin) for HAL_GPIO_TogglePin
    ov_frame.o(i.JPEG_mode) refers to key.o(i.KEY_Scan) for KEY_Scan
    ov_frame.o(i.JPEG_mode) refers to printf8.o(i.__0sprintf$8) for __2sprintf
    ov_frame.o(i.JPEG_mode) refers to ov5640.o(i.OV5640_Focus_Single) for OV5640_Focus_Single
    ov_frame.o(i.JPEG_mode) refers to ov_frame.o(.RAM_D2) for Print_buf
    ov_frame.o(i.JPEG_mode) refers to ov_frame.o(.constdata) for jpeg_img_size_tbl
    ov_frame.o(i.JPEG_mode) refers to dcmi.o(.bss) for hdcmi
    ov_frame.o(i.JPEG_mode) refers to ov_frame.o(.data) for Get_Picture
    ov_frame.o(i.OV_Camera_Demo) refers to text.o(i.Draw_Font16B) for Draw_Font16B
    ov_frame.o(i.OV_Camera_Demo) refers to stm32h7xx_hal_gpio.o(i.HAL_GPIO_TogglePin) for HAL_GPIO_TogglePin
    ov_frame.o(i.OV_Camera_Demo) refers to delay.o(i.delay_ms) for delay_ms
    ov_frame.o(i.OV_Camera_Demo) refers to ov_frame.o(i.RGB565_mode) for RGB565_mode
[...]
    __set_errno                              0x0800e391   Thumb Code     6  errno.o(i.__set_errno)
    _ai_platform_acquire_crc                 0x0800e3af   Thumb Code     4  ai_platform_interface.o(i._ai_platform_acquire_crc)
    _ai_platform_release_crc                 0x0800e495   Thumb Code     2  ai_platform_interface.o(i._ai_platform_release_crc)
    aiRun                                    0x0800fc4d   Thumb Code    54  main.o(i.aiRun)
    ai_Init                                  0x0800fc91   Thumb Code    72  main.o(i.ai_Init)
    ai_array_get_byte_size                   0x0800fced   Thumb Code    60  ai_datatypes_format.o(i.ai_array_get_byte_size)
    ai_array_get_data_byte_size              0x0800fd29   Thumb Code    30  ai_datatypes_format.o(i.ai_array_get_data_byte_size)
    ai_array_to_buffer_fmt                   0x0800fd49   Thumb Code   246  ai_datatypes_format.o(i.ai_array_to_buffer_fmt)
    ai_buffer_array_item_set_address         0x0800fe75   Thumb Code    36  ai_platform.o(i.ai_buffer_array_item_set_address)
    ai_buffer_array_sane                     0x0800fe99   Thumb Code    18  ai_platform.o(i.ai_buffer_array_sane)
    ai_buffer_get_size                       0x0800fead   Thumb Code    96  ai_platform.o(i.ai_buffer_get_size)
    ai_check_custom_types                    0x0800ff15   Thumb Code    38  layers.o(i.ai_check_custom_types)
    ai_layers_forward_all                    0x0800ff41   Thumb Code    80  layers.o(i.ai_layers_forward_all)
    ai_layers_init_all                       0x0800ff91   Thumb Code    30  layers.o(i.ai_layers_init_all)
    ai_layers_post_init_all                  0x0800ffaf   Thumb Code    54  layers.o(i.ai_layers_post_init_all)
    ai_network_create                        0x0800ffe5   Thumb Code    30  network.o(i.ai_network_create)
    ai_network_create_and_init               0x08010009   Thumb Code   130  network.o(i.ai_network_create_and_init)
    ai_network_data_params_get               0x0801008d   Thumb Code    42  network_data.o(i.ai_network_data_params_get)
    ai_network_get_error                     0x080100bd   Thumb Code    14  network.o(i.ai_network_get_error)
    ai_network_init                          0x080100cb   Thumb Code    60  network.o(i.ai_network_init)
    ai_network_inputs_get                    0x08010109   Thumb Code    24  network.o(i.ai_network_inputs_get)
    ai_network_outputs_get                   0x08010129   Thumb Code    24  network.o(i.ai_network_outputs_get)
    ai_network_run                           0x08010149   Thumb Code    20  network.o(i.ai_network_run)
    ai_padding_opt_init                      0x0801015d   Thumb Code   174  st_padding_opt.o(i.ai_padding_opt_init)
    ai_padding_opt_phase1                    0x0801020b   Thumb Code    48  st_padding_opt.o(i.ai_padding_opt_phase1)
    ai_platform_bind_network_params          0x08010261   Thumb Code    38  ai_platform_interface.o(i.ai_platform_bind_network_params)
    ai_platform_context_acquire              0x0801028d   Thumb Code    24  ai_platform_interface.o(i.ai_platform_context_acquire)
    ai_platform_get_activations_map          0x080102a9   Thumb Code    38  ai_platform_interface.o(i.ai_platform_get_activations_map)
    ai_platform_get_weights_map              0x080102d5   Thumb Code    36  ai_platform_interface.o(i.ai_platform_get_weights_map)
    ai_platform_inputs_get                   0x080102fd   Thumb Code    66  ai_platform_interface.o(i.ai_platform_inputs_get)
    ai_platform_interface_api_get_version    0x08010341   Thumb Code    14  ai_platform_interface.o(i.ai_platform_interface_api_get_version)
    ai_platform_network_create               0x08010355   Thumb Code   168  ai_platform_interface.o(i.ai_platform_network_create)
    ai_platform_network_get_error            0x08010409   Thumb Code    24  ai_platform_interface.o(i.ai_platform_network_get_error)
    ai_platform_network_init                 0x08010425   Thumb Code   256  ai_platform_interface.o(i.ai_platform_network_init)
    ai_platform_network_post_init            0x08010531   Thumb Code    70  ai_platform_interface.o(i.ai_platform_network_post_init)
    ai_platform_network_process              0x08010577   Thumb Code    84  ai_platform_interface.o(i.ai_platform_network_process)
    ai_platform_network_set_error            0x080105cb   Thumb Code    12  ai_platform_interface.o(i.ai_platform_network_set_error)
    ai_platform_outputs_get                  0x080105d7   Thumb Code    72  ai_platform_interface.o(i.ai_platform_outputs_get)
    ai_sum_buffer_INT8                       0x080106dd   Thumb Code   926  ai_math_helpers.o(i.ai_sum_buffer_INT8)
    ai_sum_f32                               0x08010a7b   Thumb Code    18  ai_math_helpers.o(i.ai_sum_f32)
    ai_version_get                           0x08010a8d   Thumb Code    12  ai_datatypes_internal.o(i.ai_version_get)
    align_factor                             0x08010a99   Thumb Code   140  st_convolve_reference.o(i.align_factor)
    align_factor_ch                          0x08010b2d   Thumb Code    76  st_convolve_reference.o(i.align_factor_ch)
    arm_float_to_q15                         0x08010b79   Thumb Code   236  arm_float_to_q15.o(i.arm_float_to_q15)
    arm_float_to_q7                          0x08010c69   Thumb Code   248  arm_float_to_q7.o(i.arm_float_to_q7)
    arm_q15_to_float                         0x08010d65   Thumb Code   136  arm_q15_to_float.o(i.arm_q15_to_float)
    arm_q7_to_float                          0x08010df1   Thumb Code   136  arm_q7_to_float.o(i.arm_q7_to_float)
    copy_rgb_to_in_data                      0x08010e7d   Thumb Code   158  main.o(i.copy_rgb_to_in_data)
    core_compute_offsets                     0x08010f29   Thumb Code   344  core_utils.o(i.core_compute_offsets)
    core_get_broadcasted_shape               0x08011085   Thumb Code    96  core_utils.o(i.core_get_broadcasted_shape)
    core_get_error                           0x080110e5   Thumb Code    12  core_common.o(i.core_get_error)
    core_init                                0x080110f1   Thumb Code     4  core_common.o(i.core_init)
    core_set_error                           0x08011131   Thumb Code    26  core_common.o(i.core_set_error)
    delay_ms                                 0x0801114b   Thumb Code    12  delay.o(i.delay_ms)
    forward_ap_integer_INT8                  0x08011157   Thumb Code   176  layers_pool_stm32_integer.o(i.forward_ap_integer_INT8)
    forward_conv2d_rgb_sssa8_ch              0x08011209   Thumb Code   642  layers_conv2d_rgb_sssa8_ch.o(i.forward_conv2d_rgb_sssa8_ch)
    forward_dense_integer_SSSA               0x08011495   Thumb Code   434  layers_conv2d_stm32_integer.o(i.forward_dense_integer_SSSA)
    forward_dw_3x3_sssa8_ch                  0x0801164d   Thumb Code   600  layers_dw_sssa8_ch.o(i.forward_dw_3x3_sssa8_ch)
    forward_eltwise_integer_INT8             0x080118ad   Thumb Code   854  layers_stm32_integer.o(i.forward_eltwise_integer_INT8)
    forward_lite_conv2d_rgb_sssa8_ch         0x08011c11   Thumb Code   896  forward_lite_conv2d_sssa8_ch.o(i.forward_lite_conv2d_rgb_sssa8_ch)
    forward_lite_dw_3x3_sssa8_ch             0x08011f91   Thumb Code  1074  forward_lite_dw_sssa8_ch.o(i.forward_lite_dw_3x3_sssa8_ch)
    forward_lite_nl_softmax_is8os8           0x080123c3   Thumb Code    74  lite_nl_generic_integer.o(i.forward_lite_nl_softmax_is8os8)
    forward_lite_nl_softmax_iu8ou8           0x0801240d   Thumb Code    74  lite_nl_generic_integer.o(i.forward_lite_nl_softmax_iu8ou8)
    forward_lite_node_convert_integer_is8ou8 0x08012457   Thumb Code    74  forward_lite_convert.o(i.forward_lite_node_convert_integer_is8ou8)
    forward_lite_node_convert_integer_is8ou8_fast 0x080124a1   Thumb Code    74  forward_lite_convert.o(i.forward_lite_node_convert_integer_is8ou8_fast)
    forward_lite_node_convert_integer_iu8os8 0x080124ed   Thumb Code    90  forward_lite_convert.o(i.forward_lite_node_convert_integer_iu8os8)
    forward_lite_node_convert_integer_iu8os8_fast 0x0801254d   Thumb Code    82  forward_lite_convert.o(i.forward_lite_node_convert_integer_iu8os8_fast)
    forward_lite_node_convert_integer_iu8ou8 0x0801259f   Thumb Code    74  forward_lite_convert.o(i.forward_lite_node_convert_integer_iu8ou8)
    forward_lite_pad_8bit_ch1st_3x3_constant 0x080125e9   Thumb Code   272  forward_lite_pad_generic.o(i.forward_lite_pad_8bit_ch1st_3x3_constant)
    forward_lite_pad_constant                0x080126f9   Thumb Code   232  forward_lite_pad_generic.o(i.forward_lite_pad_constant)
    forward_lite_pad_edge                    0x080127e1   Thumb Code   168  forward_lite_pad_generic.o(i.forward_lite_pad_edge)
    forward_lite_pad_reflect                 0x08012889   Thumb Code   236  forward_lite_pad_generic.o(i.forward_lite_pad_reflect)
    forward_lite_pw_sssa8_ch                 0x08012975   Thumb Code   266  forward_lite_pw_sssa8_ch.o(i.forward_lite_pw_sssa8_ch)
    forward_pad                              0x08012a7f   Thumb Code    34  layers_generic_float.o(i.forward_pad)
    forward_pad_8bit_ch1st_3x3_constant      0x08012aa1   Thumb Code   120  layers_pad_generic.o(i.forward_pad_8bit_ch1st_3x3_constant)
    forward_pad_constant                     0x08012b19   Thumb Code   180  layers_pad_generic.o(i.forward_pad_constant)
    forward_pad_edge                         0x08012bcd   Thumb Code   158  layers_pad_generic.o(i.forward_pad_edge)
    forward_pad_reflect                      0x08012c6b   Thumb Code   216  layers_pad_generic.o(i.forward_pad_reflect)
    forward_pw_sssa8_ch                      0x08012d45   Thumb Code   682  layers_pw_sssa8_ch.o(i.forward_pw_sssa8_ch)
    forward_sm_integer                       0x08012ff9   Thumb Code   196  layers_nl_stm32_integer.o(i.forward_sm_integer)
    get_tensor_byte_size                     0x080130c9   Thumb Code    34  ai_datatypes_internal.o(i.get_tensor_byte_size)
    main                                     0x080130f1   Thumb Code   456  main.o(i.main)
    node_convert                             0x08015731   Thumb Code   318  core_convert.o(i.node_convert)
    node_convert_integer                     0x08015871   Thumb Code   496  core_convert.o(i.node_convert_integer)
    pool_func_ap_array_integer_INT8          0x08015a69   Thumb Code   206  layers_pool_stm32_integer.o(i.pool_func_ap_array_integer_INT8)
    st_dw_sssa8_ch_Wadapt                    0x08015b3d   Thumb Code   262  forward_lite_dw_sssa8_ch.o(i.st_dw_sssa8_ch_Wadapt)
    st_int8_avepool                          0x08015c45   Thumb Code   344  st_int8_pool.o(i.st_int8_avepool)
    st_int8_copy                             0x08015da1   Thumb Code   132  st_int8_fill.o(i.st_int8_copy)
    st_int8_fill                             0x08015e25   Thumb Code    92  st_int8_fill.o(i.st_int8_fill)
    st_int8_reordered_no_shift_zero          0x08015e81   Thumb Code    78  st_int8_reordered_no_shift.o(i.st_int8_reordered_no_shift_zero)
    st_int8_to16_dual                        0x08015ed1   Thumb Code   592  st_int8_to16_no_shift.o(i.st_int8_to16_dual)
    st_sssa8_ch_1_output_mgt                 0x08016121   Thumb Code    68  st_sssa8_ch_nn_mat_mult_nt_t.o(i.st_sssa8_ch_1_output_mgt)
    st_sssa8_ch_2_output_mgt                 0x08016165   Thumb Code   122  st_sssa8_ch_nn_mat_mult_nt_t.o(i.st_sssa8_ch_2_output_mgt)
    st_sssa8_ch_convolve_rank1upd            0x080161e1   Thumb Code   168  st_sssa8_ch_convolve.o(i.st_sssa8_ch_convolve_rank1upd)
    st_sssa8_ch_fullW_prefetch               0x08016289   Thumb Code    86  st_sssa8_ch_nn_mat_mult_nt_t.o(i.st_sssa8_ch_fullW_prefetch)
    st_sssa8_ch_nn_mat_mult_kernel_opt       0x080162e1   Thumb Code  1806  st_sssa8_ch_nn_mat_mult_kernel_opt.o(i.st_sssa8_ch_nn_mat_mult_kernel_opt)
    st_sssa8_ch_nn_mat_mult_kernel_single_opt 0x080169f1   Thumb Code   906  st_sssa8_ch_nn_mat_mult_kernel_opt.o(i.st_sssa8_ch_nn_mat_mult_kernel_single_opt)
    st_sssa8_ch_nn_mat_mult_nt_t             0x08016d7d   Thumb Code  1646  st_sssa8_ch_nn_mat_mult_nt_t.o(i.st_sssa8_ch_nn_mat_mult_nt_t)
    st_sssa8_fully_connected                 0x080173ed   Thumb Code  1086  st_sssa8_dense.o(i.st_sssa8_fully_connected)
    weights_2channels_prefetch               0x0801782d   Thumb Code   400  st_sssa8_ch_nn_mat_mult_nt_t.o(i.weights_2channels_prefetch)
    weights_offset_contribution_calc         0x080179bd   Thumb Code   138  st_sssa8_ch_nn_mat_mult_nt_t.o(i.weights_offset_contribution_calc)
    jpeg_img_size_tbl                        0x08017a46   Data          48  ov_frame.o(.constdata)
    OV5640_jpeg_reg_tbl                      0x08017a76   Data         164  ov5640.o(.constdata)
    ov5640_rgb565_reg_tbl                    0x08017b1a   Data         180  ov5640.o(.constdata)
    ov5640_uxga_init_reg_tbl                 0x08017bce   Data         828  ov5640.o(.constdata)
    OV5640_AF_Config                         0x08017f0a   Data        4077  ov5640.o(.constdata)
    UARTPrescTable                           0x08018f90   Data          24  stm32h7xx_hal_uart.o(.constdata)
    D1CorePrescTable                         0x08018fb8   Data          16  system_stm32h7xx.o(.constdata)
    asc2_1206                                0x08018fc8   Data        1140  font.o(.constdata)
    asc2_1608                                0x0801943c   Data        1520  font.o(.constdata)
    asc2_2412                                0x08019a2c   Data        3420  font.o(.constdata)
    hz16                                     0x0801a788   Data        2006  font.o(.constdata)
    hz24                                     0x0801af5e   Data         740  font.o(.constdata)
    Region$$Table$$Base                      0x0802534c   Number         0  anon$$obj.o(Region$$Table)
    Region$$Table$$Limit                     0x0802537c   Number         0  anon$$obj.o(Region$$Table)
    Print_buf                                0x20000000   Data          48  ov_frame.o(.RAM_D2)
    Key_Flag                                 0x20000030   Data           1  ov_frame.o(.RAM_D2)
    se                                       0x20000040   Data          60  main.o(.RAM_D2)
    rx_data                                  0x2000007c   Data           5  main.o(.RAM_D2)
    Mode_Flag                                0x20000084   Data           4  main.o(.RAM_D2)
    Print_Flag                               0x20000088   Data           4  main.o(.RAM_D2)
    Pay_Flag                                 0x2000008c   Data           4  main.o(.RAM_D2)
    Scan_Flag                                0x20000090   Data           4  main.o(.RAM_D2)
    Judge_Flag                               0x20000094   Data           4  main.o(.RAM_D2)
    Weight                                   0x20000098   Data           2  main.o(.RAM_D2)
    Type                                     0x2000009a   Data           2  main.o(.RAM_D2)
    Sig_Money                                0x2000009c   Data           2  main.o(.RAM_D2)
    OV_mode                                  0x24000000   Data           1  ov_frame.o(.data)
    yoffset                                  0x24000002   Data           2  ov_frame.o(.data)
    curline                                  0x24000004   Data           2  ov_frame.o(.data)
    TData                                    0x24000008   Data           4  ov_frame.o(.data)
    Get_Picture                              0x2400000c   Data           1  ov_frame.o(.data)
    JPEG_CharSize                            0x24000010   Data           4  ov_frame.o(.data)
    JPEG_File_Length                         0x24000014   Data           4  ov_frame.o(.data)
    P_data                                   0x24000018   Data           4  ov_frame.o(.data)
    i                                        0x2400001c   Data           4  ov_frame.o(.data)
    jpgstart                                 0x24000020   Data           4  ov_frame.o(.data)
    jpglen                                   0x24000024   Data           4  ov_frame.o(.data)
    Num_Dot                                  0x24000028   Data           2  ov_frame.o(.data)
    Num_H                                    0x2400002a   Data           2  ov_frame.o(.data)
    R_Buf                                    0x2400002c   Data           4  ov_frame.o(.data)
    Key_N                                    0x24000030   Data           1  ov_frame.o(.data)
    T_Num                                    0x24000031   Data           1  ov_frame.o(.data)
    Camera_ID                                0x24000032   Data           2  ov5640.o(.data)
    W25QXX_TYPE                              0x2400003c   Data           2  w25qxx.o(.data)
    W25QXX_QPI_MODE                          0x2400003e   Data           1  w25qxx.o(.data)
    key                                      0x24000040   Data           1  key.o(.data)
    LED2_sta                                 0x24000041   Data           1  key.o(.data)
    USB_STA                                  0x24000044   Data           1  main.o(.data)
    Divece_STA                               0x24000045   Data           1  main.o(.data)
    tct                                      0x24000046   Data           1  main.o(.data)
    offline_cnt                              0x24000047   Data           1  main.o(.data)
    key_F                                    0x24000048   Data           1  main.o(.data)
    test                                     0x2400004c   Data           4  main.o(.data)
    Money                                    0x24000050   Data           2  main.o(.data)
    ai_result                                0x24000052   Data           2  main.o(.data)
    aRxBuffer                                0x24000060   Data           1  usart.o(.data)
    uwTick                                   0x24000064   Data           4  stm32h7xx_hal.o(.data)
    uwTickPrio                               0x24000068   Data           4  stm32h7xx_hal.o(.data)
    uwTickFreq                               0x2400006c   Data           1  stm32h7xx_hal.o(.data)
    SystemCoreClock                          0x24000070   Data           4  system_stm32h7xx.o(.data)
    SystemD2Clock                            0x24000074   Data           4  system_stm32h7xx.o(.data)
    POINT_COLOR                              0x24000078   Data           2  lcd.o(.data)
    BACK_COLOR                               0x2400007a   Data           2  lcd.o(.data)
    D_Color                                  0x2400007c   Data           2  lcd.o(.data)
    B_Color                                  0x2400007e   Data           2  lcd.o(.data)
    g_network_data_map_activations           0x24008004   Data          28  network_data.o(.data)
    g_network_data_map_weights               0x24008020   Data          28  network_data.o(.data)
    SDCardInfo                               0x24008060   Data          88  sdmmc_sdcard.o(.bss)
    SDMMC_DATA_BUFFER                        0x240080b8   Data         512  sdmmc_sdcard.o(.bss)
    hcrc                                     0x240082b8   Data          36  crc.o(.bss)
    hdcmi                                    0x240082dc   Data          80  dcmi.o(.bss)
    hdma_dcmi                                0x2400832c   Data         120  dcmi.o(.bss)
    hdma_memtomem_dma1_stream0               0x240083a4   Data         120  dma.o(.bss)
    hqspi                                    0x2400841c   Data          76  quadspi.o(.bss)
    hsd1                                     0x24008468   Data         124  sdmmc.o(.bss)
    hspi2                                    0x240084e4   Data         136  spi.o(.bss)
    huart4                                   0x2400856c   Data         148  usart.o(.bss)
    huart7                                   0x24008600   Data         148  usart.o(.bss)
    huart1                                   0x24008694   Data         148  usart.o(.bss)
    huart2                                   0x24008728   Data         148  usart.o(.bss)
    huart3                                   0x240087bc   Data         148  usart.o(.bss)
    lcddev                                   0x24008850   Data          14  lcd.o(.bss)
    RGB_DATA                                 0x24009000   Data       32768  ov_frame.o(.ARM.__AT_0x24009000)
    Textbuf                                  0x24079200   Data          32  main.o(.bss)
    __initial_sp                             0x24079a20   Data           0  startup_stm32h750xx.o(STACK)



==============================================================================

Memory Map of the image

  Image Entry point : 0x08000299

  Load Region LR_IROM1 (Base: 0x08000000, Size: 0x0002d47c, Max: 0x00200000, ABSOLUTE, COMPRESSED[0x00027d48])

    Execution Region ER_IROM1 (Exec base: 0x08000000, Load base: 0x08000000, Size: 0x0002537c, Max: 0x00200000, ABSOLUTE)

    Exec Addr    Load Addr    Size         Type   Attr      Idx    E Section Name        Object

    0x08000000   0x08000000   0x00000298   Data   RO            3    RESET               startup_stm32h750xx.o
    0x08000298   0x08000298   0x00000000   Code   RO         8867  * .ARM.Collect$$$$00000000  mc_w.l(entry.o)
    0x08000298   0x08000298   0x00000004   Code   RO         9191    .ARM.Collect$$$$00000001  mc_w.l(entry2.o)
    0x0800029c   0x0800029c   0x00000004   Code   RO         9194    .ARM.Collect$$$$00000004  mc_w.l(entry5.o)
    0x080002a0   0x080002a0   0x00000000   Code   RO         9196    .ARM.Collect$$$$00000008  mc_w.l(entry7b.o)
    0x080002a0   0x080002a0   0x00000000   Code   RO         9198    .ARM.Collect$$$$0000000A  mc_w.l(entry8b.o)
    0x080002a0   0x080002a0   0x00000008   Code   RO         9199    .ARM.Collect$$$$0000000B  mc_w.l(entry9a.o)
    0x080002a8   0x080002a8   0x00000000   Code   RO         9201    .ARM.Collect$$$$0000000D  mc_w.l(entry10a.o)
    0x080002a8   0x080002a8   0x00000000   Code   RO         9203    .ARM.Collect$$$$0000000F  mc_w.l(entry11a.o)
    0x080002a8   0x080002a8   0x00000004   Code   RO         9192    .ARM.Collect$$$$00002712  mc_w.l(entry2.o)
    0x080002ac   0x080002ac   0x00000024   Code   RO            4    .text               startup_stm32h750xx.o
    0x080002d0   0x080002d0   0x00000062   Code   RO         8870    .text               mc_w.l(uldiv.o)
    0x08000332   0x08000332   0x00000062   Code   RO         8872    .text               mc_w.l(ldiv.o)
    0x08000394   0x08000394   0x00000024   Code   RO         8874    .text               mc_w.l(memcpya.o)
    0x080003b8   0x080003b8   0x00000024   Code   RO         8876    .text               mc_w.l(memseta.o)
    0x080003dc   0x080003dc   0x0000001a   Code   RO         8880    .text               mc_w.l(memcmp.o)
    0x080003f6   0x080003f6   0x00000042   Code   RO         9173    .text               mf_w.l(ffixl.o)
    0x08000438   0x08000438   0x0000001e   Code   RO         9210    .text               mc_w.l(llshl.o)
    0x08000456   0x08000456   0x00000020   Code   RO         9212    .text               mc_w.l(llushr.o)
    0x08000476   0x08000476   0x00000000   Code   RO         9223    .text               mc_w.l(iusefp.o)
    0x08000476   0x08000476   0x00000004   Code   RO         9238    .text               mf_w.l(fpstat.o)
    0x0800047a   0x0800047a   0x00000002   PAD
    0x0800047c   0x0800047c   0x00000024   Code   RO         9240    .text               mc_w.l(init.o)
    0x080004a0   0x080004a0   0x00000056   Code   RO         9258    .text               mc_w.l(__dczerorl2.o)
    0x080004f6   0x080004f6   0x00000004   Code   RO         1574    i.BusFault_Handler  stm32h7xx_it.o
    0x080004fa   0x080004fa   0x00000002   PAD
    0x080004fc   0x080004fc   0x000000f8   Code   RO         6976    i.CRC_Is_Enabled    NetworkRuntime810_CM7_Keil.lib(ai_platform_interface.o)
    0x080005f4   0x080005f4   0x000000f8   Code   RO         6977    i.CRC_Lock          NetworkRuntime810_CM7_Keil.lib(ai_platform_interface.o)
    0x080006ec   0x080006ec   0x00000288   Code   RO         1053    i.Camera_Init       task.o
    0x08000974   0x08000974   0x00000038   Code   RO          466    i.CmdError          sdmmc_sdcard.o
    0x080009ac   0x080009ac   0x0000005c   Code   RO          467    i.CmdResp1Error     sdmmc_sdcard.o
    0x08000a08   0x08000a08   0x00000060   Code   RO          468    i.CmdResp2Error     sdmmc_sdcard.o
    0x08000a68   0x08000a68   0x0000003c   Code   RO          469    i.CmdResp3Error     sdmmc_sdcard.o
    0x08000aa4   0x08000aa4   0x00000094   Code   RO          470    i.CmdResp6Error     sdmmc_sdcard.o
    0x08000b38   0x08000b38   0x00000054   Code   RO          471    i.CmdResp7Error     sdmmc_sdcard.o
    0x08000b8c   0x08000b8c   0x00000050   Code   RO         6608    i.Copy_HZK16        text.o
    0x08000bdc   0x08000bdc   0x0000005c   Code   RO         6609    i.Copy_HZK24        text.o
    0x08000c38   0x08000c38   0x00000016   Code   RO         6610    i.Copy_Mem          text.o
    0x08000c4e   0x08000c4e   0x00000024   Code   RO         4297    i.DCMI_DMAError     stm32h7xx_hal_dcmi.o
    0x08000c72   0x08000c72   0x000000c4   Code   RO         4298    i.DCMI_DMAXferCplt  stm32h7xx_hal_dcmi.o
    0x08000d36   0x08000d36   0x00000002   PAD
    0x08000d38   0x08000d38   0x00000010   Code   RO         1575    i.DCMI_IRQHandler   stm32h7xx_it.o
    0x08000d48   0x08000d48   0x00000010   Code   RO         1576    i.DMA1_Stream0_IRQHandler  stm32h7xx_it.o
    0x08000d58   0x08000d58   0x00000030   Code   RO         1577    i.DMA1_Stream1_IRQHandler  stm32h7xx_it.o
    0x08000d88   0x08000d88   0x000000ec   Code   RO         2680    i.DMA_CalcBaseAndBitshift  stm32h7xx_hal_dma.o
    0x08000e74   0x08000e74   0x000000c4   Code   RO         2681    i.DMA_CalcDMAMUXChannelBaseAndMask  stm32h7xx_hal_dma.o
    0x08000f38   0x08000f38   0x00000098   Code   RO         2682    i.DMA_CalcDMAMUXRequestGenBaseAndMask  stm32h7xx_hal_dma.o
    0x08000fd0   0x08000fd0   0x000000ae   Code   RO         2683    i.DMA_CheckFifoParam  stm32h7xx_hal_dma.o
    0x0800107e   0x0800107e   0x00000002   PAD
    0x08001080   0x08001080   0x000000ec   Code   RO         2796    i.DMA_MultiBufferSetConfig  stm32h7xx_hal_dma_ex.o
    0x0800116c   0x0800116c   0x00000274   Code   RO         2684    i.DMA_SetConfig     stm32h7xx_hal_dma.o
    0x080013e0   0x080013e0   0x00000002   Code   RO         1578    i.DebugMon_Handler  stm32h7xx_it.o
    0x080013e2   0x080013e2   0x00000002   PAD
    0x080013e4   0x080013e4   0x00000040   Code   RO         6611    i.Draw_Font16B      text.o
    0x08001424   0x08001424   0x00000006   Code   RO         1132    i.Error_Handler     main.o
    0x0800142a   0x0800142a   0x00000002   PAD
    0x0800142c   0x0800142c   0x00000130   Code   RO          472    i.FindSCR           sdmmc_sdcard.o
    0x0800155c   0x0800155c   0x00000078   Code   RO         6613    i.Get_HzMat         text.o
    0x080015d4   0x080015d4   0x00000070   Code   RO         1946    i.HAL_CRCEx_Polynomial_Set  stm32h7xx_hal_crc_ex.o
    0x08001644   0x08001644   0x00000084   Code   RO         1880    i.HAL_CRC_Init      stm32h7xx_hal_crc.o
    0x080016c8   0x080016c8   0x00000030   Code   RO         1243    i.HAL_CRC_MspInit   crc.o
    0x080016f8   0x080016f8   0x00000002   Code   RO         4304    i.HAL_DCMI_ErrorCallback  stm32h7xx_hal_dcmi.o
    0x080016fa   0x080016fa   0x00000002   PAD
    0x080016fc   0x080016fc   0x0000001c   Code   RO           14    i.HAL_DCMI_FrameEventCallback  ov_frame.o
    0x08001718   0x08001718   0x000000b4   Code   RO         4308    i.HAL_DCMI_IRQHandler  stm32h7xx_hal_dcmi.o
    0x080017cc   0x080017cc   0x000000a0   Code   RO         4309    i.HAL_DCMI_Init     stm32h7xx_hal_dcmi.o
    0x0800186c   0x0800186c   0x00000002   Code   RO         4310    i.HAL_DCMI_LineEventCallback  stm32h7xx_hal_dcmi.o
    0x0800186e   0x0800186e   0x00000002   PAD
    0x08001870   0x08001870   0x000001d0   Code   RO         1285    i.HAL_DCMI_MspInit  dcmi.o
    0x08001a40   0x08001a40   0x00000120   Code   RO         4314    i.HAL_DCMI_Start_DMA  stm32h7xx_hal_dcmi.o
    0x08001b60   0x08001b60   0x00000090   Code   RO         4315    i.HAL_DCMI_Stop     stm32h7xx_hal_dcmi.o
    0x08001bf0   0x08001bf0   0x00000080   Code   RO         4316    i.HAL_DCMI_Suspend  stm32h7xx_hal_dcmi.o
    0x08001c70   0x08001c70   0x00000002   Code   RO         4317    i.HAL_DCMI_VsyncEventCallback  stm32h7xx_hal_dcmi.o
    0x08001c72   0x08001c72   0x00000002   PAD
    0x08001c74   0x08001c74   0x000000d0   Code   RO         2797    i.HAL_DMAEx_ChangeMemory  stm32h7xx_hal_dma_ex.o
    0x08001d44   0x08001d44   0x00000538   Code   RO         2804    i.HAL_DMAEx_MultiBufferStart_IT  stm32h7xx_hal_dma_ex.o
    0x0800227c   0x0800227c   0x000004dc   Code   RO         2685    i.HAL_DMA_Abort     stm32h7xx_hal_dma.o
    0x08002758   0x08002758   0x00000398   Code   RO         2686    i.HAL_DMA_Abort_IT  stm32h7xx_hal_dma.o
    0x08002af0   0x08002af0   0x00000006   Code   RO         2688    i.HAL_DMA_GetError  stm32h7xx_hal_dma.o
    0x08002af6   0x08002af6   0x00000008   Code   RO         2689    i.HAL_DMA_GetState  stm32h7xx_hal_dma.o
    0x08002afe   0x08002afe   0x00000002   PAD
    0x08002b00   0x08002b00   0x00000af8   Code   RO         2690    i.HAL_DMA_IRQHandler  stm32h7xx_hal_dma.o
    0x080035f8   0x080035f8   0x00000520   Code   RO         2691    i.HAL_DMA_Init      stm32h7xx_hal_dma.o
    0x08003b18   0x08003b18   0x000003e0   Code   RO         2695    i.HAL_DMA_Start_IT  stm32h7xx_hal_dma.o
    0x08003ef8   0x08003ef8   0x00000028   Code   RO         3394    i.HAL_Delay         stm32h7xx_hal.o
    0x08003f20   0x08003f20   0x00000178   Code   RO         2530    i.HAL_GPIO_DeInit   stm32h7xx_hal_gpio.o
    0x08004098   0x08004098   0x000001fc   Code   RO         2533    i.HAL_GPIO_Init     stm32h7xx_hal_gpio.o
    0x08004294   0x08004294   0x00000010   Code   RO         2535    i.HAL_GPIO_ReadPin  stm32h7xx_hal_gpio.o
    0x080042a4   0x080042a4   0x00000014   Code   RO         2536    i.HAL_GPIO_TogglePin  stm32h7xx_hal_gpio.o
    0x080042b8   0x080042b8   0x0000000c   Code   RO         2537    i.HAL_GPIO_WritePin  stm32h7xx_hal_gpio.o
    0x080042c4   0x080042c4   0x0000000c   Code   RO         3405    i.HAL_GetREVID      stm32h7xx_hal.o
    0x080042d0   0x080042d0   0x0000000c   Code   RO         3406    i.HAL_GetTick       stm32h7xx_hal.o
    0x080042dc   0x080042dc   0x00000034   Code   RO         4175    i.HAL_I2CEx_EnableFastModePlus  stm32h7xx_hal_i2c_ex.o
    0x08004310   0x08004310   0x00000018   Code   RO         3412    i.HAL_IncTick       stm32h7xx_hal.o
    0x08004328   0x08004328   0x00000060   Code   RO         3413    i.HAL_Init          stm32h7xx_hal.o
    0x08004388   0x08004388   0x00000058   Code   RO         3414    i.HAL_InitTick      stm32h7xx_hal.o
    0x080043e0   0x080043e0   0x00000024   Code   RO         1704    i.HAL_MspInit       stm32h7xx_hal_msp.o
    0x08004404   0x08004404   0x00000044   Code   RO         1733    i.HAL_NVIC_DisableIRQ  stm32h7xx_hal_cortex.o
    0x08004448   0x08004448   0x00000028   Code   RO         1734    i.HAL_NVIC_EnableIRQ  stm32h7xx_hal_cortex.o
    0x08004470   0x08004470   0x0000007a   Code   RO         1740    i.HAL_NVIC_SetPriority  stm32h7xx_hal_cortex.o
    0x080044ea   0x080044ea   0x00000002   PAD
    0x080044ec   0x080044ec   0x00000028   Code   RO         1741    i.HAL_NVIC_SetPriorityGrouping  stm32h7xx_hal_cortex.o
    0x08004514   0x08004514   0x00000060   Code   RO         3134    i.HAL_PWREx_ConfigSupply  stm32h7xx_hal_pwr_ex.o
    0x08004574   0x08004574   0x000000a4   Code   RO         4445    i.HAL_QSPI_Command  stm32h7xx_hal_qspi.o
    0x08004618   0x08004618   0x000000b0   Code   RO         4454    i.HAL_QSPI_Init     stm32h7xx_hal_qspi.o
    0x080046c8   0x080046c8   0x0000013c   Code   RO         1357    i.HAL_QSPI_MspInit  quadspi.o
    0x08004804   0x08004804   0x000000e4   Code   RO         4458    i.HAL_QSPI_Receive  stm32h7xx_hal_qspi.o
    0x080048e8   0x080048e8   0x00000004   Code   RO         4464    i.HAL_QSPI_SetTimeout  stm32h7xx_hal_qspi.o
    0x080048ec   0x080048ec   0x000000d4   Code   RO         4467    i.HAL_QSPI_Transmit  stm32h7xx_hal_qspi.o
    0x080049c0   0x080049c0   0x00000024   Code   RO         2096    i.HAL_RCCEx_GetD3PCLK1Freq  stm32h7xx_hal_rcc_ex.o
    0x080049e4   0x080049e4   0x00000230   Code   RO         2097    i.HAL_RCCEx_GetPLL1ClockFreq  stm32h7xx_hal_rcc_ex.o
    0x08004c14   0x08004c14   0x00000230   Code   RO         2098    i.HAL_RCCEx_GetPLL2ClockFreq  stm32h7xx_hal_rcc_ex.o
    0x08004e44   0x08004e44   0x00000230   Code   RO         2099    i.HAL_RCCEx_GetPLL3ClockFreq  stm32h7xx_hal_rcc_ex.o
    0x08005074   0x08005074   0x000008b0   Code   RO         2101    i.HAL_RCCEx_GetPeriphCLKFreq  stm32h7xx_hal_rcc_ex.o
    0x08005924   0x08005924   0x00000d68   Code   RO         2105    i.HAL_RCCEx_PeriphCLKConfig  stm32h7xx_hal_rcc_ex.o
    0x0800668c   0x0800668c   0x00000320   Code   RO         1981    i.HAL_RCC_ClockConfig  stm32h7xx_hal_rcc.o
    0x080069ac   0x080069ac   0x0000004c   Code   RO         1986    i.HAL_RCC_GetHCLKFreq  stm32h7xx_hal_rcc.o
    0x080069f8   0x080069f8   0x00000024   Code   RO         1988    i.HAL_RCC_GetPCLK1Freq  stm32h7xx_hal_rcc.o
    0x08006a1c   0x08006a1c   0x00000024   Code   RO         1989    i.HAL_RCC_GetPCLK2Freq  stm32h7xx_hal_rcc.o
    0x08006a40   0x08006a40   0x0000022c   Code   RO         1990    i.HAL_RCC_GetSysClockFreq  stm32h7xx_hal_rcc.o
    0x08006c6c   0x08006c6c   0x00000858   Code   RO         1993    i.HAL_RCC_OscConfig  stm32h7xx_hal_rcc.o
    0x080074c4   0x080074c4   0x00000098   Code   RO         6127    i.HAL_RS485Ex_Init  stm32h7xx_hal_uart_ex.o
    0x0800755c   0x0800755c   0x00000002   Code   RO         5026    i.HAL_SDEx_Read_DMADoubleBuf0CpltCallback  stm32h7xx_hal_sd.o
    0x0800755e   0x0800755e   0x00000002   Code   RO         5027    i.HAL_SDEx_Read_DMADoubleBuf1CpltCallback  stm32h7xx_hal_sd.o
    0x08007560   0x08007560   0x00000002   Code   RO         5028    i.HAL_SDEx_Write_DMADoubleBuf0CpltCallback  stm32h7xx_hal_sd.o
    0x08007562   0x08007562   0x00000002   Code   RO         5029    i.HAL_SDEx_Write_DMADoubleBuf1CpltCallback  stm32h7xx_hal_sd.o
    0x08007564   0x08007564   0x00000180   Code   RO         5034    i.HAL_SD_ConfigWideBusOperation  stm32h7xx_hal_sd.o
    0x080076e4   0x080076e4   0x00000002   Code   RO         5037    i.HAL_SD_ErrorCallback  stm32h7xx_hal_sd.o
    0x080076e6   0x080076e6   0x00000002   PAD
    0x080076e8   0x080076e8   0x000001c8   Code   RO         5039    i.HAL_SD_GetCardCSD  stm32h7xx_hal_sd.o
    0x080078b0   0x080078b0   0x00000024   Code   RO         5041    i.HAL_SD_GetCardState  stm32h7xx_hal_sd.o
    0x080078d4   0x080078d4   0x000000e8   Code   RO         5042    i.HAL_SD_GetCardStatus  stm32h7xx_hal_sd.o
    0x080079bc   0x080079bc   0x00000274   Code   RO         5045    i.HAL_SD_IRQHandler  stm32h7xx_hal_sd.o
    0x08007c30   0x08007c30   0x000000b2   Code   RO         5046    i.HAL_SD_Init       stm32h7xx_hal_sd.o
    0x08007ce2   0x08007ce2   0x00000002   PAD
    0x08007ce4   0x08007ce4   0x000000d0   Code   RO         5047    i.HAL_SD_InitCard   stm32h7xx_hal_sd.o
    0x08007db4   0x08007db4   0x000000ec   Code   RO         1417    i.HAL_SD_MspInit    sdmmc.o
    0x08007ea0   0x08007ea0   0x00000002   Code   RO         5053    i.HAL_SD_RxCpltCallback  stm32h7xx_hal_sd.o
    0x08007ea2   0x08007ea2   0x00000002   Code   RO         5054    i.HAL_SD_TxCpltCallback  stm32h7xx_hal_sd.o
    0x08007ea4   0x08007ea4   0x000001b0   Code   RO         5344    i.HAL_SPI_Init      stm32h7xx_hal_spi.o
    0x08008054   0x08008054   0x000000a0   Code   RO         1459    i.HAL_SPI_MspInit   spi.o
    0x080080f4   0x080080f4   0x000002f6   Code   RO         5354    i.HAL_SPI_TransmitReceive  stm32h7xx_hal_spi.o
    0x080083ea   0x080083ea   0x00000034   Code   RO         1745    i.HAL_SYSTICK_Config  stm32h7xx_hal_cortex.o
    0x0800841e   0x0800841e   0x0000004e   Code   RO         6128    i.HAL_UARTEx_DisableFifoMode  stm32h7xx_hal_uart_ex.o
    0x0800846c   0x0800846c   0x00000058   Code   RO         6130    i.HAL_UARTEx_EnableFifoMode  stm32h7xx_hal_uart_ex.o
    0x080084c4   0x080084c4   0x00000002   Code   RO         5712    i.HAL_UARTEx_RxEventCallback  stm32h7xx_hal_uart.o
    0x080084c6   0x080084c6   0x00000002   Code   RO         6136    i.HAL_UARTEx_RxFifoFullCallback  stm32h7xx_hal_uart_ex.o
    0x080084c8   0x080084c8   0x0000005e   Code   RO         6137    i.HAL_UARTEx_SetRxFifoThreshold  stm32h7xx_hal_uart_ex.o
    0x08008526   0x08008526   0x0000005e   Code   RO         6138    i.HAL_UARTEx_SetTxFifoThreshold  stm32h7xx_hal_uart_ex.o
    0x08008584   0x08008584   0x00000002   Code   RO         6140    i.HAL_UARTEx_TxFifoEmptyCallback  stm32h7xx_hal_uart_ex.o
    0x08008586   0x08008586   0x00000002   Code   RO         6141    i.HAL_UARTEx_WakeupCallback  stm32h7xx_hal_uart_ex.o
    0x08008588   0x08008588   0x0000004c   Code   RO         5725    i.HAL_UART_DeInit   stm32h7xx_hal_uart.o
    0x080085d4   0x080085d4   0x00000002   Code   RO         5728    i.HAL_UART_ErrorCallback  stm32h7xx_hal_uart.o
    0x080085d6   0x080085d6   0x00000002   PAD
    0x080085d8   0x080085d8   0x00000494   Code   RO         5731    i.HAL_UART_IRQHandler  stm32h7xx_hal_uart.o
    0x08008a6c   0x08008a6c   0x00000078   Code   RO         5732    i.HAL_UART_Init     stm32h7xx_hal_uart.o
    0x08008ae4   0x08008ae4   0x000000e8   Code   RO         1500    i.HAL_UART_MspDeInit  usart.o
    0x08008bcc   0x08008bcc   0x00000300   Code   RO         1501    i.HAL_UART_MspInit  usart.o
    0x08008ecc   0x08008ecc   0x0000005c   Code   RO         5737    i.HAL_UART_Receive_IT  stm32h7xx_hal_uart.o
    0x08008f28   0x08008f28   0x00000180   Code   RO         1133    i.HAL_UART_RxCpltCallback  main.o
    0x080090a8   0x080090a8   0x00000002   Code   RO         5744    i.HAL_UART_TxCpltCallback  stm32h7xx_hal_uart.o
    0x080090aa   0x080090aa   0x00000004   Code   RO         1579    i.HardFault_Handler  stm32h7xx_it.o
    0x080090ae   0x080090ae   0x00000002   PAD
    0x080090b0   0x080090b0   0x00000208   Code   RO           16    i.JPEG_mode         ov_frame.o
    0x080092b8   0x080092b8   0x0000007c   Code   RO          991    i.KEY_Scan          key.o
    0x08009334   0x08009334   0x00000044   Code   RO         6348    i.LCD_Clear         lcd.o
    0x08009378   0x08009378   0x000000cc   Code   RO         6352    i.LCD_Display_Dir   lcd.o
    0x08009444   0x08009444   0x00000038   Code   RO         6357    i.LCD_Fast_DrawPoint  lcd.o
    0x0800947c   0x0800947c   0x00000070   Code   RO         6359    i.LCD_GPIO_Init     lcd.o
    0x080094ec   0x080094ec   0x00000010   Code   RO         6360    i.LCD_HardwareRest  lcd.o
    0x080094fc   0x080094fc   0x000001a4   Code   RO         6361    i.LCD_Init          lcd.o
    0x080096a0   0x080096a0   0x00000020   Code   RO         6363    i.LCD_SPI2_ReadWriteByte  lcd.o
    0x080096c0   0x080096c0   0x00000038   Code   RO         6364    i.LCD_Scan_Dir      lcd.o
    0x080096f8   0x080096f8   0x00000028   Code   RO         6365    i.LCD_SetCursor     lcd.o
    0x08009720   0x08009720   0x00000048   Code   RO         6366    i.LCD_Set_Window    lcd.o
    0x08009768   0x08009768   0x00000124   Code   RO         6367    i.LCD_ShowChar      lcd.o
    0x0800988c   0x0800988c   0x00000010   Code   RO         6371    i.LCD_SoftRest      lcd.o
    0x0800989c   0x0800989c   0x00000038   Code   RO         6372    i.LCD_WR_DATA16     lcd.o
    0x080098d4   0x080098d4   0x00000030   Code   RO         6373    i.LCD_WR_DATA8      lcd.o
    0x08009904   0x08009904   0x00000030   Code   RO         6374    i.LCD_WR_REG        lcd.o
    0x08009934   0x08009934   0x00000010   Code   RO         6376    i.LCD_WriteRAM_Prepare  lcd.o
    0x08009944   0x08009944   0x00000014   Code   RO         6377    i.LCD_WriteReg      lcd.o
    0x08009958   0x08009958   0x00000034   Code   RO         1244    i.MX_CRC_Init       crc.o
    0x0800998c   0x0800998c   0x00000040   Code   RO         1286    i.MX_DCMI_Init      dcmi.o
    0x080099cc   0x080099cc   0x0000008c   Code   RO         1326    i.MX_DMA_Init       dma.o
    0x08009a58   0x08009a58   0x00000184   Code   RO         1218    i.MX_GPIO_Init      gpio.o
    0x08009bdc   0x08009bdc   0x0000003c   Code   RO         1358    i.MX_QUADSPI_Init   quadspi.o
    0x08009c18   0x08009c18   0x00000034   Code   RO         1418    i.MX_SDMMC1_SD_Init  sdmmc.o
    0x08009c4c   0x08009c4c   0x00000064   Code   RO         1460    i.MX_SPI2_Init      spi.o
    0x08009cb0   0x08009cb0   0x0000006c   Code   RO         1502    i.MX_UART4_Init     usart.o
    0x08009d1c   0x08009d1c   0x00000070   Code   RO         1503    i.MX_UART7_Init     usart.o
    0x08009d8c   0x08009d8c   0x0000006c   Code   RO         1504    i.MX_USART1_UART_Init  usart.o
    0x08009df8   0x08009df8   0x0000006c   Code   RO         1505    i.MX_USART2_UART_Init  usart.o
    0x08009e64   0x08009e64   0x0000006c   Code   RO         1506    i.MX_USART3_UART_Init  usart.o
    0x08009ed0   0x08009ed0   0x00000004   Code   RO         1580    i.MemManage_Handler  stm32h7xx_it.o
    0x08009ed4   0x08009ed4   0x00000004   Code   RO         1581    i.NMI_Handler       stm32h7xx_it.o
    0x08009ed8   0x08009ed8   0x0000005a   Code   RO          318    i.OV5640_Brightness  ov5640.o
    0x08009f32   0x08009f32   0x00000002   PAD
    0x08009f34   0x08009f34   0x0000007c   Code   RO          319    i.OV5640_Color_Saturation  ov5640.o
    0x08009fb0   0x08009fb0   0x00000078   Code   RO          320    i.OV5640_Contrast   ov5640.o
    0x0800a028   0x0800a028   0x00000024   Code   RO          322    i.OV5640_Flash_Ctrl  ov5640.o
    0x0800a04c   0x0800a04c   0x0000007c   Code   RO          323    i.OV5640_Focus_Constant  ov5640.o
    0x0800a0c8   0x0800a0c8   0x000000b8   Code   RO          324    i.OV5640_Focus_Init  ov5640.o
    0x0800a180   0x0800a180   0x0000003c   Code   RO          325    i.OV5640_Focus_Single  ov5640.o
    0x0800a1bc   0x0800a1bc   0x00000140   Code   RO          327    i.OV5640_Init       ov5640.o
    0x0800a2fc   0x0800a2fc   0x00000028   Code   RO          328    i.OV5640_JPEG_Mode  ov5640.o
    0x0800a324   0x0800a324   0x00000048   Code   RO          329    i.OV5640_Light_Mode  ov5640.o
    0x0800a36c   0x0800a36c   0x00000080   Code   RO          330    i.OV5640_OutSize_Set  ov5640.o
    0x0800a3ec   0x0800a3ec   0x00000024   Code   RO          331    i.OV5640_PWDN_Set   ov5640.o
    0x0800a410   0x0800a410   0x0000003c   Code   RO          332    i.OV5640_RD_Reg     ov5640.o
    0x0800a44c   0x0800a44c   0x00000028   Code   RO          333    i.OV5640_RGB565_Mode  ov5640.o
    0x0800a474   0x0800a474   0x0000007a   Code   RO          334    i.OV5640_Sharpness  ov5640.o
    0x0800a4ee   0x0800a4ee   0x0000003c   Code   RO          337    i.OV5640_WR_Reg     ov5640.o
    0x0800a52a   0x0800a52a   0x00000002   PAD
    0x0800a52c   0x0800a52c   0x000000c0   Code   RO           17    i.OV_Camera_Demo    ov_frame.o
    0x0800a5ec   0x0800a5ec   0x00000002   Code   RO         1582    i.PendSV_Handler    stm32h7xx_it.o
    0x0800a5ee   0x0800a5ee   0x000001e8   Code   RO         4471    i.QSPI_Config       stm32h7xx_hal_qspi.o
    0x0800a7d6   0x0800a7d6   0x00000002   PAD
    0x0800a7d8   0x0800a7d8   0x00000028   Code   RO         1359    i.QSPI_Receive      quadspi.o
    0x0800a800   0x0800a800   0x0000004c   Code   RO         1360    i.QSPI_Send_CMD     quadspi.o
    0x0800a84c   0x0800a84c   0x00000028   Code   RO         1361    i.QSPI_Transmit     quadspi.o
    0x0800a874   0x0800a874   0x0000004c   Code   RO         4476    i.QSPI_WaitFlagStateUntilTimeout  stm32h7xx_hal_qspi.o
    0x0800a8c0   0x0800a8c0   0x00000164   Code   RO         2108    i.RCCEx_PLL2_Config  stm32h7xx_hal_rcc_ex.o
    0x0800aa24   0x0800aa24   0x00000164   Code   RO         2109    i.RCCEx_PLL3_Config  stm32h7xx_hal_rcc_ex.o
    0x0800ab88   0x0800ab88   0x000000c0   Code   RO           18    i.RGB565_mode       ov_frame.o
    0x0800ac48   0x0800ac48   0x00000094   Code   RO           20    i.RGB_Refresh_LCD   ov_frame.o
    0x0800acdc   0x0800acdc   0x0000000e   Code   RO          645    i.SCCB_Delay        sccb.o
    0x0800acea   0x0800acea   0x00000002   Code   RO          647    i.SCCB_Init         sccb.o
    0x0800acec   0x0800acec   0x00000044   Code   RO          648    i.SCCB_No_Ack       sccb.o
    0x0800ad30   0x0800ad30   0x00000054   Code   RO          649    i.SCCB_RD_Byte      sccb.o
    0x0800ad84   0x0800ad84   0x00000028   Code   RO          650    i.SCCB_SDA_IN       sccb.o
    0x0800adac   0x0800adac   0x00000024   Code   RO          651    i.SCCB_SDA_OUT      sccb.o
    0x0800add0   0x0800add0   0x0000003c   Code   RO          652    i.SCCB_Start        sccb.o
    0x0800ae0c   0x0800ae0c   0x00000034   Code   RO          653    i.SCCB_Stop         sccb.o
    0x0800ae40   0x0800ae40   0x00000090   Code   RO          654    i.SCCB_WR_Byte      sccb.o
    0x0800aed0   0x0800aed0   0x00000080   Code   RO          474    i.SDEnWideBus       sdmmc_sdcard.o
    0x0800af50   0x0800af50   0x00000010   Code   RO         1583    i.SDMMC1_IRQHandler  stm32h7xx_it.o
    0x0800af60   0x0800af60   0x00000014   Code   RO          475    i.SDMMC_Clock_Set   sdmmc_sdcard.o
    0x0800af74   0x0800af74   0x0000003a   Code   RO         4679    i.SDMMC_CmdAppCommand  stm32h7xx_ll_sdmmc.o
    0x0800afae   0x0800afae   0x00000034   Code   RO         4680    i.SDMMC_CmdAppOperCommand  stm32h7xx_ll_sdmmc.o
    0x0800afe2   0x0800afe2   0x00000038   Code   RO         4681    i.SDMMC_CmdBlockLength  stm32h7xx_ll_sdmmc.o
    0x0800b01a   0x0800b01a   0x0000003a   Code   RO         4682    i.SDMMC_CmdBusWidth  stm32h7xx_ll_sdmmc.o
    0x0800b054   0x0800b054   0x0000002c   Code   RO         4686    i.SDMMC_CmdGoIdleState  stm32h7xx_ll_sdmmc.o
    0x0800b080   0x0800b080   0x00000034   Code   RO         4688    i.SDMMC_CmdOperCond  stm32h7xx_ll_sdmmc.o
    0x0800b0b4   0x0800b0b4   0x0000003a   Code   RO         4693    i.SDMMC_CmdSelDesel  stm32h7xx_ll_sdmmc.o
    0x0800b0ee   0x0800b0ee   0x00000034   Code   RO         4694    i.SDMMC_CmdSendCID  stm32h7xx_ll_sdmmc.o
    0x0800b122   0x0800b122   0x00000034   Code   RO         4695    i.SDMMC_CmdSendCSD  stm32h7xx_ll_sdmmc.o
    0x0800b156   0x0800b156   0x0000003a   Code   RO         4697    i.SDMMC_CmdSendSCR  stm32h7xx_ll_sdmmc.o
    0x0800b190   0x0800b190   0x0000003a   Code   RO         4698    i.SDMMC_CmdSendStatus  stm32h7xx_ll_sdmmc.o
    0x0800b1ca   0x0800b1ca   0x0000003a   Code   RO         4699    i.SDMMC_CmdSetRelAdd  stm32h7xx_ll_sdmmc.o
    0x0800b204   0x0800b204   0x0000003a   Code   RO         4702    i.SDMMC_CmdStatusRegister  stm32h7xx_ll_sdmmc.o
    0x0800b23e   0x0800b23e   0x00000002   PAD
    0x0800b240   0x0800b240   0x0000005c   Code   RO         4703    i.SDMMC_CmdStopTransfer  stm32h7xx_ll_sdmmc.o
    0x0800b29c   0x0800b29c   0x0000002c   Code   RO         4708    i.SDMMC_ConfigData  stm32h7xx_ll_sdmmc.o
    0x0800b2c8   0x0800b2c8   0x00000044   Code   RO         4709    i.SDMMC_GetCmdError  stm32h7xx_ll_sdmmc.o
    0x0800b30c   0x0800b30c   0x000001b0   Code   RO         4710    i.SDMMC_GetCmdResp1  stm32h7xx_ll_sdmmc.o
    0x0800b4bc   0x0800b4bc   0x00000068   Code   RO         4711    i.SDMMC_GetCmdResp2  stm32h7xx_ll_sdmmc.o
    0x0800b524   0x0800b524   0x0000005c   Code   RO         4712    i.SDMMC_GetCmdResp3  stm32h7xx_ll_sdmmc.o
    0x0800b580   0x0800b580   0x000000bc   Code   RO         4713    i.SDMMC_GetCmdResp6  stm32h7xx_ll_sdmmc.o
    0x0800b63c   0x0800b63c   0x0000006c   Code   RO         4714    i.SDMMC_GetCmdResp7  stm32h7xx_ll_sdmmc.o
    0x0800b6a8   0x0800b6a8   0x00000008   Code   RO         4715    i.SDMMC_GetCommandResponse  stm32h7xx_ll_sdmmc.o
    0x0800b6b0   0x0800b6b0   0x0000000a   Code   RO         4718    i.SDMMC_GetPowerState  stm32h7xx_ll_sdmmc.o
    0x0800b6ba   0x0800b6ba   0x0000000c   Code   RO         4719    i.SDMMC_GetResponse  stm32h7xx_ll_sdmmc.o
    0x0800b6c6   0x0800b6c6   0x00000002   PAD
    0x0800b6c8   0x0800b6c8   0x00000034   Code   RO         4720    i.SDMMC_Init        stm32h7xx_ll_sdmmc.o
    0x0800b6fc   0x0800b6fc   0x0000000e   Code   RO         4723    i.SDMMC_PowerState_ON  stm32h7xx_ll_sdmmc.o
    0x0800b70a   0x0800b70a   0x00000008   Code   RO         4724    i.SDMMC_ReadFIFO    stm32h7xx_ll_sdmmc.o
    0x0800b712   0x0800b712   0x00000002   PAD
    0x0800b714   0x0800b714   0x0000002c   Code   RO         4725    i.SDMMC_SendCommand  stm32h7xx_ll_sdmmc.o
    0x0800b740   0x0800b740   0x00000024   Code   RO          476    i.SDMMC_Send_Cmd    sdmmc_sdcard.o
    0x0800b764   0x0800b764   0x00000034   Code   RO          477    i.SDMMC_Send_Data_Cfg  sdmmc_sdcard.o
    0x0800b798   0x0800b798   0x0000000c   Code   RO         4727    i.SDMMC_WriteFIFO   stm32h7xx_ll_sdmmc.o
    0x0800b7a4   0x0800b7a4   0x00000060   Code   RO          478    i.SD_EnableWideBusOperation  sdmmc_sdcard.o
    0x0800b804   0x0800b804   0x00000140   Code   RO         5058    i.SD_FindSCR        stm32h7xx_hal_sd.o
    0x0800b944   0x0800b944   0x00000314   Code   RO          479    i.SD_GetCardInfo    sdmmc_sdcard.o
    0x0800bc58   0x0800bc58   0x00000040   Code   RO          481    i.SD_Init           sdmmc_sdcard.o
    0x0800bc98   0x0800bc98   0x0000010a   Code   RO         5059    i.SD_InitCard       stm32h7xx_hal_sd.o
    0x0800bda2   0x0800bda2   0x00000002   PAD
    0x0800bda4   0x0800bda4   0x00000104   Code   RO          482    i.SD_InitializeCards  sdmmc_sdcard.o
    0x0800bea8   0x0800bea8   0x00000160   Code   RO          484    i.SD_PowerON        sdmmc_sdcard.o
    0x0800c008   0x0800c008   0x000000cc   Code   RO         5061    i.SD_PowerON        stm32h7xx_hal_sd.o
    0x0800c0d4   0x0800c0d4   0x00000042   Code   RO         5062    i.SD_Read_IT        stm32h7xx_hal_sd.o
    0x0800c116   0x0800c116   0x00000016   Code   RO          487    i.SD_SelectDeselect  sdmmc_sdcard.o
    0x0800c12c   0x0800c12c   0x00000134   Code   RO         5063    i.SD_SendSDStatus   stm32h7xx_hal_sd.o
    0x0800c260   0x0800c260   0x00000030   Code   RO         5064    i.SD_SendStatus     stm32h7xx_hal_sd.o
    0x0800c290   0x0800c290   0x00000068   Code   RO         5066    i.SD_WideBus_Disable  stm32h7xx_hal_sd.o
    0x0800c2f8   0x0800c2f8   0x00000068   Code   RO         5067    i.SD_WideBus_Enable  stm32h7xx_hal_sd.o
    0x0800c360   0x0800c360   0x00000052   Code   RO         5068    i.SD_Write_IT       stm32h7xx_hal_sd.o
    0x0800c3b2   0x0800c3b2   0x000000d6   Code   RO         5364    i.SPI_CloseTransfer  stm32h7xx_hal_spi.o
    0x0800c488   0x0800c488   0x0000001a   Code   RO         5375    i.SPI_GetPacketSize  stm32h7xx_hal_spi.o
    0x0800c4a2   0x0800c4a2   0x00000042   Code   RO         5382    i.SPI_WaitOnFlagUntilTimeout  stm32h7xx_hal_spi.o
    0x0800c4e4   0x0800c4e4   0x00000002   Code   RO         1584    i.SVC_Handler       stm32h7xx_it.o
    0x0800c4e6   0x0800c4e6   0x00000002   PAD
    0x0800c4e8   0x0800c4e8   0x000000c4   Code   RO         6614    i.Show_Font         text.o
    0x0800c5ac   0x0800c5ac   0x000000c6   Code   RO         6615    i.Show_Str          text.o
    0x0800c672   0x0800c672   0x0000000e   Code   RO           21    i.Start_OV5640_JPEG  ov_frame.o
    0x0800c680   0x0800c680   0x00000030   Code   RO           22    i.Start_OV5640_RGB  ov_frame.o
    0x0800c6b0   0x0800c6b0   0x00000008   Code   RO         1585    i.SysTick_Handler   stm32h7xx_it.o
    0x0800c6b8   0x0800c6b8   0x00000138   Code   RO         1134    i.SystemClock_Config  main.o
    0x0800c7f0   0x0800c7f0   0x000000fc   Code   RO         6252    i.SystemInit        system_stm32h7xx.o
    0x0800c8ec   0x0800c8ec   0x00000010   Code   RO         1586    i.UART4_IRQHandler  stm32h7xx_it.o
    0x0800c8fc   0x0800c8fc   0x00000010   Code   RO         1587    i.UART7_IRQHandler  stm32h7xx_it.o
    0x0800c90c   0x0800c90c   0x00000058   Code   RO         6142    i.UARTEx_SetNbDataToProcess  stm32h7xx_hal_uart_ex.o
    0x0800c964   0x0800c964   0x000000f8   Code   RO         5746    i.UART_AdvFeatureConfig  stm32h7xx_hal_uart.o
    0x0800ca5c   0x0800ca5c   0x000000ea   Code   RO         5747    i.UART_CheckIdleState  stm32h7xx_hal_uart.o
    0x0800cb46   0x0800cb46   0x00000018   Code   RO         5748    i.UART_DMAAbortOnError  stm32h7xx_hal_uart.o
    0x0800cb5e   0x0800cb5e   0x00000002   PAD
    0x0800cb60   0x0800cb60   0x0000006c   Code   RO         5758    i.UART_EndRxTransfer  stm32h7xx_hal_uart.o
    0x0800cbcc   0x0800cbcc   0x00000030   Code   RO         5759    i.UART_EndTransmit_IT  stm32h7xx_hal_uart.o
    0x0800cbfc   0x0800cbfc   0x00000104   Code   RO         5761    i.UART_RxISR_16BIT  stm32h7xx_hal_uart.o
    0x0800cd00   0x0800cd00   0x000001fc   Code   RO         5762    i.UART_RxISR_16BIT_FIFOEN  stm32h7xx_hal_uart.o
    0x0800cefc   0x0800cefc   0x00000104   Code   RO         5763    i.UART_RxISR_8BIT   stm32h7xx_hal_uart.o
    0x0800d000   0x0800d000   0x000001f8   Code   RO         5764    i.UART_RxISR_8BIT_FIFOEN  stm32h7xx_hal_uart.o
    0x0800d1f8   0x0800d1f8   0x0000058c   Code   RO         5765    i.UART_SetConfig    stm32h7xx_hal_uart.o
    0x0800d784   0x0800d784   0x0000015c   Code   RO         5767    i.UART_Start_Receive_IT  stm32h7xx_hal_uart.o
    0x0800d8e0   0x0800d8e0   0x000000a2   Code   RO         5772    i.UART_WaitOnFlagUntilTimeout  stm32h7xx_hal_uart.o
    0x0800d982   0x0800d982   0x00000002   PAD
    0x0800d984   0x0800d984   0x00000080   Code   RO         1507    i.USART1_BaudRate_Init  usart.o
    0x0800da04   0x0800da04   0x00000010   Code   RO         1588    i.USART1_IRQHandler  stm32h7xx_it.o
    0x0800da14   0x0800da14   0x00000010   Code   RO         1589    i.USART2_IRQHandler  stm32h7xx_it.o
    0x0800da24   0x0800da24   0x00000010   Code   RO         1590    i.USART3_IRQHandler  stm32h7xx_it.o
    0x0800da34   0x0800da34   0x00000004   Code   RO         1591    i.UsageFault_Handler  stm32h7xx_it.o
    0x0800da38   0x0800da38   0x00000048   Code   RO          869    i.W25QXX_Init       w25qxx.o
    0x0800da80   0x0800da80   0x00000044   Code   RO          871    i.W25QXX_Qspi_Enable  w25qxx.o
    0x0800dac4   0x0800dac4   0x00000060   Code   RO          873    i.W25QXX_ReadID     w25qxx.o
    0x0800db24   0x0800db24   0x00000074   Code   RO          874    i.W25QXX_ReadSR     w25qxx.o
    0x0800db98   0x0800db98   0x0000003c   Code   RO          878    i.W25QXX_Write_Enable  w25qxx.o
    0x0800dbd4   0x0800dbd4   0x0000006c   Code   RO          881    i.W25QXX_Write_SR   w25qxx.o
    0x0800dc40   0x0800dc40   0x00000028   Code   RO         9093    i.__0sprintf$8      mc_w.l(printf8.o)
    0x0800dc68   0x0800dc68   0x00000026   Code   RO         9175    i.__ARM_fpclassifyf  m_wv.l(fpclassifyf.o)
    0x0800dc8e   0x0800dc8e   0x00000002   PAD
    0x0800dc90   0x0800dc90   0x00000010   Code   RO         1747    i.__NVIC_GetPriorityGrouping  stm32h7xx_hal_cortex.o
    0x0800dca0   0x0800dca0   0x00000028   Code   RO         1748    i.__NVIC_SetPriority  stm32h7xx_hal_cortex.o
    0x0800dcc8   0x0800dcc8   0x00000658   Code   RO         8825    i.__hardfp_powf     m_wv.l(powf.o)
    0x0800e320   0x0800e320   0x00000018   Code   RO         9177    i.__mathlib_flt_divzero  m_wv.l(funder.o)
    0x0800e338   0x0800e338   0x00000006   Code   RO         9179    i.__mathlib_flt_infnan2  m_wv.l(funder.o)
    0x0800e33e   0x0800e33e   0x00000002   PAD
    0x0800e340   0x0800e340   0x00000010   Code   RO         9180    i.__mathlib_flt_invalid  m_wv.l(funder.o)
    0x0800e350   0x0800e350   0x00000010   Code   RO         9181    i.__mathlib_flt_overflow  m_wv.l(funder.o)
    0x0800e360   0x0800e360   0x00000010   Code   RO         9183    i.__mathlib_flt_underflow  m_wv.l(funder.o)
    0x0800e370   0x0800e370   0x0000000e   Code   RO         9252    i.__scatterload_copy  mc_w.l(handlers.o)
    0x0800e37e   0x0800e37e   0x00000002   Code   RO         9253    i.__scatterload_null  mc_w.l(handlers.o)
    0x0800e380   0x0800e380   0x0000000e   Code   RO         9254    i.__scatterload_zeroinit  mc_w.l(handlers.o)
    0x0800e38e   0x0800e38e   0x00000002   PAD
    0x0800e390   0x0800e390   0x0000000c   Code   RO         9218    i.__set_errno       mc_w.l(errno.o)
    0x0800e39c   0x0800e39c   0x00000012   Code   RO         7913    i._ai_forward_layer  NetworkRuntime810_CM7_Keil.lib(layers.o)
    0x0800e3ae   0x0800e3ae   0x00000004   Code   RO         6978    i._ai_platform_acquire_crc  NetworkRuntime810_CM7_Keil.lib(ai_platform_interface.o)
    0x0800e3b2   0x0800e3b2   0x00000002   PAD
    0x0800e3b4   0x0800e3b4   0x000000e0   Code   RO         6979    i._ai_platform_get_io_buffers_info  NetworkRuntime810_CM7_Keil.lib(ai_platform_interface.o)
    0x0800e494   0x0800e494   0x00000002   Code   RO         6980    i._ai_platform_release_crc  NetworkRuntime810_CM7_Keil.lib(ai_platform_interface.o)
    0x0800e496   0x0800e496   0x00000002   PAD
    0x0800e498   0x0800e498   0x000000d4   Code   RO         7832    i._float_to_integer  NetworkRuntime810_CM7_Keil.lib(core_convert.o)
    0x0800e56c   0x0800e56c   0x0000009c   Code   RO         7833    i._integer_to_float  NetworkRuntime810_CM7_Keil.lib(core_convert.o)
    0x0800e608   0x0800e608   0x000006d4   Code   RO         8100    i._lite_kernel_nl_softmax_is8os8_ch  NetworkRuntime810_CM7_Keil.lib(lite_nl_generic_integer.o)
    0x0800ecdc   0x0800ecdc   0x000006d8   Code   RO         8101    i._lite_kernel_nl_softmax_iu8ou8_ch  NetworkRuntime810_CM7_Keil.lib(lite_nl_generic_integer.o)
    0x0800f3b4   0x0800f3b4   0x0000004a   Code   RO         6981    i._platform_ai_buffer_array_copy  NetworkRuntime810_CM7_Keil.lib(ai_platform_interface.o)
    0x0800f3fe   0x0800f3fe   0x00000002   PAD
    0x0800f400   0x0800f400   0x00000050   Code   RO         6982    i._platform_get_table_map_from_buffer  NetworkRuntime810_CM7_Keil.lib(ai_platform_interface.o)
    0x0800f450   0x0800f450   0x00000044   Code   RO         6983    i._platform_get_table_map_from_buffer_array  NetworkRuntime810_CM7_Keil.lib(ai_platform_interface.o)
    0x0800f494   0x0800f494   0x00000014   Code   RO         6984    i._platform_network_buffers_signature_valid  NetworkRuntime810_CM7_Keil.lib(ai_platform_interface.o)
    0x0800f4a8   0x0800f4a8   0x00000210   Code   RO         6985    i._platform_network_io_bind  NetworkRuntime810_CM7_Keil.lib(ai_platform_interface.o)
    0x0800f6b8   0x0800f6b8   0x0000003e   Code   RO         6986    i._platform_network_state_setup  NetworkRuntime810_CM7_Keil.lib(ai_platform_interface.o)
    0x0800f6f6   0x0800f6f6   0x0000006a   Code   RO         6987    i._platform_network_state_update_input  NetworkRuntime810_CM7_Keil.lib(ai_platform_interface.o)
    0x0800f760   0x0800f760   0x00000080   Code   RO         6988    i._platform_network_state_update_output  NetworkRuntime810_CM7_Keil.lib(ai_platform_interface.o)
    0x0800f7e0   0x0800f7e0   0x00000410   Code   RO         9098    i._printf_core      mc_w.l(printf8.o)
    0x0800fbf0   0x0800fbf0   0x00000024   Code   RO         9099    i._printf_post_padding  mc_w.l(printf8.o)
    0x0800fc14   0x0800fc14   0x0000002e   Code   RO         9100    i._printf_pre_padding  mc_w.l(printf8.o)
    0x0800fc42   0x0800fc42   0x0000000a   Code   RO         9102    i._sputc            mc_w.l(printf8.o)
    0x0800fc4c   0x0800fc4c   0x00000044   Code   RO         1135    i.aiRun             main.o
    0x0800fc90   0x0800fc90   0x0000005c   Code   RO         1136    i.ai_Init           main.o
    0x0800fcec   0x0800fcec   0x0000003c   Code   RO         7876    i.ai_array_get_byte_size  NetworkRuntime810_CM7_Keil.lib(ai_datatypes_format.o)
    0x0800fd28   0x0800fd28   0x0000001e   Code   RO         7877    i.ai_array_get_data_byte_size  NetworkRuntime810_CM7_Keil.lib(ai_datatypes_format.o)
    0x0800fd46   0x0800fd46   0x00000002   PAD
    0x0800fd48   0x0800fd48   0x0000012c   Code   RO         7879    i.ai_array_to_buffer_fmt  NetworkRuntime810_CM7_Keil.lib(ai_datatypes_format.o)
    0x0800fe74   0x0800fe74   0x00000024   Code   RO         6962    i.ai_buffer_array_item_set_address  NetworkRuntime810_CM7_Keil.lib(ai_platform.o)
    0x0800fe98   0x0800fe98   0x00000012   Code   RO         6963    i.ai_buffer_array_sane  NetworkRuntime810_CM7_Keil.lib(ai_platform.o)
    0x0800feaa   0x0800feaa   0x00000002   PAD
    0x0800feac   0x0800feac   0x00000068   Code   RO         6965    i.ai_buffer_get_size  NetworkRuntime810_CM7_Keil.lib(ai_platform.o)
    0x0800ff14   0x0800ff14   0x0000002c   Code   RO         7914    i.ai_check_custom_types  NetworkRuntime810_CM7_Keil.lib(layers.o)
    0x0800ff40   0x0800ff40   0x00000050   Code   RO         7919    i.ai_layers_forward_all  NetworkRuntime810_CM7_Keil.lib(layers.o)
    0x0800ff90   0x0800ff90   0x0000001e   Code   RO         7920    i.ai_layers_init_all  NetworkRuntime810_CM7_Keil.lib(layers.o)
    0x0800ffae   0x0800ffae   0x00000036   Code   RO         7921    i.ai_layers_post_init_all  NetworkRuntime810_CM7_Keil.lib(layers.o)
    0x0800ffe4   0x0800ffe4   0x00000024   Code   RO         6671    i.ai_network_create  network.o
    0x08010008   0x08010008   0x00000082   Code   RO         6672    i.ai_network_create_and_init  network.o
    0x0801008a   0x0801008a   0x00000002   PAD
    0x0801008c   0x0801008c   0x00000030   Code   RO         6898    i.ai_network_data_params_get  network_data.o
    0x080100bc   0x080100bc   0x0000000e   Code   RO         6675    i.ai_network_get_error  network.o
    0x080100ca   0x080100ca   0x0000003c   Code   RO         6678    i.ai_network_init   network.o
    0x08010106   0x08010106   0x00000002   PAD
    0x08010108   0x08010108   0x00000020   Code   RO         6679    i.ai_network_inputs_get  network.o
    0x08010128   0x08010128   0x00000020   Code   RO         6680    i.ai_network_outputs_get  network.o
    0x08010148   0x08010148   0x00000014   Code   RO         6681    i.ai_network_run    network.o
    0x0801015c   0x0801015c   0x000000ae   Code   RO         8728    i.ai_padding_opt_init  NetworkRuntime810_CM7_Keil.lib(st_padding_opt.o)
    0x0801020a   0x0801020a   0x00000030   Code   RO         8729    i.ai_padding_opt_phase1  NetworkRuntime810_CM7_Keil.lib(st_padding_opt.o)
    0x0801023a   0x0801023a   0x00000026   Code   RO         8082    i.ai_padding_opt_phase2  NetworkRuntime810_CM7_Keil.lib(forward_lite_conv2d_sssa8_ch.o)
    0x08010260   0x08010260   0x0000002c   Code   RO         6992    i.ai_platform_bind_network_params  NetworkRuntime810_CM7_Keil.lib(ai_platform_interface.o)
    0x0801028c   0x0801028c   0x0000001c   Code   RO         6993    i.ai_platform_context_acquire  NetworkRuntime810_CM7_Keil.lib(ai_platform_interface.o)
    0x080102a8   0x080102a8   0x0000002c   Code   RO         6995    i.ai_platform_get_activations_map  NetworkRuntime810_CM7_Keil.lib(ai_platform_interface.o)
    0x080102d4   0x080102d4   0x00000028   Code   RO         6996    i.ai_platform_get_weights_map  NetworkRuntime810_CM7_Keil.lib(ai_platform_interface.o)
    0x080102fc   0x080102fc   0x00000042   Code   RO         6997    i.ai_platform_inputs_get  NetworkRuntime810_CM7_Keil.lib(ai_platform_interface.o)
    0x0801033e   0x0801033e   0x00000002   PAD
    0x08010340   0x08010340   0x00000014   Code   RO         6998    i.ai_platform_interface_api_get_version  NetworkRuntime810_CM7_Keil.lib(ai_platform_interface.o)
    0x08010354   0x08010354   0x000000b4   Code   RO         6999    i.ai_platform_network_create  NetworkRuntime810_CM7_Keil.lib(ai_platform_interface.o)
    0x08010408   0x08010408   0x0000001c   Code   RO         7001    i.ai_platform_network_get_error  NetworkRuntime810_CM7_Keil.lib(ai_platform_interface.o)
    0x08010424   0x08010424   0x0000010c   Code   RO         7002    i.ai_platform_network_init  NetworkRuntime810_CM7_Keil.lib(ai_platform_interface.o)
    0x08010530   0x08010530   0x00000046   Code   RO         7003    i.ai_platform_network_post_init  NetworkRuntime810_CM7_Keil.lib(ai_platform_interface.o)
    0x08010576   0x08010576   0x00000054   Code   RO         7004    i.ai_platform_network_process  NetworkRuntime810_CM7_Keil.lib(ai_platform_interface.o)
    0x080105ca   0x080105ca   0x0000000c   Code   RO         7005    i.ai_platform_network_set_error  NetworkRuntime810_CM7_Keil.lib(ai_platform_interface.o)
    0x080105d6   0x080105d6   0x00000048   Code   RO         7011    i.ai_platform_outputs_get  NetworkRuntime810_CM7_Keil.lib(ai_platform_interface.o)
    0x0801061e   0x0801061e   0x0000000a   Code   RO         7618    i.ai_shape_get_npixels  NetworkRuntime810_CM7_Keil.lib(layers_conv2d_stm32_integer.o)
    0x08010628   0x08010628   0x0000001a   Code   RO         7683    i.ai_shape_get_size  NetworkRuntime810_CM7_Keil.lib(layers_nl_stm32_integer.o)
    0x08010642   0x08010642   0x0000001a   Code   RO         7745    i.ai_shape_get_size  NetworkRuntime810_CM7_Keil.lib(layers_stm32_integer.o)
    0x0801065c   0x0801065c   0x0000001a   Code   RO         7770    i.ai_shape_get_size  NetworkRuntime810_CM7_Keil.lib(layers_dw_sssa8_ch.o)
    0x08010676   0x08010676   0x0000001a   Code   RO         7835    i.ai_shape_get_size  NetworkRuntime810_CM7_Keil.lib(core_convert.o)
    0x08010690   0x08010690   0x0000002e   Code   RO         7746    i.ai_shape_is_same  NetworkRuntime810_CM7_Keil.lib(layers_stm32_integer.o)
    0x080106be   0x080106be   0x0000001e   Code   RO         7747    i.ai_shape_is_scalar  NetworkRuntime810_CM7_Keil.lib(layers_stm32_integer.o)
    0x080106dc   0x080106dc   0x0000039e   Code   RO         7272    i.ai_sum_buffer_INT8  NetworkRuntime810_CM7_Keil.lib(ai_math_helpers.o)
    0x08010a7a   0x08010a7a   0x00000012   Code   RO         7281    i.ai_sum_f32        NetworkRuntime810_CM7_Keil.lib(ai_math_helpers.o)
    0x08010a8c   0x08010a8c   0x0000000c   Code   RO         7900    i.ai_version_get    NetworkRuntime810_CM7_Keil.lib(ai_datatypes_internal.o)
    0x08010a98   0x08010a98   0x00000094   Code   RO         8444    i.align_factor      NetworkRuntime810_CM7_Keil.lib(st_convolve_reference.o)
    0x08010b2c   0x08010b2c   0x0000004c   Code   RO         8445    i.align_factor_ch   NetworkRuntime810_CM7_Keil.lib(st_convolve_reference.o)
    0x08010b78   0x08010b78   0x000000f0   Code   RO         8490    i.arm_float_to_q15  NetworkRuntime810_CM7_Keil.lib(arm_float_to_q15.o)
    0x08010c68   0x08010c68   0x000000fc   Code   RO         8482    i.arm_float_to_q7   NetworkRuntime810_CM7_Keil.lib(arm_float_to_q7.o)
    0x08010d64   0x08010d64   0x0000008c   Code   RO         8514    i.arm_q15_to_float  NetworkRuntime810_CM7_Keil.lib(arm_q15_to_float.o)
    0x08010df0   0x08010df0   0x0000008c   Code   RO         8498    i.arm_q7_to_float   NetworkRuntime810_CM7_Keil.lib(arm_q7_to_float.o)
    0x08010e7c   0x08010e7c   0x000000ac   Code   RO         1137    i.copy_rgb_to_in_data  main.o
    0x08010f28   0x08010f28   0x0000015c   Code   RO         7968    i.core_compute_offsets  NetworkRuntime810_CM7_Keil.lib(core_utils.o)
    0x08011084   0x08011084   0x00000060   Code   RO         7969    i.core_get_broadcasted_shape  NetworkRuntime810_CM7_Keil.lib(core_utils.o)
    0x080110e4   0x080110e4   0x0000000c   Code   RO         7948    i.core_get_error    NetworkRuntime810_CM7_Keil.lib(core_common.o)
    0x080110f0   0x080110f0   0x00000004   Code   RO         7949    i.core_init         NetworkRuntime810_CM7_Keil.lib(core_common.o)
    0x080110f4   0x080110f4   0x0000000c   Code   RO         7771    i.core_nl_get_params  NetworkRuntime810_CM7_Keil.lib(layers_dw_sssa8_ch.o)
    0x08011100   0x08011100   0x0000000c   Code   RO         7805    i.core_nl_get_params  NetworkRuntime810_CM7_Keil.lib(layers_pw_sssa8_ch.o)
    0x0801110c   0x0801110c   0x00000012   Code   RO         7772    i.core_nl_get_params_ptr  NetworkRuntime810_CM7_Keil.lib(layers_dw_sssa8_ch.o)
    0x0801111e   0x0801111e   0x00000012   Code   RO         7806    i.core_nl_get_params_ptr  NetworkRuntime810_CM7_Keil.lib(layers_pw_sssa8_ch.o)
    0x08011130   0x08011130   0x0000001a   Code   RO         7950    i.core_set_error    NetworkRuntime810_CM7_Keil.lib(core_common.o)
    0x0801114a   0x0801114a   0x0000000c   Code   RO         1029    i.delay_ms          delay.o
    0x08011156   0x08011156   0x000000b0   Code   RO         7712    i.forward_ap_integer_INT8  NetworkRuntime810_CM7_Keil.lib(layers_pool_stm32_integer.o)
    0x08011206   0x08011206   0x00000002   PAD
    0x08011208   0x08011208   0x0000028c   Code   RO         7822    i.forward_conv2d_rgb_sssa8_ch  NetworkRuntime810_CM7_Keil.lib(layers_conv2d_rgb_sssa8_ch.o)
    0x08011494   0x08011494   0x000001b8   Code   RO         7637    i.forward_dense_integer_SSSA  NetworkRuntime810_CM7_Keil.lib(layers_conv2d_stm32_integer.o)
    0x0801164c   0x0801164c   0x00000260   Code   RO         7775    i.forward_dw_3x3_sssa8_ch  NetworkRuntime810_CM7_Keil.lib(layers_dw_sssa8_ch.o)
    0x080118ac   0x080118ac   0x00000364   Code   RO         7752    i.forward_eltwise_integer_INT8  NetworkRuntime810_CM7_Keil.lib(layers_stm32_integer.o)
    0x08011c10   0x08011c10   0x00000380   Code   RO         8086    i.forward_lite_conv2d_rgb_sssa8_ch  NetworkRuntime810_CM7_Keil.lib(forward_lite_conv2d_sssa8_ch.o)
    0x08011f90   0x08011f90   0x00000432   Code   RO         8056    i.forward_lite_dw_3x3_sssa8_ch  NetworkRuntime810_CM7_Keil.lib(forward_lite_dw_sssa8_ch.o)
    0x080123c2   0x080123c2   0x0000004a   Code   RO         8102    i.forward_lite_nl_softmax_is8os8  NetworkRuntime810_CM7_Keil.lib(lite_nl_generic_integer.o)
    0x0801240c   0x0801240c   0x0000004a   Code   RO         8103    i.forward_lite_nl_softmax_iu8ou8  NetworkRuntime810_CM7_Keil.lib(lite_nl_generic_integer.o)
    0x08012456   0x08012456   0x0000004a   Code   RO         7994    i.forward_lite_node_convert_integer_is8ou8  NetworkRuntime810_CM7_Keil.lib(forward_lite_convert.o)
    0x080124a0   0x080124a0   0x0000004a   Code   RO         7995    i.forward_lite_node_convert_integer_is8ou8_fast  NetworkRuntime810_CM7_Keil.lib(forward_lite_convert.o)
    0x080124ea   0x080124ea   0x00000002   PAD
    0x080124ec   0x080124ec   0x00000060   Code   RO         7997    i.forward_lite_node_convert_integer_iu8os8  NetworkRuntime810_CM7_Keil.lib(forward_lite_convert.o)
    0x0801254c   0x0801254c   0x00000052   Code   RO         7998    i.forward_lite_node_convert_integer_iu8os8_fast  NetworkRuntime810_CM7_Keil.lib(forward_lite_convert.o)
    0x0801259e   0x0801259e   0x0000004a   Code   RO         7999    i.forward_lite_node_convert_integer_iu8ou8  NetworkRuntime810_CM7_Keil.lib(forward_lite_convert.o)
    0x080125e8   0x080125e8   0x00000110   Code   RO         8546    i.forward_lite_pad_8bit_ch1st_3x3_constant  NetworkRuntime810_CM7_Keil.lib(forward_lite_pad_generic.o)
    0x080126f8   0x080126f8   0x000000e8   Code   RO         8547    i.forward_lite_pad_constant  NetworkRuntime810_CM7_Keil.lib(forward_lite_pad_generic.o)
    0x080127e0   0x080127e0   0x000000a8   Code   RO         8548    i.forward_lite_pad_edge  NetworkRuntime810_CM7_Keil.lib(forward_lite_pad_generic.o)
    0x08012888   0x08012888   0x000000ec   Code   RO         8549    i.forward_lite_pad_reflect  NetworkRuntime810_CM7_Keil.lib(forward_lite_pad_generic.o)
    0x08012974   0x08012974   0x0000010a   Code   RO         8074    i.forward_lite_pw_sssa8_ch  NetworkRuntime810_CM7_Keil.lib(forward_lite_pw_sssa8_ch.o)
    0x08012a7e   0x08012a7e   0x00000022   Code   RO         7546    i.forward_pad       NetworkRuntime810_CM7_Keil.lib(layers_generic_float.o)
    0x08012aa0   0x08012aa0   0x00000078   Code   RO         7937    i.forward_pad_8bit_ch1st_3x3_constant  NetworkRuntime810_CM7_Keil.lib(layers_pad_generic.o)
    0x08012b18   0x08012b18   0x000000b4   Code   RO         7938    i.forward_pad_constant  NetworkRuntime810_CM7_Keil.lib(layers_pad_generic.o)
    0x08012bcc   0x08012bcc   0x0000009e   Code   RO         7939    i.forward_pad_edge  NetworkRuntime810_CM7_Keil.lib(layers_pad_generic.o)
    0x08012c6a   0x08012c6a   0x000000d8   Code   RO         7940    i.forward_pad_reflect  NetworkRuntime810_CM7_Keil.lib(layers_pad_generic.o)
    0x08012d42   0x08012d42   0x00000002   PAD
    0x08012d44   0x08012d44   0x000002b4   Code   RO         7807    i.forward_pw_sssa8_ch  NetworkRuntime810_CM7_Keil.lib(layers_pw_sssa8_ch.o)
    0x08012ff8   0x08012ff8   0x000000c8   Code   RO         7688    i.forward_sm_integer  NetworkRuntime810_CM7_Keil.lib(layers_nl_stm32_integer.o)
    0x080130c0   0x080130c0   0x00000002   Code   RO         7783    i.func_dummy        NetworkRuntime810_CM7_Keil.lib(layers_dw_sssa8_ch.o)
    0x080130c2   0x080130c2   0x00000002   Code   RO         7809    i.func_dummy        NetworkRuntime810_CM7_Keil.lib(layers_pw_sssa8_ch.o)
    0x080130c4   0x080130c4   0x00000002   Code   RO         7823    i.func_dummy        NetworkRuntime810_CM7_Keil.lib(layers_conv2d_rgb_sssa8_ch.o)
    0x080130c6   0x080130c6   0x00000002   PAD
    0x080130c8   0x080130c8   0x00000028   Code   RO         7901    i.get_tensor_byte_size  NetworkRuntime810_CM7_Keil.lib(ai_datatypes_internal.o)
    0x080130f0   0x080130f0   0x000001f4   Code   RO         1138    i.main              main.o
    0x080132e4   0x080132e4   0x00001298   Code   RO         6682    i.network_configure_activations  network.o
    0x0801457c   0x0801457c   0x000011b4   Code   RO         6683    i.network_configure_weights  network.o
    0x08015730   0x08015730   0x0000013e   Code   RO         7837    i.node_convert      NetworkRuntime810_CM7_Keil.lib(core_convert.o)
    0x0801586e   0x0801586e   0x00000002   PAD
    0x08015870   0x08015870   0x000001f8   Code   RO         7842    i.node_convert_integer  NetworkRuntime810_CM7_Keil.lib(core_convert.o)
    0x08015a68   0x08015a68   0x000000d4   Code   RO         7719    i.pool_func_ap_array_integer_INT8  NetworkRuntime810_CM7_Keil.lib(layers_pool_stm32_integer.o)
    0x08015b3c   0x08015b3c   0x00000106   Code   RO         8059    i.st_dw_sssa8_ch_Wadapt  NetworkRuntime810_CM7_Keil.lib(forward_lite_dw_sssa8_ch.o)
    0x08015c42   0x08015c42   0x00000002   PAD
    0x08015c44   0x08015c44   0x0000015c   Code   RO         8400    i.st_int8_avepool   NetworkRuntime810_CM7_Keil.lib(st_int8_pool.o)
    0x08015da0   0x08015da0   0x00000084   Code   RO         8472    i.st_int8_copy      NetworkRuntime810_CM7_Keil.lib(st_int8_fill.o)
    0x08015e24   0x08015e24   0x0000005c   Code   RO         8473    i.st_int8_fill      NetworkRuntime810_CM7_Keil.lib(st_int8_fill.o)
    0x08015e80   0x08015e80   0x0000004e   Code   RO         8691    i.st_int8_reordered_no_shift_zero  NetworkRuntime810_CM7_Keil.lib(st_int8_reordered_no_shift.o)
    0x08015ece   0x08015ece   0x00000002   PAD
    0x08015ed0   0x08015ed0   0x00000250   Code   RO         8738    i.st_int8_to16_dual  NetworkRuntime810_CM7_Keil.lib(st_int8_to16_no_shift.o)
    0x08016120   0x08016120   0x00000044   Code   RO         8588    i.st_sssa8_ch_1_output_mgt  NetworkRuntime810_CM7_Keil.lib(st_sssa8_ch_nn_mat_mult_nt_t.o)
    0x08016164   0x08016164   0x0000007a   Code   RO         8589    i.st_sssa8_ch_2_output_mgt  NetworkRuntime810_CM7_Keil.lib(st_sssa8_ch_nn_mat_mult_nt_t.o)
    0x080161de   0x080161de   0x00000002   PAD
    0x080161e0   0x080161e0   0x000000a8   Code   RO         8203    i.st_sssa8_ch_convolve_rank1upd  NetworkRuntime810_CM7_Keil.lib(st_sssa8_ch_convolve.o)
    0x08016288   0x08016288   0x00000056   Code   RO         8590    i.st_sssa8_ch_fullW_prefetch  NetworkRuntime810_CM7_Keil.lib(st_sssa8_ch_nn_mat_mult_nt_t.o)
    0x080162de   0x080162de   0x00000002   PAD
    0x080162e0   0x080162e0   0x0000070e   Code   RO         8616    i.st_sssa8_ch_nn_mat_mult_kernel_opt  NetworkRuntime810_CM7_Keil.lib(st_sssa8_ch_nn_mat_mult_kernel_opt.o)
    0x080169ee   0x080169ee   0x00000002   PAD
    0x080169f0   0x080169f0   0x0000038a   Code   RO         8617    i.st_sssa8_ch_nn_mat_mult_kernel_single_opt  NetworkRuntime810_CM7_Keil.lib(st_sssa8_ch_nn_mat_mult_kernel_opt.o)
    0x08016d7a   0x08016d7a   0x00000002   PAD
    0x08016d7c   0x08016d7c   0x0000066e   Code   RO         8594    i.st_sssa8_ch_nn_mat_mult_nt_t  NetworkRuntime810_CM7_Keil.lib(st_sssa8_ch_nn_mat_mult_nt_t.o)
    0x080173ea   0x080173ea   0x00000002   PAD
    0x080173ec   0x080173ec   0x0000043e   Code   RO         8192    i.st_sssa8_fully_connected  NetworkRuntime810_CM7_Keil.lib(st_sssa8_dense.o)
    0x0801782a   0x0801782a   0x00000002   PAD
    0x0801782c   0x0801782c   0x00000190   Code   RO         8595    i.weights_2channels_prefetch  NetworkRuntime810_CM7_Keil.lib(st_sssa8_ch_nn_mat_mult_nt_t.o)
    0x080179bc   0x080179bc   0x0000008a   Code   RO         8597    i.weights_offset_contribution_calc  NetworkRuntime810_CM7_Keil.lib(st_sssa8_ch_nn_mat_mult_nt_t.o)
    0x08017a46   0x08017a46   0x00000030   Data   RO           25    .constdata          ov_frame.o
    0x08017a76   0x08017a76   0x0000150d   Data   RO          338    .constdata          ov5640.o
    0x08018f83   0x08018f83   0x00000001   PAD
    0x08018f84   0x08018f84   0x00000004   Data   RO         1141    .constdata          main.o
    0x08018f88   0x08018f88   0x00000008   Data   RO         2697    .constdata          stm32h7xx_hal_dma.o
    0x08018f90   0x08018f90   0x00000018   Data   RO         5773    .constdata          stm32h7xx_hal_uart.o
    0x08018fa8   0x08018fa8   0x00000010   Data   RO         6144    .constdata          stm32h7xx_hal_uart_ex.o
    0x08018fb8   0x08018fb8   0x00000010   Data   RO         6253    .constdata          system_stm32h7xx.o
    0x08018fc8   0x08018fc8   0x0000227a   Data   RO         6327    .constdata          font.o
    0x0801b242   0x0801b242   0x00000006   PAD
    0x0801b248   0x0801b248   0x00009d20   Data   RO         6685    .constdata          network.o
    0x08024f68   0x08024f68   0x00000068   Data   RO         6901    .constdata          network_data.o
    0x08024fd0   0x08024fd0   0x0000006c   Data   RO         7014    .constdata          NetworkRuntime810_CM7_Keil.lib(ai_platform_interface.o)
    0x0802503c   0x0802503c   0x00000150   Data   RO         7754    .constdata          NetworkRuntime810_CM7_Keil.lib(layers_stm32_integer.o)
    0x0802518c   0x0802518c   0x0000001c   Data   RO         7974    .constdata          NetworkRuntime810_CM7_Keil.lib(core_utils.o)
    0x080251a8   0x080251a8   0x00000140   Data   RO         8828    .constdata          m_wv.l(powf.o)
    0x080252e8   0x080252e8   0x00000061   Data   RO         6686    .conststring        network.o
    0x08025349   0x08025349   0x00000003   PAD
    0x0802534c   0x0802534c   0x00000030   Data   RO         9250    Region$$Table       anon$$obj.o


    Execution Region RW_IRAM1 (Exec base: 0x20000000, Load base: 0x0802537c, Size: 0x000000c0, Max: 0x00020000, ABSOLUTE)

    Exec Addr    Load Addr    Size         Type   Attr      Idx    E Section Name        Object

    0x20000000   0x0802537c   0x00000031   Data   RW           24    .RAM_D2             ov_frame.o
    0x20000031   0x080253ad   0x0000000f   PAD
    0x20000040   0x080253bc   0x00000080   Data   RW         1139    .RAM_D2             main.o


    Execution Region RW_IRAM2 (Exec base: 0x24000000, Load base: 0x0802543c, Size: 0x00079a20, Max: 0x00080000, ABSOLUTE, COMPRESSED[0x0000290c])

    Exec Addr    Load Addr    Size         Type   Attr      Idx    E Section Name        Object

    0x24000000   COMPRESSED   0x00000032   Data   RW           26    .data               ov_frame.o
    0x24000032   COMPRESSED   0x00000002   Data   RW          339    .data               ov5640.o
    0x24000034   COMPRESSED   0x00000008   Data   RW          492    .data               sdmmc_sdcard.o
    0x2400003c   COMPRESSED   0x00000003   Data   RW          883    .data               w25qxx.o
    0x2400003f   COMPRESSED   0x00000003   Data   RW          993    .data               key.o
    0x24000042   COMPRESSED   0x00000002   PAD
    0x24000044   COMPRESSED   0x0000001c   Data   RW         1142    .data               main.o
    0x24000060   COMPRESSED   0x00000001   Data   RW         1509    .data               usart.o
    0x24000061   COMPRESSED   0x00000003   PAD
    0x24000064   COMPRESSED   0x00000009   Data   RW         3435    .data               stm32h7xx_hal.o
    0x2400006d   COMPRESSED   0x00000003   PAD
    0x24000070   COMPRESSED   0x00000008   Data   RW         6254    .data               system_stm32h7xx.o
    0x24000078   COMPRESSED   0x00000008   Data   RW         6380    .data               lcd.o
    0x24000080   COMPRESSED   0x00007f64   Data   RW         6687    .data               network.o
    0x24007fe4   COMPRESSED   0x00000058   Data   RW         6902    .data               network_data.o
    0x2400803c   COMPRESSED   0x00000004   Data   RW         9219    .data               mc_w.l(errno.o)
    0x24008040        -       0x00000278   Zero   RW          491    .bss                sdmmc_sdcard.o
    0x240082b8        -       0x00000024   Zero   RW         1245    .bss                crc.o
    0x240082dc        -       0x000000c8   Zero   RW         1287    .bss                dcmi.o
    0x240083a4        -       0x00000078   Zero   RW         1327    .bss                dma.o
    0x2400841c        -       0x0000004c   Zero   RW         1362    .bss                quadspi.o
    0x24008468        -       0x0000007c   Zero   RW         1419    .bss                sdmmc.o
    0x240084e4        -       0x00000088   Zero   RW         1461    .bss                spi.o
    0x2400856c        -       0x000002e4   Zero   RW         1508    .bss                usart.o
    0x24008850        -       0x0000000e   Zero   RW         6378    .bss                lcd.o
    0x2400885e   COMPRESSED   0x00000002   PAD
    0x24008860        -       0x00000398   Zero   RW         6684    .bss                network.o
    0x24008bf8   COMPRESSED   0x00000408   PAD
    0x24009000        -       0x00008000   Zero   RW           23    .ARM.__AT_0x24009000  ov_frame.o
    0x24011000        -       0x00068220   Zero   RW         1140    .bss                main.o
    0x24079220        -       0x00000800   Zero   RW            1    STACK               startup_stm32h750xx.o


==============================================================================

Image component sizes


      Code (inc. data)   RO Data    RW Data    ZI Data      Debug   Object Name

       100         18          0          0         36       1475   crc.o
       528         46          0          0        200       2004   dcmi.o
        12          0          0          0          0        507   delay.o
       140         14          0          0        120       1043   dma.o
         0          0       8826          0          0       1134   font.o
       388         20          0          0          0       1119   gpio.o
       124         14          0          3          0        870   key.o
      1572         82          0          8         14      13386   lcd.o
      1534        150          4        156     426528      42832   main.o
      9616       1342      40321      32612        920      92764   network.o
        48          6        104         88          0      15593   network_data.o
      1616         62       5389          2          0      11586   ov5640.o
      1142        298         48         99      32768    1336929   ov_frame.o
       532         44          0          0         76       4040   quadspi.o
       500         32          0          0          0       4635   sccb.o
       288         26          0          0        124       1772   sdmmc.o
      2658        148          0          8        632      20740   sdmmc_sdcard.o
       260         22          0          0        136       1721   spi.o
        36          8        664          0       2048        828   startup_stm32h750xx.o
       272         52          0          9          0      23228   stm32h7xx_hal.o
       378         28          0          0          0      40757   stm32h7xx_hal_cortex.o
       132          4          0          0          0       1107   stm32h7xx_hal_crc.o
       112          0          0          0          0       1211   stm32h7xx_hal_crc_ex.o
      1138         28          0          0          0       7542   stm32h7xx_hal_dcmi.o
      8676        168          8          0          0      14320   stm32h7xx_hal_dma.o
      1780         40          0          0          0       3597   stm32h7xx_hal_dma_ex.o
       932        100          0          0          0       4286   stm32h7xx_hal_gpio.o
        52         10          0          0          0       1031   stm32h7xx_hal_i2c_ex.o
        36          4          0          0          0        798   stm32h7xx_hal_msp.o
        96          6          0          0          0        769   stm32h7xx_hal_pwr_ex.o
      1348          8          0          0          0       6944   stm32h7xx_hal_qspi.o
      3640        114          0          0          0       6848   stm32h7xx_hal_rcc.o
      8084        186          0          0          0      10763   stm32h7xx_hal_rcc_ex.o
      3638         52          0          0          0      18850   stm32h7xx_hal_sd.o
      1496         12          0          0          0       5073   stm32h7xx_hal_spi.o
      5590        204         24          0          0      37860   stm32h7xx_hal_uart.o
       600         14         16          0          0       7073   stm32h7xx_hal_uart_ex.o
       210         58          0          0          0       8646   stm32h7xx_it.o
      2002         66          0          0          0      21990   stm32h7xx_ll_sdmmc.o
       252         40         16          8          0       1278   system_stm32h7xx.o
       648        314          0          0          0        626   task.o
       772         16          0          0          0       6163   text.o
      1672        134          0          1        740       5952   usart.o
       520         32          0          3          0       3991   w25qxx.o

    ----------------------------------------------------------------------
     65222       4022      55478      33020     465376    1795681   Object Totals
         0          0         48          0          0          0   (incl. Generated)
        52          0         10         23       1034          0   (incl. Padding)

    ----------------------------------------------------------------------

      Code (inc. data)   RO Data    RW Data    ZI Data      Debug   Library Member Name

       390         54          0          0          0        368   ai_datatypes_format.o
        52          6          0          0          0        244   ai_datatypes_internal.o
       944          0          0          0          0        256   ai_math_helpers.o
       158          8          0          0          0        368   ai_platform.o
      2748        110        108          0          0       3396   ai_platform_interface.o
       240          4          0          0          0        124   arm_float_to_q15.o
       252          4          0          0          0        124   arm_float_to_q7.o
       140          4          0          0          0        124   arm_q15_to_float.o
       140          4          0          0          0        124   arm_q7_to_float.o
        42          0          0          0          0        348   core_common.o
      1216         22          0          0          0        696   core_convert.o
       444          4         28          0          0        276   core_utils.o
       934          0          0          0          0        264   forward_lite_conv2d_sssa8_ch.o
       400          6          0          0          0        608   forward_lite_convert.o
      1336          0          0          0          0        288   forward_lite_dw_sssa8_ch.o
       908          0          0          0          0        584   forward_lite_pad_generic.o
       266          0          0          0          0        144   forward_lite_pw_sssa8_ch.o
       226          6          0          0          0        628   layers.o
       654         10          0          0          0        288   layers_conv2d_rgb_sssa8_ch.o
       450          6          0          0          0        260   layers_conv2d_stm32_integer.o
       666          8          0          0          0        624   layers_dw_sssa8_ch.o
        34          0          0          0          0        116   layers_generic_float.o
       226          4          0          0          0        260   layers_nl_stm32_integer.o
       674          0          0          0          0        556   layers_pad_generic.o
       388          6          0          0          0        288   layers_pool_stm32_integer.o
       724         10          0          0          0        520   layers_pw_sssa8_ch.o
       970         14        336          0          0        504   layers_stm32_integer.o
      3648        102          0          0          0        584   lite_nl_generic_integer.o
       224          8          0          0          0        256   st_convolve_reference.o
       224          0          0          0          0        256   st_int8_fill.o
       348          4          0          0          0        148   st_int8_pool.o
        78          0          0          0          0        132   st_int8_reordered_no_shift.o
       592          0          0          0          0        148   st_int8_to16_no_shift.o
       222          0          0          0          0        248   st_padding_opt.o
       168          0          0          0          0        140   st_sssa8_ch_convolve.o
      2712          0          0          0          0        296   st_sssa8_ch_nn_mat_mult_kernel_opt.o
      2460          0          0          0          0        828   st_sssa8_ch_nn_mat_mult_nt_t.o
      1086          0          0          0          0        148   st_sssa8_dense.o
        38          0          0          0          0        116   fpclassifyf.o
        78         28          0          0          0        580   funder.o
      1624        130        320          0          0        400   powf.o
        86          0          0          0          0          0   __dczerorl2.o
         0          0          0          0          0          0   entry.o
         0          0          0          0          0          0   entry10a.o
         0          0          0          0          0          0   entry11a.o
         8          4          0          0          0          0   entry2.o
         4          0          0          0          0          0   entry5.o
         0          0          0          0          0          0   entry7b.o
         0          0          0          0          0          0   entry8b.o
         8          4          0          0          0          0   entry9a.o
        12          6          0          4          0         68   errno.o
        30          0          0          0          0          0   handlers.o
        36          8          0          0          0         68   init.o
         0          0          0          0          0          0   iusefp.o
        98          0          0          0          0         84   ldiv.o
        30          0          0          0          0         68   llshl.o
        32          0          0          0          0         68   llushr.o
        26          0          0          0          0         80   memcmp.o
        36          0          0          0          0         68   memcpya.o
        36          0          0          0          0        108   memseta.o
      1172         50          0          0          0        420   printf8.o
        98          0          0          0          0         92   uldiv.o
        66          0          0          0          0         76   ffixl.o
         4          0          0          0          0         68   fpstat.o

    ----------------------------------------------------------------------
     30952        634        792          4          0      17928   Library Totals
        46          0          0          0          0          0   (incl. Padding)

    ----------------------------------------------------------------------

      Code (inc. data)   RO Data    RW Data    ZI Data      Debug   Library Name

     27384        404        472          0          0      15564   NetworkRuntime810_CM7_Keil.lib
      1740        158        320          0          0       1096   m_wv.l
      1712         72          0          4          0       1124   mc_w.l
        70          0          0          0          0        144   mf_w.l

    ----------------------------------------------------------------------
     30952        634        792          4          0      17928   Library Totals

    ----------------------------------------------------------------------

==============================================================================


      Code (inc. data)   RO Data    RW Data    ZI Data      Debug   

     96174       4656      56270      33024     465376    1772869   Grand Totals
     96174       4656      56270      10700     465376    1772869   ELF Image Totals (compressed)
     96174       4656      56270      10700          0          0   ROM Totals

==============================================================================

    Total RO  Size (Code + RO Data)               152444 ( 148.87kB)
    Total RW  Size (RW Data + ZI Data)            498400 ( 486.72kB)
    Total ROM Size (Code + RO Data + RW Data)     163144 ( 159.32kB)

==============================================================================

