Component: ARM Compiler 5.06 update 6 (build 750) Tool: armlink [4d35ed]

==============================================================================

Section Cross References

    startup_stm32h750xx.o(STACK) refers (Special) to heapauxi.o(.text) for __use_two_region_memory
    startup_stm32h750xx.o(HEAP) refers (Special) to heapauxi.o(.text) for __use_two_region_memory
    startup_stm32h750xx.o(RESET) refers (Special) to heapauxi.o(.text) for __use_two_region_memory
    startup_stm32h750xx.o(RESET) refers to startup_stm32h750xx.o(STACK) for __initial_sp
    startup_stm32h750xx.o(RESET) refers to startup_stm32h750xx.o(.text) for Reset_Handler
    startup_stm32h750xx.o(RESET) refers to stm32h7xx_it.o(i.NMI_Handler) for NMI_Handler
    startup_stm32h750xx.o(RESET) refers to stm32h7xx_it.o(i.HardFault_Handler) for HardFault_Handler
    startup_stm32h750xx.o(RESET) refers to stm32h7xx_it.o(i.MemManage_Handler) for MemManage_Handler
    startup_stm32h750xx.o(RESET) refers to stm32h7xx_it.o(i.BusFault_Handler) for BusFault_Handler
    startup_stm32h750xx.o(RESET) refers to stm32h7xx_it.o(i.UsageFault_Handler) for UsageFault_Handler
    startup_stm32h750xx.o(RESET) refers to stm32h7xx_it.o(i.SVC_Handler) for SVC_Handler
    startup_stm32h750xx.o(RESET) refers to stm32h7xx_it.o(i.DebugMon_Handler) for DebugMon_Handler
    startup_stm32h750xx.o(RESET) refers to stm32h7xx_it.o(i.PendSV_Handler) for PendSV_Handler
    startup_stm32h750xx.o(RESET) refers to stm32h7xx_it.o(i.SysTick_Handler) for SysTick_Handler
    startup_stm32h750xx.o(RESET) refers to stm32h7xx_it.o(i.DMA1_Stream0_IRQHandler) for DMA1_Stream0_IRQHandler
    startup_stm32h750xx.o(RESET) refers to stm32h7xx_it.o(i.DMA1_Stream1_IRQHandler) for DMA1_Stream1_IRQHandler
    startup_stm32h750xx.o(RESET) refers to stm32h7xx_it.o(i.DMA1_Stream2_IRQHandler) for DMA1_Stream2_IRQHandler
    startup_stm32h750xx.o(RESET) refers to stm32h7xx_it.o(i.SDMMC1_IRQHandler) for SDMMC1_IRQHandler
    startup_stm32h750xx.o(RESET) refers to stm32h7xx_it.o(i.DCMI_IRQHandler) for DCMI_IRQHandler
    startup_stm32h750xx.o(.text) refers (Special) to heapauxi.o(.text) for __use_two_region_memory
    startup_stm32h750xx.o(.text) refers to system_stm32h7xx_1.o(i.SystemInit) for SystemInit
    startup_stm32h750xx.o(.text) refers to __main.o(!!!main) for __main
    startup_stm32h750xx.o(.text) refers to startup_stm32h750xx.o(HEAP) for Heap_Mem
    startup_stm32h750xx.o(.text) refers to startup_stm32h750xx.o(STACK) for Stack_Mem
    ov_frame.o(i.HAL_DCMI_FrameEventCallback) refers to stm32h7xx_hal_dcmi.o(i.HAL_DCMI_Suspend) for HAL_DCMI_Suspend
    ov_frame.o(i.HAL_DCMI_FrameEventCallback) refers to stm32h7xx_hal_dcmi.o(i.HAL_DCMI_Stop) for HAL_DCMI_Stop
    ov_frame.o(i.HAL_DCMI_FrameEventCallback) refers to ov_frame.o(.data) for .data
    ov_frame.o(i.JPEG_mode) refers to _printf_percent.o(.ARM.Collect$$_printf_percent$$00000000) for _printf_percent
    ov_frame.o(i.JPEG_mode) refers to _printf_s.o(.ARM.Collect$$_printf_percent$$00000014) for _printf_s
    ov_frame.o(i.JPEG_mode) refers to _printf_str.o(.text) for _printf_str
    ov_frame.o(i.JPEG_mode) refers to _printf_d.o(.ARM.Collect$$_printf_percent$$00000009) for _printf_d
    ov_frame.o(i.JPEG_mode) refers to _printf_dec.o(.text) for _printf_int_dec
    ov_frame.o(i.JPEG_mode) refers to usart.o(i.USART1_BaudRate_Init) for USART1_BaudRate_Init
    ov_frame.o(i.JPEG_mode) refers to lcd_1.o(i.LCD_Clear) for LCD_Clear
    ov_frame.o(i.JPEG_mode) refers to text.o(i.Draw_Font16B) for Draw_Font16B
    ov_frame.o(i.JPEG_mode) refers to noretval__2sprintf.o(.text) for __2sprintf
    ov_frame.o(i.JPEG_mode) refers to ov5640.o(i.OV5640_Focus_Init) for OV5640_Focus_Init
    ov_frame.o(i.JPEG_mode) refers to delay.o(i.delay_ms) for delay_ms
    ov_frame.o(i.JPEG_mode) refers to ov5640.o(i.OV5640_JPEG_Mode) for OV5640_JPEG_Mode
    ov_frame.o(i.JPEG_mode) refers to ov5640.o(i.OV5640_Light_Mode) for OV5640_Light_Mode
    ov_frame.o(i.JPEG_mode) refers to ov5640.o(i.OV5640_Color_Saturation) for OV5640_Color_Saturation
    ov_frame.o(i.JPEG_mode) refers to ov5640.o(i.OV5640_Brightness) for OV5640_Brightness
    ov_frame.o(i.JPEG_mode) refers to ov5640.o(i.OV5640_Contrast) for OV5640_Contrast
    ov_frame.o(i.JPEG_mode) refers to ov5640.o(i.OV5640_Sharpness) for OV5640_Sharpness
    ov_frame.o(i.JPEG_mode) refers to ov5640.o(i.OV5640_Focus_Constant) for OV5640_Focus_Constant
    ov_frame.o(i.JPEG_mode) refers to ov5640.o(i.OV5640_OutSize_Set) for OV5640_OutSize_Set
    ov_frame.o(i.JPEG_mode) refers to ov_frame.o(i.Start_OV5640_JPEG) for Start_OV5640_JPEG
    ov_frame.o(i.JPEG_mode) refers to stm32h7xx_hal_gpio.o(i.HAL_GPIO_TogglePin) for HAL_GPIO_TogglePin
    ov_frame.o(i.JPEG_mode) refers to stm32h7xx_hal_uart.o(i.HAL_UART_Transmit_DMA) for HAL_UART_Transmit_DMA
    ov_frame.o(i.JPEG_mode) refers to stm32h7xx_hal_dma.o(i.HAL_DMA_GetState) for HAL_DMA_GetState
[...]
    Removing stm32h7xx_hal_flash_ex.o(i.FLASH_MassErase), (36 bytes).
    Removing stm32h7xx_hal_flash_ex.o(i.FLASH_OB_UserConfig), (132 bytes).
    Removing stm32h7xx_hal_flash_ex.o(i.HAL_FLASHEx_ComputeCRC), (184 bytes).
    Removing stm32h7xx_hal_flash_ex.o(i.HAL_FLASHEx_Erase), (200 bytes).
    Removing stm32h7xx_hal_flash_ex.o(i.HAL_FLASHEx_Erase_IT), (144 bytes).
    Removing stm32h7xx_hal_flash_ex.o(i.HAL_FLASHEx_Lock_Bank1), (20 bytes).
    Removing stm32h7xx_hal_flash_ex.o(i.HAL_FLASHEx_OBGetConfig), (164 bytes).
    Removing stm32h7xx_hal_flash_ex.o(i.HAL_FLASHEx_OBProgram), (276 bytes).
    Removing stm32h7xx_hal_flash_ex.o(i.HAL_FLASHEx_Unlock_Bank1), (44 bytes).
    Removing stm32h7xx_hal_gpio.o(.rev16_text), (4 bytes).
    Removing stm32h7xx_hal_gpio.o(.revsh_text), (4 bytes).
    Removing stm32h7xx_hal_gpio.o(.rrx_text), (6 bytes).
    Removing stm32h7xx_hal_gpio.o(i.HAL_GPIO_EXTI_Callback), (2 bytes).
    Removing stm32h7xx_hal_gpio.o(i.HAL_GPIO_EXTI_IRQHandler), (24 bytes).
    Removing stm32h7xx_hal_gpio.o(i.HAL_GPIO_LockPin), (34 bytes).
    Removing stm32h7xx_hal_hsem.o(.rev16_text), (4 bytes).
    Removing stm32h7xx_hal_hsem.o(.revsh_text), (4 bytes).
    Removing stm32h7xx_hal_hsem.o(.rrx_text), (6 bytes).
    Removing stm32h7xx_hal_hsem.o(i.HAL_HSEM_ActivateNotification), (16 bytes).
    Removing stm32h7xx_hal_hsem.o(i.HAL_HSEM_DeactivateNotification), (16 bytes).
    Removing stm32h7xx_hal_hsem.o(i.HAL_HSEM_FastTake), (32 bytes).
    Removing stm32h7xx_hal_hsem.o(i.HAL_HSEM_FreeCallback), (2 bytes).
    Removing stm32h7xx_hal_hsem.o(i.HAL_HSEM_GetClearKey), (12 bytes).
    Removing stm32h7xx_hal_hsem.o(i.HAL_HSEM_IRQHandler), (32 bytes).
    Removing stm32h7xx_hal_hsem.o(i.HAL_HSEM_IsSemTaken), (20 bytes).
    Removing stm32h7xx_hal_hsem.o(i.HAL_HSEM_Release), (20 bytes).
    Removing stm32h7xx_hal_hsem.o(i.HAL_HSEM_ReleaseAll), (16 bytes).
    Removing stm32h7xx_hal_hsem.o(i.HAL_HSEM_SetClearKey), (16 bytes).
    Removing stm32h7xx_hal_hsem.o(i.HAL_HSEM_Take), (40 bytes).
    Removing stm32h7xx_hal_dma.o(.rev16_text), (4 bytes).
    Removing stm32h7xx_hal_dma.o(.revsh_text), (4 bytes).
    Removing stm32h7xx_hal_dma.o(.rrx_text), (6 bytes).
    Removing stm32h7xx_hal_dma.o(i.HAL_DMA_PollForTransfer), (1102 bytes).
    Removing stm32h7xx_hal_dma.o(i.HAL_DMA_RegisterCallback), (88 bytes).
    Removing stm32h7xx_hal_dma.o(i.HAL_DMA_UnRegisterCallback), (102 bytes).
    Removing stm32h7xx_hal_dma_ex.o(.rev16_text), (4 bytes).
    Removing stm32h7xx_hal_dma_ex.o(.revsh_text), (4 bytes).
    Removing stm32h7xx_hal_dma_ex.o(.rrx_text), (6 bytes).
    Removing stm32h7xx_hal_dma_ex.o(i.HAL_DMAEx_ConfigMuxRequestGenerator), (180 bytes).
    Removing stm32h7xx_hal_dma_ex.o(i.HAL_DMAEx_ConfigMuxSync), (220 bytes).
    Removing stm32h7xx_hal_dma_ex.o(i.HAL_DMAEx_DisableMuxRequestGenerator), (26 bytes).
    Removing stm32h7xx_hal_dma_ex.o(i.HAL_DMAEx_EnableMuxRequestGenerator), (26 bytes).
    Removing stm32h7xx_hal_dma_ex.o(i.HAL_DMAEx_MUX_IRQHandler), (100 bytes).
    Removing stm32h7xx_hal_dma_ex.o(i.HAL_DMAEx_MultiBufferStart), (588 bytes).
    Removing stm32h7xx_hal_mdma.o(.rev16_text), (4 bytes).
    Removing stm32h7xx_hal_mdma.o(.revsh_text), (4 bytes).
    Removing stm32h7xx_hal_mdma.o(.rrx_text), (6 bytes).
    Removing stm32h7xx_hal_mdma.o(i.HAL_MDMA_Abort), (114 bytes).
    Removing stm32h7xx_hal_mdma.o(i.HAL_MDMA_Abort_IT), (38 bytes).
    Removing stm32h7xx_hal_mdma.o(i.HAL_MDMA_ConfigPostRequestMask), (86 bytes).
    Removing stm32h7xx_hal_mdma.o(i.HAL_MDMA_DeInit), (84 bytes).
    Removing stm32h7xx_hal_mdma.o(i.HAL_MDMA_GenerateSWRequest), (52 bytes).
    Removing stm32h7xx_hal_mdma.o(i.HAL_MDMA_GetError), (4 bytes).
    Removing stm32h7xx_hal_mdma.o(i.HAL_MDMA_GetState), (6 bytes).
    Removing stm32h7xx_hal_mdma.o(i.HAL_MDMA_IRQHandler), (376 bytes).
    Removing stm32h7xx_hal_mdma.o(i.HAL_MDMA_Init), (94 bytes).
    Removing stm32h7xx_hal_mdma.o(i.HAL_MDMA_LinkedList_AddNode), (204 bytes).
    Removing stm32h7xx_hal_mdma.o(i.HAL_MDMA_LinkedList_CreateNode), (252 bytes).
    Removing stm32h7xx_hal_mdma.o(i.HAL_MDMA_LinkedList_DisableCircularMode), (76 bytes).
    Removing stm32h7xx_hal_mdma.o(i.HAL_MDMA_LinkedList_EnableCircularMode), (76 bytes).
    Removing stm32h7xx_hal_mdma.o(i.HAL_MDMA_LinkedList_RemoveNode), (186 bytes).
    Removing stm32h7xx_hal_mdma.o(i.HAL_MDMA_PollForTransfer), (238 bytes).
    Removing stm32h7xx_hal_mdma.o(i.HAL_MDMA_RegisterCallback), (86 bytes).
    Removing stm32h7xx_hal_mdma.o(i.HAL_MDMA_Start), (102 bytes).
    Removing stm32h7xx_hal_mdma.o(i.HAL_MDMA_Start_IT), (154 bytes).
    Removing stm32h7xx_hal_mdma.o(i.HAL_MDMA_UnRegisterCallback), (102 bytes).
    Removing stm32h7xx_hal_mdma.o(i.MDMA_Init), (180 bytes).
    Removing stm32h7xx_hal_mdma.o(i.MDMA_SetConfig), (124 bytes).
    Removing stm32h7xx_hal_pwr.o(.rev16_text), (4 bytes).
    Removing stm32h7xx_hal_pwr.o(.revsh_text), (4 bytes).
    Removing stm32h7xx_hal_pwr.o(.rrx_text), (6 bytes).
    Removing stm32h7xx_hal_pwr.o(i.HAL_PWR_ConfigPVD), (132 bytes).
    Removing stm32h7xx_hal_pwr.o(i.HAL_PWR_DeInit), (2 bytes).
    Removing stm32h7xx_hal_pwr.o(i.HAL_PWR_DisableBkUpAccess), (16 bytes).
    Removing stm32h7xx_hal_pwr.o(i.HAL_PWR_DisablePVD), (16 bytes).
    Removing stm32h7xx_hal_pwr.o(i.HAL_PWR_DisableSEVOnPend), (16 bytes).
    Removing stm32h7xx_hal_pwr.o(i.HAL_PWR_DisableSleepOnExit), (16 bytes).
    Removing stm32h7xx_hal_pwr.o(i.HAL_PWR_DisableWakeUpPin), (20 bytes).
    Removing stm32h7xx_hal_pwr.o(i.HAL_PWR_EnableBkUpAccess), (16 bytes).
    Removing stm32h7xx_hal_pwr.o(i.HAL_PWR_EnablePVD), (16 bytes).
    Removing stm32h7xx_hal_pwr.o(i.HAL_PWR_EnableSEVOnPend), (16 bytes).
    Removing stm32h7xx_hal_pwr.o(i.HAL_PWR_EnableSleepOnExit), (16 bytes).
    Removing stm32h7xx_hal_pwr.o(i.HAL_PWR_EnableWakeUpPin), (24 bytes).
    Removing stm32h7xx_hal_pwr.o(i.HAL_PWR_EnterSLEEPMode), (28 bytes).
    Removing stm32h7xx_hal_pwr.o(i.HAL_PWR_EnterSTANDBYMode), (48 bytes).
    Removing stm32h7xx_hal_pwr.o(i.HAL_PWR_EnterSTOPMode), (80 bytes).
    Removing stm32h7xx_hal_pwr.o(i.HAL_PWR_PVDCallback), (2 bytes).
    Removing stm32h7xx_hal_pwr.o(i.HAL_PWR_PVD_IRQHandler), (34 bytes).
    Removing stm32h7xx_hal_pwr_ex.o(.rev16_text), (4 bytes).
    Removing stm32h7xx_hal_pwr_ex.o(.revsh_text), (4 bytes).
    Removing stm32h7xx_hal_pwr_ex.o(.rrx_text), (6 bytes).
    Removing stm32h7xx_hal_pwr_ex.o(i.HAL_PWREx_AVDCallback), (2 bytes).
    Removing stm32h7xx_hal_pwr_ex.o(i.HAL_PWREx_ClearPendingEvent), (4 bytes).
    Removing stm32h7xx_hal_pwr_ex.o(i.HAL_PWREx_ClearWakeupFlag), (28 bytes).
    Removing stm32h7xx_hal_pwr_ex.o(i.HAL_PWREx_ConfigAVD), (128 bytes).
    Removing stm32h7xx_hal_pwr_ex.o(i.HAL_PWREx_ConfigD3Domain), (20 bytes).
    Removing stm32h7xx_hal_pwr_ex.o(i.HAL_PWREx_ControlStopModeVoltageScaling), (20 bytes).
    Removing stm32h7xx_hal_pwr_ex.o(i.HAL_PWREx_ControlVoltageScaling), (204 bytes).
    Removing stm32h7xx_hal_pwr_ex.o(i.HAL_PWREx_DisableAVD), (16 bytes).
    Removing stm32h7xx_hal_pwr_ex.o(i.HAL_PWREx_DisableBatteryCharging), (16 bytes).
    Removing stm32h7xx_hal_pwr_ex.o(i.HAL_PWREx_DisableBkUpReg), (56 bytes).
    Removing stm32h7xx_hal_pwr_ex.o(i.HAL_PWREx_DisableFlashPowerDown), (16 bytes).
    Removing stm32h7xx_hal_pwr_ex.o(i.HAL_PWREx_DisableMonitoring), (16 bytes).
    Removing stm32h7xx_hal_pwr_ex.o(i.HAL_PWREx_DisableUSBReg), (56 bytes).
    Removing stm32h7xx_hal_pwr_ex.o(i.HAL_PWREx_DisableUSBVoltageDetector), (16 bytes).
    Removing stm32h7xx_hal_pwr_ex.o(i.HAL_PWREx_DisableWakeUpPin), (16 bytes).
    Removing stm32h7xx_hal_pwr_ex.o(i.HAL_PWREx_EnableAVD), (16 bytes).
    Removing stm32h7xx_hal_pwr_ex.o(i.HAL_PWREx_EnableBatteryCharging), (28 bytes).
    Removing stm32h7xx_hal_pwr_ex.o(i.HAL_PWREx_EnableBkUpReg), (56 bytes).
    Removing stm32h7xx_hal_pwr_ex.o(i.HAL_PWREx_EnableFlashPowerDown), (16 bytes).
    Removing stm32h7xx_hal_pwr_ex.o(i.HAL_PWREx_EnableMonitoring), (16 bytes).
    Removing stm32h7xx_hal_pwr_ex.o(i.HAL_PWREx_EnableUSBReg), (56 bytes).
    Removing stm32h7xx_hal_pwr_ex.o(i.HAL_PWREx_EnableUSBVoltageDetector), (16 bytes).
    Removing stm32h7xx_hal_pwr_ex.o(i.HAL_PWREx_EnableWakeUpPin), (124 bytes).
    Removing stm32h7xx_hal_pwr_ex.o(i.HAL_PWREx_EnterSTANDBYMode), (56 bytes).
    Removing stm32h7xx_hal_pwr_ex.o(i.HAL_PWREx_EnterSTOPMode), (88 bytes).
    Removing stm32h7xx_hal_pwr_ex.o(i.HAL_PWREx_GetStopModeVoltageRange), (16 bytes).
    Removing stm32h7xx_hal_pwr_ex.o(i.HAL_PWREx_GetSupplyConfig), (16 bytes).
    Removing stm32h7xx_hal_pwr_ex.o(i.HAL_PWREx_GetTemperatureLevel), (32 bytes).
    Removing stm32h7xx_hal_pwr_ex.o(i.HAL_PWREx_GetVBATLevel), (32 bytes).
    Removing stm32h7xx_hal_pwr_ex.o(i.HAL_PWREx_GetVoltageRange), (16 bytes).
    Removing stm32h7xx_hal_pwr_ex.o(i.HAL_PWREx_GetWakeupFlag), (12 bytes).
    Removing stm32h7xx_hal_pwr_ex.o(i.HAL_PWREx_PVD_AVD_IRQHandler), (80 bytes).
    Removing stm32h7xx_hal_pwr_ex.o(i.HAL_PWREx_WAKEUP_PIN_IRQHandler), (124 bytes).
    Removing stm32h7xx_hal_pwr_ex.o(i.HAL_PWREx_WKUP1_Callback), (2 bytes).
    Removing stm32h7xx_hal_pwr_ex.o(i.HAL_PWREx_WKUP2_Callback), (2 bytes).
    Removing stm32h7xx_hal_pwr_ex.o(i.HAL_PWREx_WKUP3_Callback), (2 bytes).
    Removing stm32h7xx_hal_pwr_ex.o(i.HAL_PWREx_WKUP4_Callback), (2 bytes).
    Removing stm32h7xx_hal_pwr_ex.o(i.HAL_PWREx_WKUP5_Callback), (2 bytes).
    Removing stm32h7xx_hal_pwr_ex.o(i.HAL_PWREx_WKUP6_Callback), (2 bytes).
    Removing stm32h7xx_hal.o(.rev16_text), (4 bytes).
    Removing stm32h7xx_hal.o(.revsh_text), (4 bytes).
    Removing stm32h7xx_hal.o(.rrx_text), (6 bytes).
    Removing stm32h7xx_hal.o(i.HAL_DBGMCU_DisableDBGSleepMode), (16 bytes).
    Removing stm32h7xx_hal.o(i.HAL_DBGMCU_DisableDBGStandbyMode), (16 bytes).
    Removing stm32h7xx_hal.o(i.HAL_DBGMCU_DisableDBGStopMode), (16 bytes).
    Removing stm32h7xx_hal.o(i.HAL_DBGMCU_EnableDBGSleepMode), (16 bytes).
    Removing stm32h7xx_hal.o(i.HAL_DBGMCU_EnableDBGStandbyMode), (16 bytes).
    Removing stm32h7xx_hal.o(i.HAL_DBGMCU_EnableDBGStopMode), (16 bytes).
    Removing stm32h7xx_hal.o(i.HAL_DeInit), (116 bytes).
    Removing stm32h7xx_hal.o(i.HAL_DisableCompensationCell), (16 bytes).
    Removing stm32h7xx_hal.o(i.HAL_EXTI_D1_ClearFlag), (22 bytes).
    Removing stm32h7xx_hal.o(i.HAL_EXTI_D1_EventInputConfig), (68 bytes).
    Removing stm32h7xx_hal.o(i.HAL_EXTI_D3_EventInputConfig), (68 bytes).
    Removing stm32h7xx_hal.o(i.HAL_EXTI_EdgeConfig), (52 bytes).
    Removing stm32h7xx_hal.o(i.HAL_EXTI_GenerateSWInterrupt), (24 bytes).
    Removing stm32h7xx_hal.o(i.HAL_EnableCompensationCell), (16 bytes).
    Removing stm32h7xx_hal.o(i.HAL_GetDEVID), (16 bytes).
    Removing stm32h7xx_hal.o(i.HAL_GetFMCMemorySwappingConfig), (16 bytes).
    Removing stm32h7xx_hal.o(i.HAL_GetHalVersion), (8 bytes).
    Removing stm32h7xx_hal.o(i.HAL_GetTickFreq), (12 bytes).
    Removing stm32h7xx_hal.o(i.HAL_GetTickPrio), (12 bytes).
    Removing stm32h7xx_hal.o(i.HAL_GetUIDw0), (12 bytes).
    Removing stm32h7xx_hal.o(i.HAL_GetUIDw1), (12 bytes).
    Removing stm32h7xx_hal.o(i.HAL_GetUIDw2), (12 bytes).
    Removing stm32h7xx_hal.o(i.HAL_MspDeInit), (2 bytes).
    Removing stm32h7xx_hal.o(i.HAL_MspInit), (2 bytes).
    Removing stm32h7xx_hal.o(i.HAL_ResumeTick), (14 bytes).
    Removing stm32h7xx_hal.o(i.HAL_SYSCFG_AnalogSwitchConfig), (16 bytes).
    Removing stm32h7xx_hal.o(i.HAL_SYSCFG_CM7BootAddConfig), (36 bytes).
    Removing stm32h7xx_hal.o(i.HAL_SYSCFG_CompensationCodeConfig), (24 bytes).
    Removing stm32h7xx_hal.o(i.HAL_SYSCFG_CompensationCodeSelect), (20 bytes).
    Removing stm32h7xx_hal.o(i.HAL_SYSCFG_DisableBOOST), (16 bytes).
    Removing stm32h7xx_hal.o(i.HAL_SYSCFG_DisableIOSpeedOptimize), (16 bytes).
    Removing stm32h7xx_hal.o(i.HAL_SYSCFG_DisableVREFBUF), (16 bytes).
    Removing stm32h7xx_hal.o(i.HAL_SYSCFG_ETHInterfaceSelect), (20 bytes).
    Removing stm32h7xx_hal.o(i.HAL_SYSCFG_EnableBOOST), (16 bytes).
    Removing stm32h7xx_hal.o(i.HAL_SYSCFG_EnableIOSpeedOptimize), (16 bytes).
    Removing stm32h7xx_hal.o(i.HAL_SYSCFG_EnableVREFBUF), (48 bytes).
    Removing stm32h7xx_hal.o(i.HAL_SYSCFG_VREFBUF_HighImpedanceConfig), (20 bytes).
    Removing stm32h7xx_hal.o(i.HAL_SYSCFG_VREFBUF_TrimmingConfig), (20 bytes).
    Removing stm32h7xx_hal.o(i.HAL_SYSCFG_VREFBUF_VoltageScalingConfig), (20 bytes).
    Removing stm32h7xx_hal.o(i.HAL_SetFMCMemorySwappingConfig), (20 bytes).
    Removing stm32h7xx_hal.o(i.HAL_SetTickFreq), (36 bytes).
    Removing stm32h7xx_hal.o(i.HAL_SuspendTick), (14 bytes).
    Removing stm32h7xx_hal_i2c.o(.rev16_text), (4 bytes).
    Removing stm32h7xx_hal_i2c.o(.revsh_text), (4 bytes).
    Removing stm32h7xx_hal_i2c.o(.rrx_text), (6 bytes).
    Removing stm32h7xx_hal_i2c.o(i.HAL_I2C_AbortCpltCallback), (2 bytes).
    Removing stm32h7xx_hal_i2c.o(i.HAL_I2C_AddrCallback), (2 bytes).
    Removing stm32h7xx_hal_i2c.o(i.HAL_I2C_DeInit), (52 bytes).
    Removing stm32h7xx_hal_i2c.o(i.HAL_I2C_DisableListen_IT), (56 bytes).
    Removing stm32h7xx_hal_i2c.o(i.HAL_I2C_ER_IRQHandler), (104 bytes).
    Removing stm32h7xx_hal_i2c.o(i.HAL_I2C_EV_IRQHandler), (16 bytes).
    Removing stm32h7xx_hal_i2c.o(i.HAL_I2C_EnableListen_IT), (40 bytes).
    Removing stm32h7xx_hal_i2c.o(i.HAL_I2C_ErrorCallback), (2 bytes).
    Removing stm32h7xx_hal_i2c.o(i.HAL_I2C_GetError), (4 bytes).
    Removing stm32h7xx_hal_i2c.o(i.HAL_I2C_GetMode), (6 bytes).
    Removing stm32h7xx_hal_i2c.o(i.HAL_I2C_GetState), (6 bytes).
    Removing stm32h7xx_hal_i2c.o(i.HAL_I2C_Init), (184 bytes).
    Removing stm32h7xx_hal_i2c.o(i.HAL_I2C_IsDeviceReady), (292 bytes).
    Removing stm32h7xx_hal_i2c.o(i.HAL_I2C_ListenCpltCallback), (2 bytes).
    Removing stm32h7xx_hal_i2c.o(i.HAL_I2C_MasterRxCpltCallback), (2 bytes).
    Removing stm32h7xx_hal_i2c.o(i.HAL_I2C_MasterTxCpltCallback), (2 bytes).
    Removing stm32h7xx_hal_i2c.o(i.HAL_I2C_Master_Abort_IT), (124 bytes).
    Removing stm32h7xx_hal_i2c.o(i.HAL_I2C_Master_Receive), (292 bytes).
    Removing stm32h7xx_hal_i2c.o(i.HAL_I2C_Master_Receive_DMA), (296 bytes).
    Removing stm32h7xx_hal_i2c.o(i.HAL_I2C_Master_Receive_IT), (136 bytes).
    Removing stm32h7xx_hal_i2c.o(i.HAL_I2C_Master_Seq_Receive_DMA), (328 bytes).
    Removing stm32h7xx_hal_i2c.o(i.HAL_I2C_Master_Seq_Receive_IT), (164 bytes).
    Removing stm32h7xx_hal_i2c.o(i.HAL_I2C_Master_Seq_Transmit_DMA), (328 bytes).
    Removing stm32h7xx_hal_i2c.o(i.HAL_I2C_Master_Seq_Transmit_IT), (160 bytes).
    Removing stm32h7xx_hal_i2c.o(i.HAL_I2C_Master_Transmit), (292 bytes).
    Removing stm32h7xx_hal_i2c.o(i.HAL_I2C_Master_Transmit_DMA), (296 bytes).
    Removing stm32h7xx_hal_i2c.o(i.HAL_I2C_Master_Transmit_IT), (136 bytes).
    Removing stm32h7xx_hal_i2c.o(i.HAL_I2C_MemRxCpltCallback), (2 bytes).
    Removing stm32h7xx_hal_i2c.o(i.HAL_I2C_MemTxCpltCallback), (2 bytes).
    Removing stm32h7xx_hal_i2c.o(i.HAL_I2C_Mem_Read), (356 bytes).
    Removing stm32h7xx_hal_i2c.o(i.HAL_I2C_Mem_Read_DMA), (264 bytes).
    Removing stm32h7xx_hal_i2c.o(i.HAL_I2C_Mem_Read_IT), (152 bytes).
    Removing stm32h7xx_hal_i2c.o(i.HAL_I2C_Mem_Write), (344 bytes).
    Removing stm32h7xx_hal_i2c.o(i.HAL_I2C_Mem_Write_DMA), (260 bytes).
    Removing stm32h7xx_hal_i2c.o(i.HAL_I2C_Mem_Write_IT), (152 bytes).
    Removing stm32h7xx_hal_i2c.o(i.HAL_I2C_MspDeInit), (2 bytes).
    Removing stm32h7xx_hal_i2c.o(i.HAL_I2C_MspInit), (2 bytes).
    Removing stm32h7xx_hal_i2c.o(i.HAL_I2C_SlaveRxCpltCallback), (2 bytes).
    Removing stm32h7xx_hal_i2c.o(i.HAL_I2C_SlaveTxCpltCallback), (2 bytes).
    Removing stm32h7xx_hal_i2c.o(i.HAL_I2C_Slave_Receive), (312 bytes).
    Removing stm32h7xx_hal_i2c.o(i.HAL_I2C_Slave_Receive_DMA), (220 bytes).
    Removing stm32h7xx_hal_i2c.o(i.HAL_I2C_Slave_Receive_IT), (96 bytes).
    Removing stm32h7xx_hal_i2c.o(i.HAL_I2C_Slave_Seq_Receive_DMA), (368 bytes).
    Removing stm32h7xx_hal_i2c.o(i.HAL_I2C_Slave_Seq_Receive_IT), (208 bytes).
    Removing stm32h7xx_hal_i2c.o(i.HAL_I2C_Slave_Seq_Transmit_DMA), (368 bytes).
    Removing stm32h7xx_hal_i2c.o(i.HAL_I2C_Slave_Seq_Transmit_IT), (208 bytes).
    Removing stm32h7xx_hal_i2c.o(i.HAL_I2C_Slave_Transmit), (346 bytes).
    Removing stm32h7xx_hal_i2c.o(i.HAL_I2C_Slave_Transmit_DMA), (280 bytes).
    Removing stm32h7xx_hal_i2c.o(i.HAL_I2C_Slave_Transmit_IT), (128 bytes).
    Removing stm32h7xx_hal_i2c.o(i.I2C_ConvertOtherXferOptions), (26 bytes).
    Removing stm32h7xx_hal_i2c.o(i.I2C_DMAAbort), (20 bytes).
    Removing stm32h7xx_hal_i2c.o(i.I2C_DMAError), (332 bytes).
    Removing stm32h7xx_hal_i2c.o(i.I2C_DMAMasterReceiveCplt), (82 bytes).
    Removing stm32h7xx_hal_i2c.o(i.I2C_DMAMasterTransmitCplt), (82 bytes).
    Removing stm32h7xx_hal_i2c.o(i.I2C_DMASlaveReceiveCplt), (164 bytes).
    Removing stm32h7xx_hal_i2c.o(i.I2C_DMASlaveTransmitCplt), (30 bytes).
    Removing stm32h7xx_hal_i2c.o(i.I2C_Disable_IRQ), (96 bytes).
    Removing stm32h7xx_hal_i2c.o(i.I2C_Enable_IRQ), (112 bytes).
    Removing stm32h7xx_hal_i2c.o(i.I2C_Flush_TXDR), (34 bytes).
    Removing stm32h7xx_hal_i2c.o(i.I2C_ITAddrCplt), (140 bytes).
    Removing stm32h7xx_hal_i2c.o(i.I2C_ITError), (284 bytes).
    Removing stm32h7xx_hal_i2c.o(i.I2C_ITListenCplt), (100 bytes).
    Removing stm32h7xx_hal_i2c.o(i.I2C_ITMasterCplt), (240 bytes).
    Removing stm32h7xx_hal_i2c.o(i.I2C_ITMasterSeqCplt), (76 bytes).
    Removing stm32h7xx_hal_i2c.o(i.I2C_ITSlaveCplt), (460 bytes).
    Removing stm32h7xx_hal_i2c.o(i.I2C_ITSlaveSeqCplt), (114 bytes).
    Removing stm32h7xx_hal_i2c.o(i.I2C_IsErrorOccurred), (264 bytes).
    Removing stm32h7xx_hal_i2c.o(i.I2C_Master_ISR_DMA), (272 bytes).
    Removing stm32h7xx_hal_i2c.o(i.I2C_Master_ISR_IT), (296 bytes).
    Removing stm32h7xx_hal_i2c.o(i.I2C_Mem_ISR_DMA), (296 bytes).
    Removing stm32h7xx_hal_i2c.o(i.I2C_Mem_ISR_IT), (308 bytes).
    Removing stm32h7xx_hal_i2c.o(i.I2C_RequestMemoryRead), (100 bytes).
    Removing stm32h7xx_hal_i2c.o(i.I2C_RequestMemoryWrite), (100 bytes).
    Removing stm32h7xx_hal_i2c.o(i.I2C_Slave_ISR_DMA), (532 bytes).
    Removing stm32h7xx_hal_i2c.o(i.I2C_Slave_ISR_IT), (288 bytes).
    Removing stm32h7xx_hal_i2c.o(i.I2C_TransferConfig), (48 bytes).
    Removing stm32h7xx_hal_i2c.o(i.I2C_TreatErrorCallback), (42 bytes).
    Removing stm32h7xx_hal_i2c.o(i.I2C_WaitOnFlagUntilTimeout), (110 bytes).
    Removing stm32h7xx_hal_i2c.o(i.I2C_WaitOnRXNEFlagUntilTimeout), (164 bytes).
    Removing stm32h7xx_hal_i2c.o(i.I2C_WaitOnSTOPFlagUntilTimeout), (88 bytes).
    Removing stm32h7xx_hal_i2c.o(i.I2C_WaitOnTXISFlagUntilTimeout), (92 bytes).
    Removing stm32h7xx_hal_i2c_ex.o(.rev16_text), (4 bytes).
    Removing stm32h7xx_hal_i2c_ex.o(.revsh_text), (4 bytes).
    Removing stm32h7xx_hal_i2c_ex.o(.rrx_text), (6 bytes).
    Removing stm32h7xx_hal_i2c_ex.o(i.HAL_I2CEx_ConfigAnalogFilter), (86 bytes).
    Removing stm32h7xx_hal_i2c_ex.o(i.HAL_I2CEx_ConfigDigitalFilter), (82 bytes).
    Removing stm32h7xx_hal_i2c_ex.o(i.HAL_I2CEx_DisableFastModePlus), (40 bytes).
    Removing stm32h7xx_hal_i2c_ex.o(i.HAL_I2CEx_DisableWakeUp), (78 bytes).
    Removing stm32h7xx_hal_i2c_ex.o(i.HAL_I2CEx_EnableWakeUp), (78 bytes).
    Removing stm32h7xx_hal_exti.o(.rev16_text), (4 bytes).
    Removing stm32h7xx_hal_exti.o(.revsh_text), (4 bytes).
    Removing stm32h7xx_hal_exti.o(.rrx_text), (6 bytes).
    Removing stm32h7xx_hal_exti.o(i.HAL_EXTI_ClearConfigLine), (200 bytes).
    Removing stm32h7xx_hal_exti.o(i.HAL_EXTI_ClearPending), (28 bytes).
    Removing stm32h7xx_hal_exti.o(i.HAL_EXTI_GenerateSWI), (28 bytes).
    Removing stm32h7xx_hal_exti.o(i.HAL_EXTI_GetConfigLine), (236 bytes).
    Removing stm32h7xx_hal_exti.o(i.HAL_EXTI_GetHandle), (12 bytes).
    Removing stm32h7xx_hal_exti.o(i.HAL_EXTI_GetPending), (32 bytes).
    Removing stm32h7xx_hal_exti.o(i.HAL_EXTI_IRQHandler), (44 bytes).
    Removing stm32h7xx_hal_exti.o(i.HAL_EXTI_RegisterCallback), (18 bytes).
    Removing stm32h7xx_hal_exti.o(i.HAL_EXTI_SetConfigLine), (264 bytes).
    Removing stm32h7xx_hal_dcmi.o(.rev16_text), (4 bytes).
    Removing stm32h7xx_hal_dcmi.o(.revsh_text), (4 bytes).
    Removing stm32h7xx_hal_dcmi.o(.rrx_text), (6 bytes).
    Removing stm32h7xx_hal_dcmi.o(i.HAL_DCMI_ConfigCrop), (54 bytes).
    Removing stm32h7xx_hal_dcmi.o(i.HAL_DCMI_ConfigSyncUnmask), (50 bytes).
    Removing stm32h7xx_hal_dcmi.o(i.HAL_DCMI_DeInit), (22 bytes).
    Removing stm32h7xx_hal_dcmi.o(i.HAL_DCMI_DisableCrop), (46 bytes).
    Removing stm32h7xx_hal_dcmi.o(i.HAL_DCMI_EnableCrop), (46 bytes).
    Removing stm32h7xx_hal_dcmi.o(i.HAL_DCMI_FrameEventCallback), (2 bytes).
    Removing stm32h7xx_hal_dcmi.o(i.HAL_DCMI_GetError), (4 bytes).
    Removing stm32h7xx_hal_dcmi.o(i.HAL_DCMI_GetState), (6 bytes).
    Removing stm32h7xx_hal_dcmi.o(i.HAL_DCMI_MspDeInit), (2 bytes).
    Removing stm32h7xx_hal_dcmi.o(i.HAL_DCMI_MspInit), (2 bytes).
    Removing stm32h7xx_hal_dcmi.o(i.HAL_DCMI_Resume), (54 bytes).
    Removing stm32h7xx_hal_qspi.o(.rev16_text), (4 bytes).
    Removing stm32h7xx_hal_qspi.o(.revsh_text), (4 bytes).
    Removing stm32h7xx_hal_qspi.o(.rrx_text), (6 bytes).
    Removing stm32h7xx_hal_qspi.o(i.HAL_QSPI_Abort), (144 bytes).
    Removing stm32h7xx_hal_qspi.o(i.HAL_QSPI_AbortCpltCallback), (2 bytes).
    Removing stm32h7xx_hal_qspi.o(i.HAL_QSPI_Abort_IT), (128 bytes).
    Removing stm32h7xx_hal_qspi.o(i.HAL_QSPI_AutoPolling), (170 bytes).
    Removing stm32h7xx_hal_qspi.o(i.HAL_QSPI_AutoPolling_IT), (160 bytes).
    Removing stm32h7xx_hal_qspi.o(i.HAL_QSPI_CmdCpltCallback), (2 bytes).
    Removing stm32h7xx_hal_qspi.o(i.HAL_QSPI_Command_IT), (128 bytes).
    Removing stm32h7xx_hal_qspi.o(i.HAL_QSPI_DeInit), (36 bytes).
    Removing stm32h7xx_hal_qspi.o(i.HAL_QSPI_ErrorCallback), (2 bytes).
    Removing stm32h7xx_hal_qspi.o(i.HAL_QSPI_FifoThresholdCallback), (2 bytes).
    Removing stm32h7xx_hal_qspi.o(i.HAL_QSPI_GetError), (4 bytes).
    Removing stm32h7xx_hal_qspi.o(i.HAL_QSPI_GetFifoThreshold), (12 bytes).
    Removing stm32h7xx_hal_qspi.o(i.HAL_QSPI_GetState), (6 bytes).
    Removing stm32h7xx_hal_qspi.o(i.HAL_QSPI_IRQHandler), (484 bytes).
    Removing stm32h7xx_hal_qspi.o(i.HAL_QSPI_MemoryMapped), (138 bytes).
    Removing stm32h7xx_hal_qspi.o(i.HAL_QSPI_MspDeInit), (2 bytes).
    Removing stm32h7xx_hal_qspi.o(i.HAL_QSPI_MspInit), (2 bytes).
    Removing stm32h7xx_hal_qspi.o(i.HAL_QSPI_Receive_DMA), (288 bytes).
    Removing stm32h7xx_hal_qspi.o(i.HAL_QSPI_Receive_IT), (120 bytes).
    Removing stm32h7xx_hal_qspi.o(i.HAL_QSPI_RxCpltCallback), (2 bytes).
    Removing stm32h7xx_hal_qspi.o(i.HAL_QSPI_SetFifoThreshold), (66 bytes).
    Removing stm32h7xx_hal_qspi.o(i.HAL_QSPI_SetFlashID), (58 bytes).
    Removing stm32h7xx_hal_qspi.o(i.HAL_QSPI_SetTimeout), (4 bytes).
    Removing stm32h7xx_hal_qspi.o(i.HAL_QSPI_StatusMatchCallback), (2 bytes).
    Removing stm32h7xx_hal_qspi.o(i.HAL_QSPI_TimeOutCallback), (2 bytes).
    Removing stm32h7xx_hal_qspi.o(i.HAL_QSPI_Transmit_DMA), (256 bytes).
    Removing stm32h7xx_hal_qspi.o(i.HAL_QSPI_Transmit_IT), (110 bytes).
    Removing stm32h7xx_hal_qspi.o(i.HAL_QSPI_TxCpltCallback), (2 bytes).
    Removing stm32h7xx_hal_qspi.o(i.QSPI_DMAAbortCplt), (58 bytes).
    Removing stm32h7xx_hal_qspi.o(i.QSPI_DMAError), (30 bytes).
    Removing stm32h7xx_hal_qspi.o(i.QSPI_DMARxCplt), (18 bytes).
    Removing stm32h7xx_hal_qspi.o(i.QSPI_DMATxCplt), (18 bytes).
    Removing stm32h7xx_ll_sdmmc.o(.rev16_text), (4 bytes).
    Removing stm32h7xx_ll_sdmmc.o(.revsh_text), (4 bytes).
    Removing stm32h7xx_ll_sdmmc.o(.rrx_text), (6 bytes).
    Removing stm32h7xx_ll_sdmmc.o(i.SDMMC_CmdErase), (50 bytes).
    Removing stm32h7xx_ll_sdmmc.o(i.SDMMC_CmdEraseEndAdd), (50 bytes).
    Removing stm32h7xx_ll_sdmmc.o(i.SDMMC_CmdEraseStartAdd), (50 bytes).
    Removing stm32h7xx_ll_sdmmc.o(i.SDMMC_CmdOpCondition), (42 bytes).
    Removing stm32h7xx_ll_sdmmc.o(i.SDMMC_CmdReadMultiBlock), (50 bytes).
    Removing stm32h7xx_ll_sdmmc.o(i.SDMMC_CmdReadSingleBlock), (50 bytes).
    Removing stm32h7xx_ll_sdmmc.o(i.SDMMC_CmdSDEraseEndAdd), (50 bytes).
    Removing stm32h7xx_ll_sdmmc.o(i.SDMMC_CmdSDEraseStartAdd), (48 bytes).
    Removing stm32h7xx_ll_sdmmc.o(i.SDMMC_CmdSendEXTCSD), (48 bytes).
    Removing stm32h7xx_ll_sdmmc.o(i.SDMMC_CmdSetRelAddMmc), (54 bytes).
    Removing stm32h7xx_ll_sdmmc.o(i.SDMMC_CmdSleepMmc), (50 bytes).
    Removing stm32h7xx_ll_sdmmc.o(i.SDMMC_CmdSwitch), (50 bytes).
    Removing stm32h7xx_ll_sdmmc.o(i.SDMMC_CmdVoltageSwitch), (50 bytes).
    Removing stm32h7xx_ll_sdmmc.o(i.SDMMC_CmdWriteMultiBlock), (50 bytes).
    Removing stm32h7xx_ll_sdmmc.o(i.SDMMC_CmdWriteSingleBlock), (50 bytes).
    Removing stm32h7xx_ll_sdmmc.o(i.SDMMC_GetCommandResponse), (6 bytes).
    Removing stm32h7xx_ll_sdmmc.o(i.SDMMC_GetDataCounter), (4 bytes).
    Removing stm32h7xx_ll_sdmmc.o(i.SDMMC_GetFIFOCount), (6 bytes).
    Removing stm32h7xx_ll_sdmmc.o(i.SDMMC_PowerState_Cycle), (12 bytes).
    Removing stm32h7xx_ll_sdmmc.o(i.SDMMC_PowerState_OFF), (12 bytes).
    Removing stm32h7xx_ll_sdmmc.o(i.SDMMC_SetSDMMCReadWaitMode), (14 bytes).
    Removing stm32h7xx_ll_delayblock.o(.rev16_text), (4 bytes).
    Removing stm32h7xx_ll_delayblock.o(.revsh_text), (4 bytes).
    Removing stm32h7xx_ll_delayblock.o(.rrx_text), (6 bytes).
    Removing stm32h7xx_ll_delayblock.o(i.DelayBlock_Configure), (22 bytes).
    Removing stm32h7xx_ll_delayblock.o(i.DelayBlock_Disable), (8 bytes).
    Removing stm32h7xx_ll_delayblock.o(i.DelayBlock_Enable), (140 bytes).
    Removing stm32h7xx_hal_sd.o(.rev16_text), (4 bytes).
    Removing stm32h7xx_hal_sd.o(.revsh_text), (4 bytes).
    Removing stm32h7xx_hal_sd.o(.rrx_text), (6 bytes).
    Removing stm32h7xx_hal_sd.o(i.HAL_SD_Abort), (216 bytes).
    Removing stm32h7xx_hal_sd.o(i.HAL_SD_AbortCallback), (2 bytes).
    Removing stm32h7xx_hal_sd.o(i.HAL_SD_Abort_IT), (76 bytes).
    Removing stm32h7xx_hal_sd.o(i.HAL_SD_ConfigSpeedBusOperation), (192 bytes).
    Removing stm32h7xx_hal_sd.o(i.HAL_SD_DeInit), (38 bytes).
    Removing stm32h7xx_hal_sd.o(i.HAL_SD_Erase), (196 bytes).
    Removing stm32h7xx_hal_sd.o(i.HAL_SD_GetCardCID), (84 bytes).
    Removing stm32h7xx_hal_sd.o(i.HAL_SD_GetCardInfo), (36 bytes).
    Removing stm32h7xx_hal_sd.o(i.HAL_SD_GetError), (4 bytes).
    Removing stm32h7xx_hal_sd.o(i.HAL_SD_GetState), (6 bytes).
    Removing stm32h7xx_hal_sd.o(i.HAL_SD_MspDeInit), (2 bytes).
    Removing stm32h7xx_hal_sd.o(i.HAL_SD_MspInit), (2 bytes).
    Removing stm32h7xx_hal_sd.o(i.HAL_SD_ReadBlocks), (416 bytes).
    Removing stm32h7xx_hal_sd.o(i.HAL_SD_ReadBlocks_DMA), (212 bytes).
    Removing stm32h7xx_hal_sd.o(i.HAL_SD_ReadBlocks_IT), (196 bytes).
    Removing stm32h7xx_hal_sd.o(i.HAL_SD_WriteBlocks), (440 bytes).
    Removing stm32h7xx_hal_sd.o(i.HAL_SD_WriteBlocks_DMA), (212 bytes).
    Removing stm32h7xx_hal_sd.o(i.HAL_SD_WriteBlocks_IT), (192 bytes).
    Removing stm32h7xx_hal_sd.o(i.SD_SwitchSpeed), (244 bytes).
    Removing stm32h7xx_hal_sd_ex.o(.rev16_text), (4 bytes).
    Removing stm32h7xx_hal_sd_ex.o(.revsh_text), (4 bytes).
    Removing stm32h7xx_hal_sd_ex.o(.rrx_text), (6 bytes).
    Removing stm32h7xx_hal_sd_ex.o(i.HAL_SDEx_ChangeDMABuffer), (14 bytes).
    Removing stm32h7xx_hal_sd_ex.o(i.HAL_SDEx_ConfigDMAMultiBuffer), (32 bytes).
    Removing stm32h7xx_hal_sd_ex.o(i.HAL_SDEx_ReadBlocksDMAMultiBuffer), (196 bytes).
    Removing stm32h7xx_hal_sd_ex.o(i.HAL_SDEx_WriteBlocksDMAMultiBuffer), (172 bytes).
    Removing stm32h7xx_hal_spi.o(.rev16_text), (4 bytes).
    Removing stm32h7xx_hal_spi.o(.revsh_text), (4 bytes).
    Removing stm32h7xx_hal_spi.o(.rrx_text), (6 bytes).
    Removing stm32h7xx_hal_spi.o(i.HAL_SPI_Abort), (296 bytes).
    Removing stm32h7xx_hal_spi.o(i.HAL_SPI_AbortCpltCallback), (2 bytes).
    Removing stm32h7xx_hal_spi.o(i.HAL_SPI_Abort_IT), (308 bytes).
    Removing stm32h7xx_hal_spi.o(i.HAL_SPI_DMAPause), (16 bytes).
    Removing stm32h7xx_hal_spi.o(i.HAL_SPI_DMAResume), (16 bytes).
    Removing stm32h7xx_hal_spi.o(i.HAL_SPI_DMAStop), (16 bytes).
    Removing stm32h7xx_hal_spi.o(i.HAL_SPI_DeInit), (48 bytes).
    Removing stm32h7xx_hal_spi.o(i.HAL_SPI_ErrorCallback), (2 bytes).
    Removing stm32h7xx_hal_spi.o(i.HAL_SPI_GetError), (6 bytes).
    Removing stm32h7xx_hal_spi.o(i.HAL_SPI_GetState), (6 bytes).
    Removing stm32h7xx_hal_spi.o(i.HAL_SPI_IRQHandler), (540 bytes).
    Removing stm32h7xx_hal_spi.o(i.HAL_SPI_MspDeInit), (2 bytes).
    Removing stm32h7xx_hal_spi.o(i.HAL_SPI_MspInit), (2 bytes).
    Removing stm32h7xx_hal_spi.o(i.HAL_SPI_Receive), (446 bytes).
    Removing stm32h7xx_hal_spi.o(i.HAL_SPI_Receive_DMA), (388 bytes).
    Removing stm32h7xx_hal_spi.o(i.HAL_SPI_Receive_IT), (208 bytes).
    Removing stm32h7xx_hal_spi.o(i.HAL_SPI_RxCpltCallback), (2 bytes).
    Removing stm32h7xx_hal_spi.o(i.HAL_SPI_RxHalfCpltCallback), (2 bytes).
    Removing stm32h7xx_hal_spi.o(i.HAL_SPI_SuspendCallback), (2 bytes).
    Removing stm32h7xx_hal_spi.o(i.HAL_SPI_Transmit), (570 bytes).
    Removing stm32h7xx_hal_spi.o(i.HAL_SPI_TransmitReceive_DMA), (468 bytes).
    Removing stm32h7xx_hal_spi.o(i.HAL_SPI_TransmitReceive_IT), (288 bytes).
    Removing stm32h7xx_hal_spi.o(i.HAL_SPI_Transmit_DMA), (376 bytes).
    Removing stm32h7xx_hal_spi.o(i.HAL_SPI_Transmit_IT), (208 bytes).
    Removing stm32h7xx_hal_spi.o(i.HAL_SPI_TxCpltCallback), (2 bytes).
    Removing stm32h7xx_hal_spi.o(i.HAL_SPI_TxHalfCpltCallback), (2 bytes).
    Removing stm32h7xx_hal_spi.o(i.HAL_SPI_TxRxCpltCallback), (2 bytes).
    Removing stm32h7xx_hal_spi.o(i.HAL_SPI_TxRxHalfCpltCallback), (2 bytes).
    Removing stm32h7xx_hal_spi.o(i.SPI_AbortTransfer), (114 bytes).
    Removing stm32h7xx_hal_spi.o(i.SPI_DMAAbortOnError), (26 bytes).
    Removing stm32h7xx_hal_spi.o(i.SPI_DMAError), (44 bytes).
    Removing stm32h7xx_hal_spi.o(i.SPI_DMAHalfReceiveCplt), (10 bytes).
    Removing stm32h7xx_hal_spi.o(i.SPI_DMAHalfTransmitCplt), (10 bytes).
    Removing stm32h7xx_hal_spi.o(i.SPI_DMAHalfTransmitReceiveCplt), (10 bytes).
    Removing stm32h7xx_hal_spi.o(i.SPI_DMAReceiveCplt), (40 bytes).
    Removing stm32h7xx_hal_spi.o(i.SPI_DMARxAbortCallback), (40 bytes).
    Removing stm32h7xx_hal_spi.o(i.SPI_DMATransmitCplt), (40 bytes).
    Removing stm32h7xx_hal_spi.o(i.SPI_DMATransmitReceiveCplt), (40 bytes).
    Removing stm32h7xx_hal_spi.o(i.SPI_DMATxAbortCallback), (40 bytes).
    Removing stm32h7xx_hal_spi.o(i.SPI_RxISR_16BIT), (44 bytes).
    Removing stm32h7xx_hal_spi.o(i.SPI_RxISR_32BIT), (44 bytes).
    Removing stm32h7xx_hal_spi.o(i.SPI_RxISR_8BIT), (46 bytes).
    Removing stm32h7xx_hal_spi.o(i.SPI_TxISR_16BIT), (44 bytes).
    Removing stm32h7xx_hal_spi.o(i.SPI_TxISR_32BIT), (44 bytes).
    Removing stm32h7xx_hal_spi.o(i.SPI_TxISR_8BIT), (46 bytes).
    Removing stm32h7xx_hal_spi_ex.o(.rev16_text), (4 bytes).
    Removing stm32h7xx_hal_spi_ex.o(.revsh_text), (4 bytes).
    Removing stm32h7xx_hal_spi_ex.o(.rrx_text), (6 bytes).
    Removing stm32h7xx_hal_spi_ex.o(i.HAL_SPIEx_ConfigureUnderrun), (136 bytes).
    Removing stm32h7xx_hal_spi_ex.o(i.HAL_SPIEx_EnableLockConfiguration), (98 bytes).
    Removing stm32h7xx_hal_spi_ex.o(i.HAL_SPIEx_FlushRxFifo), (80 bytes).
    Removing stm32h7xx_hal_tim.o(.rev16_text), (4 bytes).
    Removing stm32h7xx_hal_tim.o(.revsh_text), (4 bytes).
    Removing stm32h7xx_hal_tim.o(.rrx_text), (6 bytes).
    Removing stm32h7xx_hal_tim_ex.o(.rev16_text), (4 bytes).
    Removing stm32h7xx_hal_tim_ex.o(.revsh_text), (4 bytes).
    Removing stm32h7xx_hal_tim_ex.o(.rrx_text), (6 bytes).
    Removing stm32h7xx_hal_uart.o(.rev16_text), (4 bytes).
    Removing stm32h7xx_hal_uart.o(.revsh_text), (4 bytes).
    Removing stm32h7xx_hal_uart.o(.rrx_text), (6 bytes).
    Removing stm32h7xx_hal_uart.o(i.HAL_HalfDuplex_EnableReceiver), (76 bytes).
    Removing stm32h7xx_hal_uart.o(i.HAL_HalfDuplex_EnableTransmitter), (76 bytes).
    Removing stm32h7xx_hal_uart.o(i.HAL_HalfDuplex_Init), (116 bytes).
    Removing stm32h7xx_hal_uart.o(i.HAL_LIN_Init), (140 bytes).
    Removing stm32h7xx_hal_uart.o(i.HAL_LIN_SendBreak), (48 bytes).
    Removing stm32h7xx_hal_uart.o(i.HAL_MultiProcessor_DisableMuteMode), (52 bytes).
    Removing stm32h7xx_hal_uart.o(i.HAL_MultiProcessor_EnableMuteMode), (52 bytes).
    Removing stm32h7xx_hal_uart.o(i.HAL_MultiProcessor_EnterMuteMode), (12 bytes).
    Removing stm32h7xx_hal_uart.o(i.HAL_MultiProcessor_Init), (138 bytes).
    Removing stm32h7xx_hal_uart.o(i.HAL_UART_Abort), (260 bytes).
    Removing stm32h7xx_hal_uart.o(i.HAL_UART_AbortCpltCallback), (2 bytes).
    Removing stm32h7xx_hal_uart.o(i.HAL_UART_AbortReceive), (176 bytes).
    Removing stm32h7xx_hal_uart.o(i.HAL_UART_AbortReceiveCpltCallback), (2 bytes).
    Removing stm32h7xx_hal_uart.o(i.HAL_UART_AbortReceive_IT), (192 bytes).
    Removing stm32h7xx_hal_uart.o(i.HAL_UART_AbortTransmit), (140 bytes).
    Removing stm32h7xx_hal_uart.o(i.HAL_UART_AbortTransmitCpltCallback), (2 bytes).
    Removing stm32h7xx_hal_uart.o(i.HAL_UART_AbortTransmit_IT), (148 bytes).
    Removing stm32h7xx_hal_uart.o(i.HAL_UART_Abort_IT), (292 bytes).
    Removing stm32h7xx_hal_uart.o(i.HAL_UART_DMAPause), (116 bytes).
    Removing stm32h7xx_hal_uart.o(i.HAL_UART_DMAResume), (108 bytes).
    Removing stm32h7xx_hal_uart.o(i.HAL_UART_DMAStop), (148 bytes).
    Removing stm32h7xx_hal_uart.o(i.HAL_UART_DisableReceiverTimeout), (72 bytes).
    Removing stm32h7xx_hal_uart.o(i.HAL_UART_EnableReceiverTimeout), (72 bytes).
    Removing stm32h7xx_hal_uart.o(i.HAL_UART_GetError), (6 bytes).
    Removing stm32h7xx_hal_uart.o(i.HAL_UART_GetState), (12 bytes).
    Removing stm32h7xx_hal_uart.o(i.HAL_UART_IRQHandler), (900 bytes).
    Removing stm32h7xx_hal_uart.o(i.HAL_UART_MspDeInit), (2 bytes).
    Removing stm32h7xx_hal_uart.o(i.HAL_UART_MspInit), (2 bytes).
    Removing stm32h7xx_hal_uart.o(i.HAL_UART_Receive), (226 bytes).
    Removing stm32h7xx_hal_uart.o(i.HAL_UART_Receive_DMA), (72 bytes).
    Removing stm32h7xx_hal_uart.o(i.HAL_UART_ReceiverTimeout_Config), (24 bytes).
    Removing stm32h7xx_hal_uart.o(i.HAL_UART_RxHalfCpltCallback), (2 bytes).
    Removing stm32h7xx_hal_uart.o(i.HAL_UART_Transmit), (174 bytes).
    Removing stm32h7xx_hal_uart.o(i.HAL_UART_Transmit_IT), (152 bytes).
    Removing stm32h7xx_hal_uart.o(i.HAL_UART_TxHalfCpltCallback), (2 bytes).
    Removing stm32h7xx_hal_uart.o(i.UART_DMAAbortOnError), (20 bytes).
    Removing stm32h7xx_hal_uart.o(i.UART_DMAReceiveCplt), (132 bytes).
    Removing stm32h7xx_hal_uart.o(i.UART_DMARxAbortCallback), (68 bytes).
    Removing stm32h7xx_hal_uart.o(i.UART_DMARxHalfCplt), (32 bytes).
    Removing stm32h7xx_hal_uart.o(i.UART_DMARxOnlyAbortCallback), (40 bytes).
    Removing stm32h7xx_hal_uart.o(i.UART_DMATxAbortCallback), (76 bytes).
    Removing stm32h7xx_hal_uart.o(i.UART_DMATxOnlyAbortCallback), (40 bytes).
    Removing stm32h7xx_hal_uart.o(i.UART_Start_Receive_DMA), (172 bytes).
    Removing stm32h7xx_hal_uart.o(i.UART_TxISR_16BIT), (82 bytes).
    Removing stm32h7xx_hal_uart.o(i.UART_TxISR_16BIT_FIFOEN), (104 bytes).
    Removing stm32h7xx_hal_uart.o(i.UART_TxISR_8BIT), (78 bytes).
    Removing stm32h7xx_hal_uart.o(i.UART_TxISR_8BIT_FIFOEN), (100 bytes).
    Removing stm32h7xx_hal_uart_ex.o(.rev16_text), (4 bytes).
    Removing stm32h7xx_hal_uart_ex.o(.revsh_text), (4 bytes).
    Removing stm32h7xx_hal_uart_ex.o(.rrx_text), (6 bytes).
    Removing stm32h7xx_hal_uart_ex.o(i.HAL_MultiProcessorEx_AddressLength_Set), (48 bytes).
    Removing stm32h7xx_hal_uart_ex.o(i.HAL_UARTEx_DisableStopMode), (46 bytes).
    Removing stm32h7xx_hal_uart_ex.o(i.HAL_UARTEx_EnableStopMode), (46 bytes).
    Removing stm32h7xx_hal_uart_ex.o(i.HAL_UARTEx_GetRxEventType), (4 bytes).
    Removing stm32h7xx_hal_uart_ex.o(i.HAL_UARTEx_ReceiveToIdle), (298 bytes).
    Removing stm32h7xx_hal_uart_ex.o(i.HAL_UARTEx_ReceiveToIdle_DMA), (82 bytes).
    Removing stm32h7xx_hal_uart_ex.o(i.HAL_UARTEx_ReceiveToIdle_IT), (82 bytes).
    Removing stm32h7xx_hal_uart_ex.o(i.HAL_UARTEx_RxFifoFullCallback), (2 bytes).
    Removing stm32h7xx_hal_uart_ex.o(i.HAL_UARTEx_StopModeWakeUpSourceConfig), (138 bytes).
    Removing stm32h7xx_hal_uart_ex.o(i.HAL_UARTEx_TxFifoEmptyCallback), (2 bytes).
    Removing stm32h7xx_hal_uart_ex.o(i.HAL_UARTEx_WakeupCallback), (2 bytes).
    Removing system_stm32h7xx_1.o(.rev16_text), (4 bytes).
    Removing system_stm32h7xx_1.o(.revsh_text), (4 bytes).
    Removing system_stm32h7xx_1.o(.rrx_text), (6 bytes).
    Removing system_stm32h7xx_1.o(i.SystemCoreClockUpdate), (316 bytes).
    Removing dis_picture.o(.rev16_text), (4 bytes).
    Removing dis_picture.o(.revsh_text), (4 bytes).
    Removing dis_picture.o(.rrx_text), (6 bytes).
    Removing dis_picture.o(i.Show_Picture), (132 bytes).
    Removing lcd_1.o(.rev16_text), (4 bytes).
    Removing lcd_1.o(.revsh_text), (4 bytes).
    Removing lcd_1.o(.rrx_text), (6 bytes).
    Removing lcd_1.o(i.Color_Test), (244 bytes).
    Removing lcd_1.o(i.Demo_Menu), (292 bytes).
    Removing lcd_1.o(i.DisplayButtonDown), (118 bytes).
    Removing lcd_1.o(i.DisplayButtonUp), (126 bytes).
    Removing lcd_1.o(i.Draw_Test), (110 bytes).
    Removing lcd_1.o(i.Font_Test), (332 bytes).
    Removing lcd_1.o(i.LCD_Color_Fill), (72 bytes).
    Removing lcd_1.o(i.LCD_DisplayOff), (6 bytes).
    Removing lcd_1.o(i.LCD_DisplayOn), (6 bytes).
    Removing lcd_1.o(i.LCD_DrawLine), (152 bytes).
    Removing lcd_1.o(i.LCD_DrawPoint), (28 bytes).
    Removing lcd_1.o(i.LCD_DrawRectangle), (68 bytes).
    Removing lcd_1.o(i.LCD_Draw_Circle), (196 bytes).
    Removing lcd_1.o(i.LCD_Fill), (72 bytes).
    Removing lcd_1.o(i.LCD_Pow), (16 bytes).
    Removing lcd_1.o(i.LCD_ShowNum), (116 bytes).
    Removing lcd_1.o(i.LCD_ShowString), (84 bytes).
    Removing lcd_1.o(i.LCD_ShowxNum), (138 bytes).
    Removing lcd_1.o(i.LCD_WriteRAM), (4 bytes).
    Removing lcd_1.o(.conststring), (65 bytes).
    Removing lcd_1.o(.data), (2 bytes).
    Removing lcd_1.o(.data), (2 bytes).
    Removing picture.o(.rev16_text), (4 bytes).
    Removing picture.o(.revsh_text), (4 bytes).
    Removing picture.o(.rrx_text), (6 bytes).
    Removing picture.o(.constdata), (153600 bytes).
    Removing text.o(.rev16_text), (4 bytes).
    Removing text.o(.revsh_text), (4 bytes).
    Removing text.o(.rrx_text), (6 bytes).
    Removing text.o(i.Draw_Font24B), (44 bytes).
    Removing network.o(i.ai_network_destroy), (4 bytes).
    Removing network.o(i.ai_network_forward), (6 bytes).
    Removing network.o(i.ai_network_get_info), (88 bytes).
    Removing network.o(i.ai_network_get_report), (88 bytes).
    Removing network.o(i.ai_network_run), (4 bytes).
    Removing network.o(.constdata), (272 bytes).
    Removing network.o(.conststring), (97 bytes).
    Removing network_data.o(i.ai_network_data_activations_buffer_get), (56 bytes).
    Removing network_data.o(i.ai_network_data_weights_buffer_get), (56 bytes).
    Removing network_data.o(i.ai_network_data_weights_get), (6 bytes).
    Removing network_data_params.o(.data), (12 bytes).
    Removing network_data_params.o(.data), (12 bytes).
    Removing ai_platform.o(i.ai_buffer_array_get_byte_size), (132 bytes).
    Removing ai_platform.o(i.ai_buffer_array_is_empty), (34 bytes).
    Removing ai_platform.o(i.ai_buffer_array_is_valid), (164 bytes).
    Removing ai_platform.o(i.ai_buffer_get_byte_size), (16 bytes).
    Removing ai_platform_interface.o(.rev16_text), (4 bytes).
    Removing ai_platform_interface.o(.revsh_text), (4 bytes).
    Removing ai_platform_interface.o(.rrx_text), (6 bytes).
    Removing ai_platform_interface.o(i._platform_network_io_bind), (528 bytes).
    Removing ai_platform_interface.o(i._platform_network_state_setup), (62 bytes).
    Removing ai_platform_interface.o(i._platform_network_state_update_input), (106 bytes).
    Removing ai_platform_interface.o(i._platform_network_state_update_output), (128 bytes).
    Removing ai_platform_interface.o(i._platform_observer_node_exec_cb), (204 bytes).
    Removing ai_platform_interface.o(i.ai_platform_api_get_network_report), (396 bytes).
    Removing ai_platform_interface.o(i.ai_platform_api_get_version), (20 bytes).
    Removing ai_platform_interface.o(i.ai_platform_context_release), (12 bytes).
    Removing ai_platform_interface.o(i.ai_platform_network_destroy), (22 bytes).
    Removing ai_platform_interface.o(i.ai_platform_network_process), (84 bytes).
    Removing ai_platform_interface.o(i.ai_platform_observer_node_info), (118 bytes).
    Removing ai_platform_interface.o(i.ai_platform_observer_register), (112 bytes).
    Removing ai_platform_interface.o(i.ai_platform_observer_register_s), (84 bytes).
    Removing ai_platform_interface.o(i.ai_platform_observer_unregister), (40 bytes).
    Removing ai_platform_interface.o(i.ai_platform_observer_unregister_s), (34 bytes).
    Removing ai_platform_interface.o(i.ai_platform_runtime_get_revision), (16 bytes).
    Removing ai_platform_interface.o(i.ai_platform_runtime_get_version), (20 bytes).
    Removing ai_math_helpers.o(.rev16_text), (4 bytes).
    Removing ai_math_helpers.o(.revsh_text), (4 bytes).
    Removing ai_math_helpers.o(.rrx_text), (6 bytes).
    Removing ai_math_helpers.o(i.ai_and), (18 bytes).
    Removing ai_math_helpers.o(i.ai_and_buffer), (34 bytes).
    Removing ai_math_helpers.o(i.ai_bitshift_left), (10 bytes).
    Removing ai_math_helpers.o(i.ai_bitshift_left_buffer), (24 bytes).
    Removing ai_math_helpers.o(i.ai_bitshift_left_buffer_u16), (28 bytes).
    Removing ai_math_helpers.o(i.ai_bitshift_left_buffer_u32), (24 bytes).
    Removing ai_math_helpers.o(i.ai_bitshift_left_buffer_u8), (28 bytes).
    Removing ai_math_helpers.o(i.ai_bitshift_left_u16), (10 bytes).
    Removing ai_math_helpers.o(i.ai_bitshift_left_u32), (10 bytes).
    Removing ai_math_helpers.o(i.ai_bitshift_left_u8), (10 bytes).
    Removing ai_math_helpers.o(i.ai_bitshift_right), (10 bytes).
    Removing ai_math_helpers.o(i.ai_bitshift_right_buffer), (24 bytes).
    Removing ai_math_helpers.o(i.ai_bitshift_right_buffer_u16), (28 bytes).
    Removing ai_math_helpers.o(i.ai_bitshift_right_buffer_u32), (24 bytes).
    Removing ai_math_helpers.o(i.ai_bitshift_right_buffer_u8), (28 bytes).
    Removing ai_math_helpers.o(i.ai_bitshift_right_u16), (10 bytes).
    Removing ai_math_helpers.o(i.ai_bitshift_right_u32), (10 bytes).
    Removing ai_math_helpers.o(i.ai_bitshift_right_u8), (10 bytes).
    Removing ai_math_helpers.o(i.ai_div), (18 bytes).
    Removing ai_math_helpers.o(i.ai_div_buffer), (30 bytes).
    Removing ai_math_helpers.o(i.ai_div_buffer_INT8), (344 bytes).
    Removing ai_math_helpers.o(i.ai_div_buffer_UINT8), (130 bytes).
    Removing ai_math_helpers.o(i.ai_div_buffer_f32), (30 bytes).
    Removing ai_math_helpers.o(i.ai_div_buffer_s16), (30 bytes).
    Removing ai_math_helpers.o(i.ai_div_buffer_s32), (24 bytes).
    Removing ai_math_helpers.o(i.ai_div_buffer_s8), (30 bytes).
    Removing ai_math_helpers.o(i.ai_div_buffer_u16), (30 bytes).
    Removing ai_math_helpers.o(i.ai_div_buffer_u32), (24 bytes).
    Removing ai_math_helpers.o(i.ai_div_buffer_u8), (30 bytes).
    Removing ai_math_helpers.o(i.ai_div_f32), (18 bytes).
    Removing ai_math_helpers.o(i.ai_div_s16), (16 bytes).
    Removing ai_math_helpers.o(i.ai_div_s32), (12 bytes).
    Removing ai_math_helpers.o(i.ai_div_s8), (16 bytes).
    Removing ai_math_helpers.o(i.ai_div_u16), (12 bytes).
    Removing ai_math_helpers.o(i.ai_div_u32), (12 bytes).
    Removing ai_math_helpers.o(i.ai_div_u8), (12 bytes).
    Removing ai_math_helpers.o(i.ai_equal), (28 bytes).
    Removing ai_math_helpers.o(i.ai_equal_buffer), (46 bytes).
    Removing ai_math_helpers.o(i.ai_equal_buffer_f32), (46 bytes).
    Removing ai_math_helpers.o(i.ai_equal_buffer_s16), (40 bytes).
    Removing ai_math_helpers.o(i.ai_equal_buffer_s32), (34 bytes).
    Removing ai_math_helpers.o(i.ai_equal_buffer_s8), (40 bytes).
    Removing ai_math_helpers.o(i.ai_equal_buffer_u16), (34 bytes).
    Removing ai_math_helpers.o(i.ai_equal_buffer_u32), (34 bytes).
    Removing ai_math_helpers.o(i.ai_equal_buffer_u8), (34 bytes).
    Removing ai_math_helpers.o(i.ai_equal_f32), (28 bytes).
    Removing ai_math_helpers.o(i.ai_equal_s16), (22 bytes).
    Removing ai_math_helpers.o(i.ai_equal_s32), (18 bytes).
    Removing ai_math_helpers.o(i.ai_equal_s8), (22 bytes).
    Removing ai_math_helpers.o(i.ai_equal_u16), (18 bytes).
    Removing ai_math_helpers.o(i.ai_equal_u32), (18 bytes).
    Removing ai_math_helpers.o(i.ai_equal_u8), (18 bytes).
    Removing ai_math_helpers.o(i.ai_floor_div), (26 bytes).
    Removing ai_math_helpers.o(i.ai_floor_div_buffer), (48 bytes).
    Removing ai_math_helpers.o(i.ai_floor_mod), (22 bytes).
    Removing ai_math_helpers.o(i.ai_floor_mod_buffer), (44 bytes).
    Removing ai_math_helpers.o(i.ai_greater), (28 bytes).
    Removing ai_math_helpers.o(i.ai_greater_buffer), (46 bytes).
    Removing ai_math_helpers.o(i.ai_greater_buffer_f32), (46 bytes).
    Removing ai_math_helpers.o(i.ai_greater_buffer_s16), (40 bytes).
    Removing ai_math_helpers.o(i.ai_greater_buffer_s32), (34 bytes).
    Removing ai_math_helpers.o(i.ai_greater_buffer_s8), (40 bytes).
    Removing ai_math_helpers.o(i.ai_greater_buffer_u16), (34 bytes).
    Removing ai_math_helpers.o(i.ai_greater_buffer_u32), (34 bytes).
    Removing ai_math_helpers.o(i.ai_greater_buffer_u8), (34 bytes).
    Removing ai_math_helpers.o(i.ai_greater_f32), (28 bytes).
    Removing ai_math_helpers.o(i.ai_greater_or_equal), (28 bytes).
    Removing ai_math_helpers.o(i.ai_greater_or_equal_buffer), (46 bytes).
    Removing ai_math_helpers.o(i.ai_greater_or_equal_buffer_f32), (46 bytes).
    Removing ai_math_helpers.o(i.ai_greater_or_equal_buffer_s16), (40 bytes).
    Removing ai_math_helpers.o(i.ai_greater_or_equal_buffer_s32), (34 bytes).
    Removing ai_math_helpers.o(i.ai_greater_or_equal_buffer_s8), (40 bytes).
    Removing ai_math_helpers.o(i.ai_greater_or_equal_buffer_u16), (34 bytes).
    Removing ai_math_helpers.o(i.ai_greater_or_equal_buffer_u32), (34 bytes).
    Removing ai_math_helpers.o(i.ai_greater_or_equal_buffer_u8), (34 bytes).
    Removing ai_math_helpers.o(i.ai_greater_or_equal_f32), (28 bytes).
    Removing ai_math_helpers.o(i.ai_greater_or_equal_s16), (22 bytes).
    Removing ai_math_helpers.o(i.ai_greater_or_equal_s32), (18 bytes).
    Removing ai_math_helpers.o(i.ai_greater_or_equal_s8), (22 bytes).
    Removing ai_math_helpers.o(i.ai_greater_or_equal_u16), (18 bytes).
    Removing ai_math_helpers.o(i.ai_greater_or_equal_u32), (18 bytes).
    Removing ai_math_helpers.o(i.ai_greater_or_equal_u8), (18 bytes).
    Removing ai_math_helpers.o(i.ai_greater_s16), (22 bytes).
    Removing ai_math_helpers.o(i.ai_greater_s32), (18 bytes).
    Removing ai_math_helpers.o(i.ai_greater_s8), (22 bytes).
    Removing ai_math_helpers.o(i.ai_greater_u16), (18 bytes).
    Removing ai_math_helpers.o(i.ai_greater_u32), (18 bytes).
    Removing ai_math_helpers.o(i.ai_greater_u8), (18 bytes).
    Removing ai_math_helpers.o(i.ai_less), (28 bytes).
    Removing ai_math_helpers.o(i.ai_less_buffer), (46 bytes).
    Removing ai_math_helpers.o(i.ai_less_buffer_f32), (46 bytes).
    Removing ai_math_helpers.o(i.ai_less_buffer_s16), (40 bytes).
    Removing ai_math_helpers.o(i.ai_less_buffer_s32), (34 bytes).
    Removing ai_math_helpers.o(i.ai_less_buffer_s8), (40 bytes).
    Removing ai_math_helpers.o(i.ai_less_buffer_u16), (34 bytes).
    Removing ai_math_helpers.o(i.ai_less_buffer_u32), (34 bytes).
    Removing ai_math_helpers.o(i.ai_less_buffer_u8), (34 bytes).
    Removing ai_math_helpers.o(i.ai_less_f32), (28 bytes).
    Removing ai_math_helpers.o(i.ai_less_or_equal), (28 bytes).
    Removing ai_math_helpers.o(i.ai_less_or_equal_buffer), (46 bytes).
    Removing ai_math_helpers.o(i.ai_less_or_equal_buffer_f32), (46 bytes).
    Removing ai_math_helpers.o(i.ai_less_or_equal_buffer_s16), (40 bytes).
    Removing ai_math_helpers.o(i.ai_less_or_equal_buffer_s32), (34 bytes).
    Removing ai_math_helpers.o(i.ai_less_or_equal_buffer_s8), (40 bytes).
    Removing ai_math_helpers.o(i.ai_less_or_equal_buffer_u16), (34 bytes).
    Removing ai_math_helpers.o(i.ai_less_or_equal_buffer_u32), (34 bytes).
    Removing ai_math_helpers.o(i.ai_less_or_equal_buffer_u8), (34 bytes).
    Removing ai_math_helpers.o(i.ai_less_or_equal_f32), (28 bytes).
    Removing ai_math_helpers.o(i.ai_less_or_equal_s16), (22 bytes).
    Removing ai_math_helpers.o(i.ai_less_or_equal_s32), (18 bytes).
    Removing ai_math_helpers.o(i.ai_less_or_equal_s8), (22 bytes).
    Removing ai_math_helpers.o(i.ai_less_or_equal_u16), (18 bytes).
    Removing ai_math_helpers.o(i.ai_less_or_equal_u32), (18 bytes).
    Removing ai_math_helpers.o(i.ai_less_or_equal_u8), (18 bytes).
    Removing ai_math_helpers.o(i.ai_less_s16), (22 bytes).
    Removing ai_math_helpers.o(i.ai_less_s32), (18 bytes).
    Removing ai_math_helpers.o(i.ai_less_s8), (22 bytes).
    Removing ai_math_helpers.o(i.ai_less_u16), (18 bytes).
    Removing ai_math_helpers.o(i.ai_less_u32), (18 bytes).
    Removing ai_math_helpers.o(i.ai_less_u8), (18 bytes).
    Removing ai_math_helpers.o(i.ai_math_cosh), (4 bytes).
    Removing ai_math_helpers.o(i.ai_math_erfinv), (108 bytes).
    Removing ai_math_helpers.o(i.ai_math_exp), (4 bytes).
    Removing ai_math_helpers.o(i.ai_math_hard_sigmoid), (44 bytes).
    Removing ai_math_helpers.o(i.ai_math_hard_swish), (48 bytes).
    Removing ai_math_helpers.o(i.ai_math_pow), (4 bytes).
    Removing ai_math_helpers.o(i.ai_math_prelu), (16 bytes).
    Removing ai_math_helpers.o(i.ai_math_relu), (16 bytes).
    Removing ai_math_helpers.o(i.ai_math_sigmoid), (24 bytes).
    Removing ai_math_helpers.o(i.ai_math_sign), (28 bytes).
    Removing ai_math_helpers.o(i.ai_math_sqrt), (32 bytes).
    Removing ai_math_helpers.o(i.ai_math_swish), (44 bytes).
    Removing ai_math_helpers.o(i.ai_math_tanh), (4 bytes).
    Removing ai_math_helpers.o(i.ai_max), (18 bytes).
    Removing ai_math_helpers.o(i.ai_max_buffer), (30 bytes).
    Removing ai_math_helpers.o(i.ai_max_buffer_INT8), (560 bytes).
    Removing ai_math_helpers.o(i.ai_max_buffer_UINT8), (190 bytes).
    Removing ai_math_helpers.o(i.ai_max_buffer_f32), (30 bytes).
    Removing ai_math_helpers.o(i.ai_max_buffer_s16), (36 bytes).
    Removing ai_math_helpers.o(i.ai_max_buffer_s32), (30 bytes).
    Removing ai_math_helpers.o(i.ai_max_buffer_s8), (36 bytes).
    Removing ai_math_helpers.o(i.ai_max_buffer_u16), (32 bytes).
    Removing ai_math_helpers.o(i.ai_max_buffer_u32), (30 bytes).
    Removing ai_math_helpers.o(i.ai_max_buffer_u8), (30 bytes).
    Removing ai_math_helpers.o(i.ai_max_f32), (18 bytes).
    Removing ai_math_helpers.o(i.ai_max_s16), (18 bytes).
    Removing ai_math_helpers.o(i.ai_max_s32), (14 bytes).
    Removing ai_math_helpers.o(i.ai_max_s8), (18 bytes).
    Removing ai_math_helpers.o(i.ai_max_u16), (14 bytes).
    Removing ai_math_helpers.o(i.ai_max_u32), (14 bytes).
    Removing ai_math_helpers.o(i.ai_max_u8), (14 bytes).
    Removing ai_math_helpers.o(i.ai_min), (18 bytes).
    Removing ai_math_helpers.o(i.ai_min_buffer), (30 bytes).
    Removing ai_math_helpers.o(i.ai_min_buffer_INT8), (560 bytes).
    Removing ai_math_helpers.o(i.ai_min_buffer_UINT8), (190 bytes).
    Removing ai_math_helpers.o(i.ai_min_buffer_f32), (30 bytes).
    Removing ai_math_helpers.o(i.ai_min_buffer_s16), (36 bytes).
    Removing ai_math_helpers.o(i.ai_min_buffer_s32), (30 bytes).
    Removing ai_math_helpers.o(i.ai_min_buffer_s8), (36 bytes).
    Removing ai_math_helpers.o(i.ai_min_buffer_u16), (32 bytes).
    Removing ai_math_helpers.o(i.ai_min_buffer_u32), (30 bytes).
    Removing ai_math_helpers.o(i.ai_min_buffer_u8), (30 bytes).
    Removing ai_math_helpers.o(i.ai_min_f32), (18 bytes).
    Removing ai_math_helpers.o(i.ai_min_s16), (18 bytes).
    Removing ai_math_helpers.o(i.ai_min_s32), (14 bytes).
    Removing ai_math_helpers.o(i.ai_min_s8), (18 bytes).
    Removing ai_math_helpers.o(i.ai_min_u16), (14 bytes).
    Removing ai_math_helpers.o(i.ai_min_u32), (14 bytes).
    Removing ai_math_helpers.o(i.ai_min_u8), (14 bytes).
    Removing ai_math_helpers.o(i.ai_mul), (18 bytes).
    Removing ai_math_helpers.o(i.ai_mul_buffer), (30 bytes).
    Removing ai_math_helpers.o(i.ai_mul_buffer_INT8), (1642 bytes).
    Removing ai_math_helpers.o(i.ai_mul_buffer_UINT8), (130 bytes).
    Removing ai_math_helpers.o(i.ai_mul_buffer_f32), (30 bytes).
    Removing ai_math_helpers.o(i.ai_mul_buffer_s16), (30 bytes).
    Removing ai_math_helpers.o(i.ai_mul_buffer_s32), (22 bytes).
    Removing ai_math_helpers.o(i.ai_mul_buffer_s8), (30 bytes).
    Removing ai_math_helpers.o(i.ai_mul_buffer_u16), (28 bytes).
    Removing ai_math_helpers.o(i.ai_mul_buffer_u32), (22 bytes).
    Removing ai_math_helpers.o(i.ai_mul_buffer_u8), (30 bytes).
    Removing ai_math_helpers.o(i.ai_mul_f32), (18 bytes).
    Removing ai_math_helpers.o(i.ai_mul_s16), (12 bytes).
    Removing ai_math_helpers.o(i.ai_mul_s32), (10 bytes).
    Removing ai_math_helpers.o(i.ai_mul_s8), (12 bytes).
    Removing ai_math_helpers.o(i.ai_mul_u16), (10 bytes).
    Removing ai_math_helpers.o(i.ai_mul_u32), (10 bytes).
    Removing ai_math_helpers.o(i.ai_mul_u8), (12 bytes).
    Removing ai_math_helpers.o(i.ai_or), (14 bytes).
    Removing ai_math_helpers.o(i.ai_or_buffer), (30 bytes).
    Removing ai_math_helpers.o(i.ai_pow), (22 bytes).
    Removing ai_math_helpers.o(i.ai_pow_buffer), (44 bytes).
    Removing ai_math_helpers.o(i.ai_squared_diff), (22 bytes).
    Removing ai_math_helpers.o(i.ai_squared_diff_buffer), (34 bytes).
    Removing ai_math_helpers.o(i.ai_sub), (18 bytes).
    Removing ai_math_helpers.o(i.ai_sub_buffer), (30 bytes).
    Removing ai_math_helpers.o(i.ai_sub_buffer_INT8), (1340 bytes).
    Removing ai_math_helpers.o(i.ai_sub_buffer_UINT8), (190 bytes).
    Removing ai_math_helpers.o(i.ai_sub_buffer_f32), (30 bytes).
    Removing ai_math_helpers.o(i.ai_sub_buffer_s16), (28 bytes).
    Removing ai_math_helpers.o(i.ai_sub_buffer_s32), (22 bytes).
    Removing ai_math_helpers.o(i.ai_sub_buffer_s8), (28 bytes).
    Removing ai_math_helpers.o(i.ai_sub_buffer_u16), (28 bytes).
    Removing ai_math_helpers.o(i.ai_sub_buffer_u32), (22 bytes).
    Removing ai_math_helpers.o(i.ai_sub_buffer_u8), (28 bytes).
    Removing ai_math_helpers.o(i.ai_sub_f32), (18 bytes).
    Removing ai_math_helpers.o(i.ai_sub_s16), (10 bytes).
    Removing ai_math_helpers.o(i.ai_sub_s32), (10 bytes).
    Removing ai_math_helpers.o(i.ai_sub_s8), (10 bytes).
    Removing ai_math_helpers.o(i.ai_sub_u16), (10 bytes).
    Removing ai_math_helpers.o(i.ai_sub_u32), (10 bytes).
    Removing ai_math_helpers.o(i.ai_sub_u8), (10 bytes).
    Removing ai_math_helpers.o(i.ai_sum), (18 bytes).
    Removing ai_math_helpers.o(i.ai_sum_buffer), (30 bytes).
    Removing ai_math_helpers.o(i.ai_sum_buffer_UINT8), (190 bytes).
    Removing ai_math_helpers.o(i.ai_sum_buffer_f32), (30 bytes).
    Removing ai_math_helpers.o(i.ai_sum_buffer_s16), (28 bytes).
    Removing ai_math_helpers.o(i.ai_sum_buffer_s32), (22 bytes).
    Removing ai_math_helpers.o(i.ai_sum_buffer_s8), (28 bytes).
    Removing ai_math_helpers.o(i.ai_sum_buffer_u16), (28 bytes).
    Removing ai_math_helpers.o(i.ai_sum_buffer_u32), (22 bytes).
    Removing ai_math_helpers.o(i.ai_sum_buffer_u8), (28 bytes).
    Removing ai_math_helpers.o(i.ai_sum_s16), (10 bytes).
    Removing ai_math_helpers.o(i.ai_sum_s32), (10 bytes).
    Removing ai_math_helpers.o(i.ai_sum_s8), (10 bytes).
    Removing ai_math_helpers.o(i.ai_sum_u16), (10 bytes).
    Removing ai_math_helpers.o(i.ai_sum_u32), (10 bytes).
    Removing ai_math_helpers.o(i.ai_sum_u8), (10 bytes).
    Removing ai_math_helpers.o(i.ai_xor), (18 bytes).
    Removing ai_math_helpers.o(i.ai_xor_buffer), (34 bytes).
    Removing layers_generic_float.o(.rev16_text), (4 bytes).
    Removing layers_generic_float.o(.revsh_text), (4 bytes).
    Removing layers_generic_float.o(.rrx_text), (6 bytes).
    Removing layers_generic_float.o(i.ActivationValFloat), (204 bytes).
    Removing layers_generic_float.o(i.ApplyTimeWeightBiasAndActivation), (392 bytes).
    Removing layers_generic_float.o(i.__ai_math_dot_array), (248 bytes).
    Removing layers_generic_float.o(i._insertion_sort), (352 bytes).
    Removing layers_generic_float.o(i._shape_dim), (30 bytes).
    Removing layers_generic_float.o(i._td_layer_process), (298 bytes).
    Removing layers_generic_float.o(i._transpose_items), (364 bytes).
    Removing layers_generic_float.o(i.ai_shape_get_size), (26 bytes).
    Removing layers_generic_float.o(i.compute_stride), (252 bytes).
    Removing layers_generic_float.o(i.forward_add), (50 bytes).
    Removing layers_generic_float.o(i.forward_argmax), (534 bytes).
    Removing layers_generic_float.o(i.forward_argmin), (534 bytes).
    Removing layers_generic_float.o(i.forward_concat), (1146 bytes).
    Removing layers_generic_float.o(i.forward_constantofshape), (176 bytes).
    Removing layers_generic_float.o(i.forward_eltwise), (580 bytes).
    Removing layers_generic_float.o(i.forward_gather), (444 bytes).
    Removing layers_generic_float.o(i.forward_instanceNormalization), (448 bytes).
    Removing layers_generic_float.o(i.forward_nop), (2 bytes).
    Removing layers_generic_float.o(i.forward_pack), (178 bytes).
    Removing layers_generic_float.o(i.forward_reduce), (324 bytes).
    Removing layers_generic_float.o(i.forward_reduce_l1), (176 bytes).
    Removing layers_generic_float.o(i.forward_reduce_l2), (176 bytes).
    Removing layers_generic_float.o(i.forward_reduce_log_sum_exp), (640 bytes).
    Removing layers_generic_float.o(i.forward_resize), (1418 bytes).
    Removing layers_generic_float.o(i.forward_reverse), (272 bytes).
    Removing layers_generic_float.o(i.forward_shape), (126 bytes).
    Removing layers_generic_float.o(i.forward_slice), (502 bytes).
    Removing layers_generic_float.o(i.forward_split), (300 bytes).
    Removing layers_generic_float.o(i.forward_svdf), (532 bytes).
    Removing layers_generic_float.o(i.forward_tile), (218 bytes).
    Removing layers_generic_float.o(i.forward_time_delay), (296 bytes).
    Removing layers_generic_float.o(i.forward_time_distributed), (4 bytes).
    Removing layers_generic_float.o(i.forward_topK), (276 bytes).
    Removing layers_generic_float.o(i.forward_transpose), (76 bytes).
    Removing layers_generic_float.o(i.forward_transpose_batch), (288 bytes).
    Removing layers_generic_float.o(i.forward_unpack), (166 bytes).
    Removing layers_generic_float.o(i.forward_upsample), (808 bytes).
    Removing layers_generic_float.o(i.forward_where), (1016 bytes).
    Removing layers_generic_float.o(i.get_prev_axis_expanded_shape), (52 bytes).
    Removing layers_generic_float.o(i.update_shape_stride), (1000 bytes).
    Removing layers_generic_float.o(.constdata), (640 bytes).
    Removing layers_conv2d_stm32_integer.o(.rev16_text), (4 bytes).
    Removing layers_conv2d_stm32_integer.o(.revsh_text), (4 bytes).
    Removing layers_conv2d_stm32_integer.o(.rrx_text), (6 bytes).
    Removing layers_conv2d_stm32_integer.o(i._get_conv2d_case), (194 bytes).
    Removing layers_conv2d_stm32_integer.o(i._get_quantization_type), (40 bytes).
    Removing layers_conv2d_stm32_integer.o(i.ai_shape_get_size), (26 bytes).
    Removing layers_conv2d_stm32_integer.o(i.core_nl_get_params), (12 bytes).
    Removing layers_conv2d_stm32_integer.o(i.core_nl_get_params_ptr), (18 bytes).
    Removing layers_conv2d_stm32_integer.o(i.forward_conv2d_integer), (166 bytes).
    Removing layers_conv2d_stm32_integer.o(i.forward_conv2d_integer_SSSA), (1216 bytes).
    Removing layers_conv2d_stm32_integer.o(i.forward_conv2d_integer_SSSA_ch), (1144 bytes).
    Removing layers_conv2d_stm32_integer.o(i.forward_conv2d_integer_SSUA), (1180 bytes).
    Removing layers_conv2d_stm32_integer.o(i.forward_conv2d_integer_SSUA_ch), (1256 bytes).
    Removing layers_conv2d_stm32_integer.o(i.forward_conv2d_integer_UAUA), (1228 bytes).
    Removing layers_conv2d_stm32_integer.o(i.forward_conv2d_integer_UAUA_ch), (1266 bytes).
    Removing layers_conv2d_stm32_integer.o(i.forward_conv2d_nl_pool_integer), (166 bytes).
    Removing layers_conv2d_stm32_integer.o(i.forward_conv2d_nl_pool_integer_SSSA), (1720 bytes).
    Removing layers_conv2d_stm32_integer.o(i.forward_conv2d_nl_pool_integer_SSSA_ch), (1690 bytes).
    Removing layers_conv2d_stm32_integer.o(i.forward_conv2d_nl_pool_integer_SSUA), (1676 bytes).
    Removing layers_conv2d_stm32_integer.o(i.forward_conv2d_nl_pool_integer_SSUA_ch), (1728 bytes).
    Removing layers_conv2d_stm32_integer.o(i.forward_conv2d_nl_pool_integer_UAUA), (1718 bytes).
    Removing layers_conv2d_stm32_integer.o(i.forward_conv2d_nl_pool_integer_UAUA_ch), (1732 bytes).
    Removing layers_conv2d_stm32_integer.o(i.forward_dense_integer), (166 bytes).
    Removing layers_conv2d_stm32_integer.o(i.forward_dense_integer_SSSA_ch), (428 bytes).
    Removing layers_conv2d_stm32_integer.o(i.forward_dense_integer_SSUA), (436 bytes).
    Removing layers_conv2d_stm32_integer.o(i.forward_dense_integer_SSUA_ch), (424 bytes).
    Removing layers_conv2d_stm32_integer.o(i.forward_dense_integer_UAUA), (460 bytes).
    Removing layers_conv2d_stm32_integer.o(i.forward_dense_integer_UAUA_ch), (460 bytes).
    Removing layers_conv2d_stm32_integer.o(i.func_dummy), (2 bytes).
    Removing layers_conv2d_stm32_integer.o(i.get_conv2d_scratch_size), (140 bytes).
    Removing layers_conv2d_stm32_integer.o(.constdata), (360 bytes).
    Removing layers_nl_stm32_integer.o(.rev16_text), (4 bytes).
    Removing layers_nl_stm32_integer.o(.revsh_text), (4 bytes).
    Removing layers_nl_stm32_integer.o(.rrx_text), (6 bytes).
    Removing layers_nl_stm32_integer.o(i._nl_prelu_array_alpha_float), (428 bytes).
    Removing layers_nl_stm32_integer.o(i._nl_prelu_array_alpha_integer), (540 bytes).
    Removing layers_nl_stm32_integer.o(i.forward_clip_integer), (98 bytes).
    Removing layers_nl_stm32_integer.o(i.forward_nl_integer), (98 bytes).
    Removing layers_nl_stm32_integer.o(i.forward_prelu_integer), (130 bytes).
    Removing layers_nl_stm32_integer.o(i.forward_relu_integer), (98 bytes).
    Removing layers_nl_stm32_integer.o(i.nl_func_array_integer), (58 bytes).
    Removing layers_nl_stm32_integer.o(i.nl_func_clip_array_integer), (150 bytes).
    Removing layers_nl_stm32_integer.o(i.nl_func_prelu_array_integer), (36 bytes).
    Removing layers_nl_stm32_integer.o(i.nl_func_relu_array_integer), (80 bytes).
    Removing layers_pool_stm32_integer.o(.rev16_text), (4 bytes).
    Removing layers_pool_stm32_integer.o(.revsh_text), (4 bytes).
    Removing layers_pool_stm32_integer.o(.rrx_text), (6 bytes).
    Removing layers_pool_stm32_integer.o(i.forward_ap_integer), (46 bytes).
    Removing layers_pool_stm32_integer.o(i.forward_ap_integer_UINT8), (176 bytes).
    Removing layers_pool_stm32_integer.o(i.forward_mp_integer), (46 bytes).
    Removing layers_pool_stm32_integer.o(i.forward_mp_integer_INT16), (176 bytes).
    Removing layers_pool_stm32_integer.o(i.forward_mp_integer_INT8), (176 bytes).
    Removing layers_pool_stm32_integer.o(i.forward_mp_integer_UINT16), (176 bytes).
    Removing layers_pool_stm32_integer.o(i.forward_mp_integer_UINT8), (176 bytes).
    Removing layers_pool_stm32_integer.o(i.pool_func_ap_array_integer_UINT8), (208 bytes).
    Removing layers_pool_stm32_integer.o(i.pool_func_mp_array_integer_INT16), (216 bytes).
    Removing layers_pool_stm32_integer.o(i.pool_func_mp_array_integer_INT8), (220 bytes).
    Removing layers_pool_stm32_integer.o(i.pool_func_mp_array_integer_UINT16), (212 bytes).
    Removing layers_pool_stm32_integer.o(i.pool_func_mp_array_integer_UINT8), (216 bytes).
    Removing layers_stm32_integer.o(.rev16_text), (4 bytes).
    Removing layers_stm32_integer.o(.revsh_text), (4 bytes).
    Removing layers_stm32_integer.o(.rrx_text), (6 bytes).
    Removing layers_stm32_integer.o(i.forward_add_integer), (46 bytes).
    Removing layers_stm32_integer.o(i.forward_add_integer_INT8), (728 bytes).
    Removing layers_stm32_integer.o(i.forward_add_integer_UINT8), (708 bytes).
    Removing layers_stm32_integer.o(i.forward_eltwise_integer), (46 bytes).
    Removing layers_stm32_integer.o(i.forward_eltwise_integer_UINT8), (784 bytes).
    Removing layers_dw_sssa8_ch.o(.rev16_text), (4 bytes).
    Removing layers_dw_sssa8_ch.o(.revsh_text), (4 bytes).
    Removing layers_dw_sssa8_ch.o(.rrx_text), (6 bytes).
    Removing layers_dw_sssa8_ch.o(i.forward_dw_3x3_ch1st_sssa8_ch), (608 bytes).
    Removing layers_dw_sssa8_ch.o(i.forward_dw_3x3_ch1st_sssa8_ch_nl_pool), (1296 bytes).
    Removing layers_dw_sssa8_ch.o(i.forward_dw_3x3_sssa8_ch_nl_pool), (1310 bytes).
    Removing layers_dw_sssa8_ch.o(i.forward_dw_all_sssa8_ch), (318 bytes).
    Removing layers_dw_sssa8_ch.o(i.forward_dw_all_sssa8_ch_nl_pool), (440 bytes).
    Removing layers_dw_sssa8_ch.o(i.forward_dw_dm_sssa8_ch), (660 bytes).
    Removing layers_dw_sssa8_ch.o(i.forward_dw_dm_sssa8_ch_nl_pool), (1334 bytes).
    Removing layers_dw_sssa8_ch.o(i.forward_dw_sssa8_ch), (644 bytes).
    Removing layers_dw_sssa8_ch.o(i.forward_dw_sssa8_ch_nl_pool), (1324 bytes).
    Removing layers_dw_sssa8_ch.o(.constdata), (300 bytes).
    Removing layers_pw_sssa8_ch.o(.rev16_text), (4 bytes).
    Removing layers_pw_sssa8_ch.o(.revsh_text), (4 bytes).
    Removing layers_pw_sssa8_ch.o(.rrx_text), (6 bytes).
    Removing layers_pw_sssa8_ch.o(i.forward_pw_sssa8_ch_nl_pool), (1152 bytes).
    Removing layers_pw_sssa8_ch.o(.constdata), (60 bytes).
    Removing layers_conv2d_rgb_sssa8_ch.o(.rev16_text), (4 bytes).
    Removing layers_conv2d_rgb_sssa8_ch.o(.revsh_text), (4 bytes).
    Removing layers_conv2d_rgb_sssa8_ch.o(.rrx_text), (6 bytes).
    Removing core_convert.o(.rev16_text), (4 bytes).
    Removing core_convert.o(.revsh_text), (4 bytes).
    Removing core_convert.o(.rrx_text), (6 bytes).
    Removing core_convert.o(i.ai_shape_get_npixels), (10 bytes).
    Removing core_convert.o(i.core_shape_to_stride), (42 bytes).
    Removing core_convert.o(i.node_convert_fixed), (272 bytes).
    Removing core_convert.o(i.node_convert_if32os1), (114 bytes).
    Removing core_convert.o(i.node_convert_if32os16), (140 bytes).
    Removing core_convert.o(i.node_convert_if32ou16), (140 bytes).
    Removing core_convert.o(i.node_convert_is16of32), (140 bytes).
    Removing core_convert.o(i.node_convert_is16ou16), (188 bytes).
    Removing core_convert.o(i.node_convert_is1of32), (124 bytes).
    Removing core_convert.o(i.node_convert_is1os16), (276 bytes).
    Removing core_convert.o(i.node_convert_is1os8), (276 bytes).
    Removing core_convert.o(i.node_convert_is8os1), (138 bytes).
    Removing core_convert.o(i.node_convert_iu16of32), (140 bytes).
    Removing core_convert.o(.constdata), (12 bytes).
    Removing ai_datatypes_format.o(i.ai_array_fmt_exported), (488 bytes).
    Removing ai_datatypes_format.o(i.ai_array_fmt_get_formats), (12 bytes).
    Removing ai_datatypes_format.o(i.ai_array_fmt_name), (1844 bytes).
    Removing ai_datatypes_format.o(i.ai_array_fmt_valid), (516 bytes).
    Removing ai_datatypes_format.o(i.ai_array_get_data_byte_size), (30 bytes).
    Removing ai_datatypes_format.o(i.ai_array_get_elems_from_size), (58 bytes).
    Removing ai_datatypes_format.o(i.ai_buffer_fmt_get_formats), (12 bytes).
    Removing ai_datatypes_format.o(i.ai_buffer_fmt_name), (948 bytes).
    Removing ai_datatypes_format.o(i.ai_buffer_fmt_valid), (284 bytes).
    Removing ai_datatypes_format.o(i.ai_buffer_to_array_fmt), (292 bytes).
    Removing ai_datatypes_format.o(.constdata), (192 bytes).
    Removing ai_datatypes_internal.o(i.ai_from_array_to_buffer), (96 bytes).
    Removing ai_datatypes_internal.o(i.ai_from_buffer_to_array), (40 bytes).
    Removing ai_datatypes_internal.o(i.ai_platform_version_get), (22 bytes).
    Removing ai_datatypes_internal.o(i.get_tensor_byte_size), (40 bytes).
    Removing ai_datatypes_internal.o(i.get_tensor_size), (34 bytes).
    Removing ai_datatypes_internal.o(.constdata), (44 bytes).
    Removing layers.o(.rev16_text), (4 bytes).
    Removing layers.o(.revsh_text), (4 bytes).
    Removing layers.o(.rrx_text), (6 bytes).
    Removing layers.o(i._ai_forward_layer), (18 bytes).
    Removing layers.o(i.ai_layer_get_scratch_size), (132 bytes).
    Removing layers.o(i.ai_layer_type_is_valid), (134 bytes).
    Removing layers.o(i.ai_layer_type_name), (948 bytes).
    Removing layers.o(i.ai_layers_destroy_all), (54 bytes).
    Removing layers.o(i.ai_layers_forward_all), (80 bytes).
    Removing layers_pad_generic.o(.rev16_text), (4 bytes).
    Removing layers_pad_generic.o(.revsh_text), (4 bytes).
    Removing layers_pad_generic.o(.rrx_text), (6 bytes).
    Removing core_mem_manager.o(i.core_mem_alloc), (22 bytes).
    Removing core_mem_manager.o(i.core_mem_free), (10 bytes).
    Removing core_mem_manager.o(i.core_mem_free_), (26 bytes).
    Removing core_mem_manager.o(i.core_mem_realloc), (50 bytes).
    Removing core_mem_manager.o(i.core_mem_unmarshal_), (18 bytes).
    Removing core_utils.o(.rev16_text), (4 bytes).
    Removing core_utils.o(.revsh_text), (4 bytes).
    Removing core_utils.o(.rrx_text), (6 bytes).
    Removing core_utils.o(i.core_array_clone), (10 bytes).
    Removing core_utils.o(i.core_tensor_clone), (92 bytes).
    Removing core_utils.o(i.core_utils_compute_crc32), (90 bytes).
    Removing core_utils.o(i.core_utils_generate_network_signature), (68 bytes).
    Removing core_utils.o(i.serialize_signature_buffer_), (220 bytes).
    Removing forward_lite_convert.o(.rev16_text), (4 bytes).
    Removing forward_lite_convert.o(.revsh_text), (4 bytes).
    Removing forward_lite_convert.o(.rrx_text), (6 bytes).
    Removing forward_lite_convert.o(i.forward_lite_node_convert_if32os1), (112 bytes).
    Removing forward_lite_convert.o(i.forward_lite_node_convert_if32os16), (84 bytes).
    Removing forward_lite_convert.o(i.forward_lite_node_convert_if32ou16), (60 bytes).
    Removing forward_lite_convert.o(i.forward_lite_node_convert_integer_if32os8), (84 bytes).
    Removing forward_lite_convert.o(i.forward_lite_node_convert_integer_if32ou8), (60 bytes).
    Removing forward_lite_convert.o(i.forward_lite_node_convert_integer_is8of32), (38 bytes).
    Removing forward_lite_convert.o(i.forward_lite_node_convert_integer_iu8of32), (38 bytes).
    Removing forward_lite_convert.o(i.forward_lite_node_convert_is16of32), (38 bytes).
    Removing forward_lite_convert.o(i.forward_lite_node_convert_is16os1), (96 bytes).
    Removing forward_lite_convert.o(i.forward_lite_node_convert_is16ou16), (78 bytes).
    Removing forward_lite_convert.o(i.forward_lite_node_convert_is1of32), (72 bytes).
    Removing forward_lite_convert.o(i.forward_lite_node_convert_is1os16), (72 bytes).
    Removing forward_lite_convert.o(i.forward_lite_node_convert_is1os8), (72 bytes).
    Removing forward_lite_convert.o(i.forward_lite_node_convert_is8os1), (96 bytes).
    Removing forward_lite_convert.o(i.forward_lite_node_convert_iu16of32), (38 bytes).
    Removing lite_generic_float.o(i._lite_reduce_l1_if32of32), (84 bytes).
    Removing lite_generic_float.o(i._lite_reduce_l2_if32of32), (122 bytes).
    Removing lite_generic_float.o(i._lite_topK_axis_0_if32of32), (80 bytes).
    Removing lite_generic_float.o(i._lite_topK_axis_1_if32of32), (92 bytes).
    Removing lite_generic_float.o(i._lite_topK_axis_2_if32of32), (92 bytes).
    Removing lite_generic_float.o(i.forward_lite_func_reduce_l1_if32of32), (16 bytes).
    Removing lite_generic_float.o(i.forward_lite_func_reduce_l2_if32of32), (16 bytes).
    Removing lite_generic_float.o(i.forward_lite_topK_axis_0_if32of32), (24 bytes).
    Removing lite_generic_float.o(i.forward_lite_topK_axis_1_if32of32), (24 bytes).
    Removing lite_generic_float.o(i.forward_lite_topK_axis_2_if32of32), (24 bytes).
    Removing forward_lite_dw_sssa8_ch.o(.rev16_text), (4 bytes).
    Removing forward_lite_dw_sssa8_ch.o(.revsh_text), (4 bytes).
    Removing forward_lite_dw_sssa8_ch.o(.rrx_text), (6 bytes).
    Removing forward_lite_dw_sssa8_ch.o(i.ai_padding_opt_phase2), (38 bytes).
    Removing forward_lite_dw_sssa8_ch.o(i.forward_lite_dw_3x3_ch1st_sssa8_ch), (856 bytes).
    Removing forward_lite_dw_sssa8_ch.o(i.forward_lite_dw_dm_sssa8_ch), (2010 bytes).
    Removing forward_lite_dw_sssa8_ch.o(i.forward_lite_dw_sssa8_ch), (1392 bytes).
    Removing forward_lite_dw_sssa8_ch.o(i.st_dw_sssa8_ch_Wadapt_3x3_ch1st), (112 bytes).
    Removing forward_lite_pw_sssa8_ch.o(.rev16_text), (4 bytes).
    Removing forward_lite_pw_sssa8_ch.o(.revsh_text), (4 bytes).
    Removing forward_lite_pw_sssa8_ch.o(.rrx_text), (6 bytes).
    Removing forward_lite_conv2d_sssa8_ch.o(.rev16_text), (4 bytes).
    Removing forward_lite_conv2d_sssa8_ch.o(.revsh_text), (4 bytes).
    Removing forward_lite_conv2d_sssa8_ch.o(.rrx_text), (6 bytes).
    Removing forward_lite_conv2d_sssa8_ch.o(i.forward_lite_conv2d_deep_3x3_sssa8_ch), (148 bytes).
    Removing forward_lite_conv2d_sssa8_ch.o(i.forward_lite_conv2d_deep_sssa8_ch), (234 bytes).
    Removing forward_lite_conv2d_sssa8_ch.o(i.forward_lite_conv2d_dilated_sssa8_ch), (288 bytes).
    Removing forward_lite_conv2d_sssa8_ch.o(i.forward_lite_conv2d_sssa8_ch), (1750 bytes).
    Removing lite_nl_generic_integer.o(.rev16_text), (4 bytes).
    Removing lite_nl_generic_integer.o(.revsh_text), (4 bytes).
    Removing lite_nl_generic_integer.o(.rrx_text), (6 bytes).
    Removing forward_lite_maxpool_is8os8.o(.rev16_text), (4 bytes).
    Removing forward_lite_maxpool_is8os8.o(.revsh_text), (4 bytes).
    Removing forward_lite_maxpool_is8os8.o(.rrx_text), (6 bytes).
    Removing forward_lite_maxpool_is8os8.o(i.forward_lite_maxpool_is8os8_scaleneg), (320 bytes).
    Removing forward_lite_maxpool_is8os8.o(i.forward_lite_maxpool_is8os8_scalepos), (320 bytes).
    Removing forward_lite_maxpool_iu8ou8.o(.rev16_text), (4 bytes).
    Removing forward_lite_maxpool_iu8ou8.o(.revsh_text), (4 bytes).
    Removing forward_lite_maxpool_iu8ou8.o(.rrx_text), (6 bytes).
    Removing forward_lite_maxpool_iu8ou8.o(i.forward_lite_maxpool_iu8ou8_scaleneg), (272 bytes).
    Removing forward_lite_maxpool_iu8ou8.o(i.forward_lite_maxpool_iu8ou8_scalepos), (268 bytes).
    Removing forward_lite_maxpool_is16os16.o(.rev16_text), (4 bytes).
    Removing forward_lite_maxpool_is16os16.o(.revsh_text), (4 bytes).
    Removing forward_lite_maxpool_is16os16.o(.rrx_text), (6 bytes).
    Removing forward_lite_maxpool_is16os16.o(i.forward_lite_maxpool_is16os16_scalepos), (316 bytes).
    Removing forward_lite_maxpool_iu16ou16.o(.rev16_text), (4 bytes).
    Removing forward_lite_maxpool_iu16ou16.o(.revsh_text), (4 bytes).
    Removing forward_lite_maxpool_iu16ou16.o(.rrx_text), (6 bytes).
    Removing forward_lite_maxpool_iu16ou16.o(i.forward_lite_maxpool_iu16ou16_scalepos), (274 bytes).
    Removing st_sssa8_convolve.o(.rev16_text), (4 bytes).
    Removing st_sssa8_convolve.o(.revsh_text), (4 bytes).
    Removing st_sssa8_convolve.o(.rrx_text), (6 bytes).
    Removing st_sssa8_convolve.o(i.ai_padding_opt_phase2), (38 bytes).
    Removing st_sssa8_convolve.o(i.st_sssa8_convolve), (1708 bytes).
    Removing st_sssa8_convolve.o(i.st_sssa8_convolve_rank1upd), (164 bytes).
    Removing st_sssa8_convolve_1x1.o(.rev16_text), (4 bytes).
    Removing st_sssa8_convolve_1x1.o(.revsh_text), (4 bytes).
    Removing st_sssa8_convolve_1x1.o(.rrx_text), (6 bytes).
    Removing st_sssa8_convolve_1x1.o(i.st_sssa8_convolve_1x1), (162 bytes).
    Removing st_sssa8_convolve_1x1.o(i.st_sssa8_convolve_1x1_WeightsPrefetch), (24 bytes).
    Removing st_sssa8_convolve_dw.o(.rev16_text), (4 bytes).
    Removing st_sssa8_convolve_dw.o(.revsh_text), (4 bytes).
    Removing st_sssa8_convolve_dw.o(.rrx_text), (6 bytes).
    Removing st_sssa8_convolve_dw.o(i.st_sssa8_conv_dw_Wadapt), (206 bytes).
    Removing st_sssa8_convolve_dw.o(i.st_sssa8_convolve_dw), (1764 bytes).
    Removing st_sssa8_convolve_rgb.o(.rev16_text), (4 bytes).
    Removing st_sssa8_convolve_rgb.o(.revsh_text), (4 bytes).
    Removing st_sssa8_convolve_rgb.o(.rrx_text), (6 bytes).
    Removing st_sssa8_convolve_rgb.o(i.ai_padding_opt_phase2), (38 bytes).
    Removing st_sssa8_convolve_rgb.o(i.st_sssa8_convolve_rgb), (1238 bytes).
    Removing st_sssa8_dense.o(.rev16_text), (4 bytes).
    Removing st_sssa8_dense.o(.revsh_text), (4 bytes).
    Removing st_sssa8_dense.o(.rrx_text), (6 bytes).
    Removing st_sssa8_ch_convolve.o(.rev16_text), (4 bytes).
    Removing st_sssa8_ch_convolve.o(.revsh_text), (4 bytes).
    Removing st_sssa8_ch_convolve.o(.rrx_text), (6 bytes).
    Removing st_sssa8_ch_convolve.o(i.ai_padding_opt_phase2), (38 bytes).
    Removing st_sssa8_ch_convolve.o(i.st_sssa8_ch_convolve), (214 bytes).
    Removing st_sssa8_ch_convolve.o(i.st_sssa8_ch_convolve_WeightsPrefetch), (92 bytes).
    Removing st_sssa8_ch_convolve.o(i.st_sssa8_ch_convolve_startNN), (1580 bytes).
    Removing st_sssa8_ch_dense.o(.rev16_text), (4 bytes).
    Removing st_sssa8_ch_dense.o(.revsh_text), (4 bytes).
    Removing st_sssa8_ch_dense.o(.rrx_text), (6 bytes).
    Removing st_sssa8_ch_dense.o(i.st_sssa8_ch_fully_connected), (990 bytes).
    Removing st_ssua8_convolve.o(.rev16_text), (4 bytes).
    Removing st_ssua8_convolve.o(.revsh_text), (4 bytes).
    Removing st_ssua8_convolve.o(.rrx_text), (6 bytes).
    Removing st_ssua8_convolve.o(i.st_ssua8_convolve), (624 bytes).
    Removing st_ssua8_convolve.o(i.st_ssua8_convolve_rank1upd), (164 bytes).
    Removing st_ssua8_convolve_1x1.o(.rev16_text), (4 bytes).
    Removing st_ssua8_convolve_1x1.o(.revsh_text), (4 bytes).
    Removing st_ssua8_convolve_1x1.o(.rrx_text), (6 bytes).
    Removing st_ssua8_convolve_1x1.o(i.st_ssua8_convolve_1x1), (140 bytes).
    Removing st_ssua8_convolve_dw.o(.rev16_text), (4 bytes).
    Removing st_ssua8_convolve_dw.o(.revsh_text), (4 bytes).
    Removing st_ssua8_convolve_dw.o(.rrx_text), (6 bytes).
    Removing st_ssua8_convolve_dw.o(i.st_ssua8_conv_dw_Wadapt), (222 bytes).
    Removing st_ssua8_convolve_dw.o(i.st_ssua8_convolve_dw), (2106 bytes).
    Removing st_ssua8_convolve_rgb.o(.rev16_text), (4 bytes).
    Removing st_ssua8_convolve_rgb.o(.revsh_text), (4 bytes).
    Removing st_ssua8_convolve_rgb.o(.rrx_text), (6 bytes).
    Removing st_ssua8_convolve_rgb.o(i.st_ssua8_convolve_rgb), (640 bytes).
    Removing st_ssua8_dense.o(.rev16_text), (4 bytes).
    Removing st_ssua8_dense.o(.revsh_text), (4 bytes).
    Removing st_ssua8_dense.o(.rrx_text), (6 bytes).
    Removing st_ssua8_dense.o(i.st_ssua8_fully_connected), (1028 bytes).
    Removing st_ssua8_ch_convolve.o(.rev16_text), (4 bytes).
    Removing st_ssua8_ch_convolve.o(.revsh_text), (4 bytes).
    Removing st_ssua8_ch_convolve.o(.rrx_text), (6 bytes).
    Removing st_ssua8_ch_convolve.o(i.st_ssua8_ch_convolve), (692 bytes).
    Removing st_ssua8_ch_convolve.o(i.st_ssua8_ch_convolve_rank1upd), (168 bytes).
    Removing st_ssua8_ch_convolve_1x1.o(.rev16_text), (4 bytes).
    Removing st_ssua8_ch_convolve_1x1.o(.revsh_text), (4 bytes).
    Removing st_ssua8_ch_convolve_1x1.o(.rrx_text), (6 bytes).
    Removing st_ssua8_ch_convolve_1x1.o(i.st_ssua8_ch_convolve_1x1), (176 bytes).
    Removing st_ssua8_ch_convolve_dw.o(.rev16_text), (4 bytes).
    Removing st_ssua8_ch_convolve_dw.o(.revsh_text), (4 bytes).
    Removing st_ssua8_ch_convolve_dw.o(.rrx_text), (6 bytes).
    Removing st_ssua8_ch_convolve_dw.o(i.st_ssua8_ch_conv_dw_Wadapt), (210 bytes).
    Removing st_ssua8_ch_convolve_dw.o(i.st_ssua8_ch_convolve_dw), (2500 bytes).
    Removing st_ssua8_ch_convolve_rgb.o(.rev16_text), (4 bytes).
    Removing st_ssua8_ch_convolve_rgb.o(.revsh_text), (4 bytes).
    Removing st_ssua8_ch_convolve_rgb.o(.rrx_text), (6 bytes).
    Removing st_ssua8_ch_convolve_rgb.o(i.st_ssua8_ch_convolve_rgb), (708 bytes).
    Removing st_ssua8_ch_dense.o(.rev16_text), (4 bytes).
    Removing st_ssua8_ch_dense.o(.revsh_text), (4 bytes).
    Removing st_ssua8_ch_dense.o(.rrx_text), (6 bytes).
    Removing st_ssua8_ch_dense.o(i.st_ssua8_ch_fully_connected), (872 bytes).
    Removing st_uaua8_convolve.o(.rev16_text), (4 bytes).
    Removing st_uaua8_convolve.o(.revsh_text), (4 bytes).
    Removing st_uaua8_convolve.o(.rrx_text), (6 bytes).
    Removing st_uaua8_convolve.o(i.st_uaua8_convolve), (766 bytes).
    Removing st_uaua8_convolve.o(i.st_uaua8_convolve_rank1upd), (164 bytes).
    Removing st_uaua8_convolve_1x1.o(.rev16_text), (4 bytes).
    Removing st_uaua8_convolve_1x1.o(.revsh_text), (4 bytes).
    Removing st_uaua8_convolve_1x1.o(.rrx_text), (6 bytes).
    Removing st_uaua8_convolve_1x1.o(i.st_uaua8_convolve_1x1), (144 bytes).
    Removing st_uaua8_convolve_dw.o(.rev16_text), (4 bytes).
    Removing st_uaua8_convolve_dw.o(.revsh_text), (4 bytes).
    Removing st_uaua8_convolve_dw.o(.rrx_text), (6 bytes).
    Removing st_uaua8_convolve_dw.o(i.st_uaua8_conv_dw_Wadapt), (272 bytes).
    Removing st_uaua8_convolve_dw.o(i.st_uaua8_convolve_dw), (2106 bytes).
    Removing st_uaua8_convolve_rgb.o(.rev16_text), (4 bytes).
    Removing st_uaua8_convolve_rgb.o(.revsh_text), (4 bytes).
    Removing st_uaua8_convolve_rgb.o(.rrx_text), (6 bytes).
    Removing st_uaua8_convolve_rgb.o(i.st_uaua8_convolve_rgb), (740 bytes).
    Removing st_uaua8_dense.o(.rev16_text), (4 bytes).
    Removing st_uaua8_dense.o(.revsh_text), (4 bytes).
    Removing st_uaua8_dense.o(.rrx_text), (6 bytes).
    Removing st_uaua8_dense.o(i.st_uaua8_fully_connected), (1156 bytes).
    Removing st_uaua8_ch_convolve.o(.rev16_text), (4 bytes).
    Removing st_uaua8_ch_convolve.o(.revsh_text), (4 bytes).
    Removing st_uaua8_ch_convolve.o(.rrx_text), (6 bytes).
    Removing st_uaua8_ch_convolve.o(i.st_uaua8_ch_convolve), (828 bytes).
    Removing st_uaua8_ch_convolve.o(i.st_uaua8_ch_convolve_rank1upd), (168 bytes).
    Removing st_uaua8_ch_convolve_1x1.o(.rev16_text), (4 bytes).
    Removing st_uaua8_ch_convolve_1x1.o(.revsh_text), (4 bytes).
    Removing st_uaua8_ch_convolve_1x1.o(.rrx_text), (6 bytes).
    Removing st_uaua8_ch_convolve_1x1.o(i.st_uaua8_ch_convolve_1x1), (178 bytes).
    Removing st_uaua8_ch_convolve_dw.o(.rev16_text), (4 bytes).
    Removing st_uaua8_ch_convolve_dw.o(.revsh_text), (4 bytes).
    Removing st_uaua8_ch_convolve_dw.o(.rrx_text), (6 bytes).
    Removing st_uaua8_ch_convolve_dw.o(i.st_uaua8_ch_conv_dw_Wadapt), (328 bytes).
    Removing st_uaua8_ch_convolve_dw.o(i.st_uaua8_ch_convolve_dw), (2488 bytes).
    Removing st_uaua8_ch_convolve_rgb.o(.rev16_text), (4 bytes).
    Removing st_uaua8_ch_convolve_rgb.o(.revsh_text), (4 bytes).
    Removing st_uaua8_ch_convolve_rgb.o(.rrx_text), (6 bytes).
    Removing st_uaua8_ch_convolve_rgb.o(i.st_uaua8_ch_convolve_rgb), (804 bytes).
    Removing st_uaua8_ch_dense.o(.rev16_text), (4 bytes).
    Removing st_uaua8_ch_dense.o(.revsh_text), (4 bytes).
    Removing st_uaua8_ch_dense.o(.rrx_text), (6 bytes).
    Removing st_uaua8_ch_dense.o(i.st_uaua8_ch_fully_connected), (1066 bytes).
    Removing st_int8_pool.o(.rev16_text), (4 bytes).
    Removing st_int8_pool.o(.revsh_text), (4 bytes).
    Removing st_int8_pool.o(.rrx_text), (6 bytes).
    Removing st_int8_pool.o(i.st_int8_gloavepool), (220 bytes).
    Removing st_int8_pool.o(i.st_int8_glomaxpool), (328 bytes).
    Removing st_int8_pool.o(i.st_int8_maxpool), (664 bytes).
    Removing st_int8_add.o(.rev16_text), (4 bytes).
    Removing st_int8_add.o(.revsh_text), (4 bytes).
    Removing st_int8_add.o(.rrx_text), (6 bytes).
    Removing st_int8_add.o(i.st_int8_add), (184 bytes).
    Removing st_uint8_pool.o(.rev16_text), (4 bytes).
    Removing st_uint8_pool.o(.revsh_text), (4 bytes).
    Removing st_uint8_pool.o(.rrx_text), (6 bytes).
    Removing st_uint8_pool.o(i.st_uint8_avepool), (316 bytes).
    Removing st_uint8_pool.o(i.st_uint8_gloavepool), (190 bytes).
    Removing st_uint8_pool.o(i.st_uint8_glomaxpool), (280 bytes).
    Removing st_uint8_pool.o(i.st_uint8_maxpool), (542 bytes).
    Removing st_uint8_add.o(.rev16_text), (4 bytes).
    Removing st_uint8_add.o(.revsh_text), (4 bytes).
    Removing st_uint8_add.o(.rrx_text), (6 bytes).
    Removing st_uint8_add.o(i.st_uint8_add), (162 bytes).
    Removing st_convolve_reference.o(.rev16_text), (4 bytes).
    Removing st_convolve_reference.o(.revsh_text), (4 bytes).
    Removing st_convolve_reference.o(.rrx_text), (6 bytes).
    Removing st_convolve_reference.o(i.align_factor_cmsisnn), (196 bytes).
    Removing st_convolve_reference.o(i.align_factor_cmsisnn_ch), (200 bytes).
    Removing st_convolve_reference.o(i.align_factor_eltwise), (136 bytes).
    Removing st_convolve_reference.o(i.st_sssa8_ch_convolve_ref), (350 bytes).
    Removing st_convolve_reference.o(i.st_sssa8_convolve_ref), (338 bytes).
    Removing st_convolve_reference.o(i.st_ssua8_ch_convolve_ref), (350 bytes).
    Removing st_convolve_reference.o(i.st_ssua8_convolve_ref), (338 bytes).
    Removing st_convolve_reference.o(i.st_uaua8_ch_convolve_ref), (354 bytes).
    Removing st_convolve_reference.o(i.st_uaua8_convolve_ref), (360 bytes).
    Removing st_int8_fill.o(.rev16_text), (4 bytes).
    Removing st_int8_fill.o(.revsh_text), (4 bytes).
    Removing st_int8_fill.o(.rrx_text), (6 bytes).
    Removing arm_float_to_q7.o(.rev16_text), (4 bytes).
    Removing arm_float_to_q7.o(.revsh_text), (4 bytes).
    Removing arm_float_to_q7.o(.rrx_text), (6 bytes).
    Removing arm_float_to_q15.o(.rev16_text), (4 bytes).
    Removing arm_float_to_q15.o(.revsh_text), (4 bytes).
    Removing arm_float_to_q15.o(.rrx_text), (6 bytes).
    Removing arm_q7_to_float.o(.rev16_text), (4 bytes).
    Removing arm_q7_to_float.o(.revsh_text), (4 bytes).
    Removing arm_q7_to_float.o(.rrx_text), (6 bytes).
    Removing arm_q7_to_q15.o(.rev16_text), (4 bytes).
    Removing arm_q7_to_q15.o(.revsh_text), (4 bytes).
    Removing arm_q7_to_q15.o(.rrx_text), (6 bytes).
    Removing arm_q7_to_q15.o(i.arm_q7_to_q15), (110 bytes).
    Removing arm_q15_to_float.o(.rev16_text), (4 bytes).
    Removing arm_q15_to_float.o(.revsh_text), (4 bytes).
    Removing arm_q15_to_float.o(.rrx_text), (6 bytes).
    Removing arm_q15_to_q7.o(.rev16_text), (4 bytes).
    Removing arm_q15_to_q7.o(.revsh_text), (4 bytes).
    Removing arm_q15_to_q7.o(.rrx_text), (6 bytes).
    Removing arm_q15_to_q7.o(i.arm_q15_to_q7), (98 bytes).
    Removing arm_shift_q7.o(.rev16_text), (4 bytes).
    Removing arm_shift_q7.o(.revsh_text), (4 bytes).
    Removing arm_shift_q7.o(.rrx_text), (6 bytes).
    Removing arm_shift_q7.o(i.arm_shift_q7), (254 bytes).
    Removing arm_shift_q15.o(.rev16_text), (4 bytes).
    Removing arm_shift_q15.o(.revsh_text), (4 bytes).
    Removing arm_shift_q15.o(.rrx_text), (6 bytes).
    Removing arm_shift_q15.o(i.arm_shift_q15), (222 bytes).
    Removing forward_lite_pad_generic.o(.rev16_text), (4 bytes).
    Removing forward_lite_pad_generic.o(.revsh_text), (4 bytes).
    Removing forward_lite_pad_generic.o(.rrx_text), (6 bytes).
    Removing st_sssa8_nn_mat_mult_kernel.o(.rev16_text), (4 bytes).
    Removing st_sssa8_nn_mat_mult_kernel.o(.revsh_text), (4 bytes).
    Removing st_sssa8_nn_mat_mult_kernel.o(.rrx_text), (6 bytes).
    Removing st_sssa8_nn_mat_mult_kernel.o(i.st_sssa8_nn_mat_mult_kernel), (1500 bytes).
    Removing st_sssa8_nn_mat_mult_nt_t.o(.rev16_text), (4 bytes).
    Removing st_sssa8_nn_mat_mult_nt_t.o(.revsh_text), (4 bytes).
    Removing st_sssa8_nn_mat_mult_nt_t.o(.rrx_text), (6 bytes).
    Removing st_sssa8_nn_mat_mult_nt_t.o(i.st_sssa8_fullW_prefetch), (426 bytes).
    Removing st_sssa8_nn_mat_mult_nt_t.o(i.st_sssa8_nn_mat_mult_nt_t), (1946 bytes).
    Removing st_sssa8_nn_mat_mult_kernel_opt.o(.rev16_text), (4 bytes).
    Removing st_sssa8_nn_mat_mult_kernel_opt.o(.revsh_text), (4 bytes).
    Removing st_sssa8_nn_mat_mult_kernel_opt.o(.rrx_text), (6 bytes).
    Removing st_sssa8_nn_mat_mult_kernel_opt.o(i.st_sssa8_nn_mat_mult_kernel_opt), (1154 bytes).
    Removing st_sssa8_nn_mat_mult_kernel_opt.o(i.st_sssa8_nn_mat_mult_kernel_single_opt), (618 bytes).
    Removing st_sssa8_ch_nn_mat_mult_nt_t.o(.rev16_text), (4 bytes).
    Removing st_sssa8_ch_nn_mat_mult_nt_t.o(.revsh_text), (4 bytes).
    Removing st_sssa8_ch_nn_mat_mult_nt_t.o(.rrx_text), (6 bytes).
    Removing st_sssa8_ch_nn_mat_mult_nt_t.o(i.st_sssa8_ch_nn_mat_mult_conv2d_3x3_nt_t), (2750 bytes).
    Removing st_sssa8_ch_nn_mat_mult_nt_t.o(i.st_sssa8_ch_nn_mat_mult_conv2d_dilated_nt_t), (2314 bytes).
    Removing st_sssa8_ch_nn_mat_mult_nt_t.o(i.st_sssa8_ch_nn_mat_mult_conv2d_nt_t), (1924 bytes).
    Removing st_sssa8_ch_nn_mat_mult_nt_t.o(i.weights_2channels_prefetch_3x3), (168 bytes).
    Removing st_sssa8_ch_nn_mat_mult_nt_t.o(i.weights_offset_contribution_calc_3x3), (126 bytes).
    Removing st_sssa8_ch_nn_mat_mult_kernel_opt.o(.rev16_text), (4 bytes).
    Removing st_sssa8_ch_nn_mat_mult_kernel_opt.o(.revsh_text), (4 bytes).
    Removing st_sssa8_ch_nn_mat_mult_kernel_opt.o(.rrx_text), (6 bytes).
    Removing st_ssua8_nn_mat_mult_kernel.o(.rev16_text), (4 bytes).
    Removing st_ssua8_nn_mat_mult_kernel.o(.revsh_text), (4 bytes).
    Removing st_ssua8_nn_mat_mult_kernel.o(.rrx_text), (6 bytes).
    Removing st_ssua8_nn_mat_mult_kernel.o(i.st_ssua8_nn_mat_mult_kernel), (1376 bytes).
    Removing st_ssua8_nn_mat_mult_nt_t.o(.rev16_text), (4 bytes).
    Removing st_ssua8_nn_mat_mult_nt_t.o(.revsh_text), (4 bytes).
    Removing st_ssua8_nn_mat_mult_nt_t.o(.rrx_text), (6 bytes).
    Removing st_ssua8_nn_mat_mult_nt_t.o(i.st_ssua8_nn_mat_mult_nt_t), (1616 bytes).
    Removing st_ssua8_ch_nn_mat_mult_kernel.o(.rev16_text), (4 bytes).
    Removing st_ssua8_ch_nn_mat_mult_kernel.o(.revsh_text), (4 bytes).
    Removing st_ssua8_ch_nn_mat_mult_kernel.o(.rrx_text), (6 bytes).
    Removing st_ssua8_ch_nn_mat_mult_kernel.o(i.st_ssua8_ch_nn_mat_mult_kernel), (1388 bytes).
    Removing st_ssua8_ch_nn_mat_mult_nt_t.o(.rev16_text), (4 bytes).
    Removing st_ssua8_ch_nn_mat_mult_nt_t.o(.revsh_text), (4 bytes).
    Removing st_ssua8_ch_nn_mat_mult_nt_t.o(.rrx_text), (6 bytes).
    Removing st_ssua8_ch_nn_mat_mult_nt_t.o(i.st_ssua8_ch_nn_mat_mult_nt_t), (1810 bytes).
    Removing st_uaua8_nn_mat_mult_kernel.o(.rev16_text), (4 bytes).
    Removing st_uaua8_nn_mat_mult_kernel.o(.revsh_text), (4 bytes).
    Removing st_uaua8_nn_mat_mult_kernel.o(.rrx_text), (6 bytes).
    Removing st_uaua8_nn_mat_mult_kernel.o(i.st_uaua8_nn_mat_mult_kernel), (1602 bytes).
    Removing st_uaua8_nn_mat_mult_nt_t.o(.rev16_text), (4 bytes).
    Removing st_uaua8_nn_mat_mult_nt_t.o(.revsh_text), (4 bytes).
    Removing st_uaua8_nn_mat_mult_nt_t.o(.rrx_text), (6 bytes).
    Removing st_uaua8_nn_mat_mult_nt_t.o(i.st_uaua8_nn_mat_mult_nt_t), (1740 bytes).
    Removing st_uaua8_ch_nn_mat_mult_kernel.o(.rev16_text), (4 bytes).
    Removing st_uaua8_ch_nn_mat_mult_kernel.o(.revsh_text), (4 bytes).
    Removing st_uaua8_ch_nn_mat_mult_kernel.o(.rrx_text), (6 bytes).
    Removing st_uaua8_ch_nn_mat_mult_kernel.o(i.st_uaua8_ch_nn_mat_mult_kernel), (1660 bytes).
    Removing st_uaua8_ch_nn_mat_mult_nt_t.o(.rev16_text), (4 bytes).
    Removing st_uaua8_ch_nn_mat_mult_nt_t.o(.revsh_text), (4 bytes).
    Removing st_uaua8_ch_nn_mat_mult_nt_t.o(.rrx_text), (6 bytes).
    Removing st_uaua8_ch_nn_mat_mult_nt_t.o(i.st_uaua8_ch_nn_mat_mult_nt_t), (1820 bytes).
    Removing st_int8_reordered_no_shift.o(.rev16_text), (4 bytes).
    Removing st_int8_reordered_no_shift.o(.revsh_text), (4 bytes).
    Removing st_int8_reordered_no_shift.o(.rrx_text), (6 bytes).
    Removing st_int8_reordered_no_shift.o(i.st_int8_reordered_no_shift), (64 bytes).
    Removing st_uint8_to16_no_shift.o(.rev16_text), (4 bytes).
    Removing st_uint8_to16_no_shift.o(.revsh_text), (4 bytes).
    Removing st_uint8_to16_no_shift.o(.rrx_text), (6 bytes).
    Removing st_uint8_to16_no_shift.o(i.st_uint8_to16_no_shift), (234 bytes).
    Removing st_uint8_to16_no_shift.o(i.st_uint8_to16_no_shift_zero), (290 bytes).
    Removing st_uint8_reordered_no_shift.o(.rev16_text), (4 bytes).
    Removing st_uint8_reordered_no_shift.o(.revsh_text), (4 bytes).
    Removing st_uint8_reordered_no_shift.o(.rrx_text), (6 bytes).
    Removing st_uint8_reordered_no_shift.o(i.st_uint8_reordered_no_shift), (64 bytes).
    Removing st_uint8_reordered_no_shift.o(i.st_uint8_reordered_no_shift_zero), (78 bytes).
    Removing st_uint8_fill.o(.rev16_text), (4 bytes).
    Removing st_uint8_fill.o(.revsh_text), (4 bytes).
    Removing st_uint8_fill.o(.rrx_text), (6 bytes).
    Removing st_uint8_fill.o(i.st_uint8_fill), (84 bytes).
    Removing st_padding_opt.o(.rev16_text), (4 bytes).
    Removing st_padding_opt.o(.revsh_text), (4 bytes).
    Removing st_padding_opt.o(.rrx_text), (6 bytes).
    Removing st_int8_to16_no_shift.o(.rev16_text), (4 bytes).
    Removing st_int8_to16_no_shift.o(.revsh_text), (4 bytes).
    Removing st_int8_to16_no_shift.o(.rrx_text), (6 bytes).
    Removing st_int8_to16_no_shift.o(i.st_int8_to16_dual_interleaved), (446 bytes).
    Removing st_int8_to16_no_shift.o(i.st_int8_to16_no_shift), (234 bytes).
    Removing st_int8_to16_no_shift.o(i.st_int8_to16_no_shift_interleaved), (162 bytes).
    Removing st_int8_to16_no_shift.o(i.st_int8_to16_no_shift_zero), (290 bytes).
    Removing arm_copy_q7.o(.rev16_text), (4 bytes).
    Removing arm_copy_q7.o(.revsh_text), (4 bytes).
    Removing arm_copy_q7.o(.rrx_text), (6 bytes).
    Removing arm_copy_q7.o(i.arm_copy_q7), (76 bytes).
    Removing arm_fill_q15.o(.rev16_text), (4 bytes).
    Removing arm_fill_q15.o(.revsh_text), (4 bytes).
    Removing arm_fill_q15.o(.rrx_text), (6 bytes).
    Removing arm_fill_q15.o(i.arm_fill_q15), (48 bytes).

1561 unused section(s) (total 361185 bytes) removed from the image.
