<html>
<body>
<pre>
<h1>礦ision Build Log</h1>
<h2>Tool Versions:</h2>
IDE-Version: μVision V5.40.0.0
Copyright (C) 2024 ARM Ltd and ARM Germany GmbH. All rights reserved.
License Information: 8 kevinzakeLUC@outlook.com, 8, LIC=8VRJ7-E8Z5C-HLUCL-05IHV-AHNEL-M28CW
 
Tool Versions:
Toolchain:       MDK-ARM Plus  Version: 5.40.0.3
Toolchain Path:  D:\applications\Keil 5\ARM\ARMCC\Bin
C Compiler:      Armcc.exe V5.06 update 6 (build 750)
Assembler:       Armasm.exe V5.06 update 6 (build 750)
Linker/Locator:  ArmLink.exe V5.06 update 6 (build 750)
Library Manager: ArmAr.exe V5.06 update 6 (build 750)
Hex Converter:   FromElf.exe V5.06 update 6 (build 750)
CPU DLL:         SARMCM3.DLL V5.40.0.3
Dialog DLL:      DCM.DLL V1.17.5.0
Target DLL:      STLink\ST-LINKIII-KEIL_SWO.dll V3.3.0.0
Dialog DLL:      TCM.DLL V1.56.4.0
 
<h2>Project:</h2>
D:\GIT Repo\AI-Deployment-Test\MDK-ARM\AI-Deployment-Test.uvprojx
Project File Date:  07/04/2024

<h2>Output:</h2>
*** Using Compiler 'V5.06 update 6 (build 750)', folder: 'D:\applications\Keil 5\ARM\ARMCC\Bin'
Build target 'AI-Deployment-Test'
Note: source file '../Core/Src/system_stm32h7xx.c' - object file renamed from 'AI-Deployment-Test\system_stm32h7xx.o' to 'AI-Deployment-Test\system_stm32h7xx_1.o'.
Note: source file '..\Drivers\LCD240\lcd.c' - object file renamed from 'AI-Deployment-Test\lcd.o' to 'AI-Deployment-Test\lcd_1.o'.
compiling OV_Frame.c...
..\Core\Src\OV_Frame.c(274): warning:  #223-D: function "sprintf" declared implicitly
      sprintf((char*)Print_buf,"JPEG Size:%s",JPEG_SIZE_TBL[size]);
..\Core\Src\OV_Frame.c(282): warning:  #223-D: function "delay_ms" declared implicitly
      delay_ms(50);//延时显示
..\Core\Src\OV_Frame.c(254): warning:  #177-D: variable "i"  was declared but never referenced
      u32 i,jpgstart,jpglen;
..\Core\Src\OV_Frame.c(254): warning:  #177-D: variable "jpgstart"  was declared but never referenced
      u32 i,jpgstart,jpglen;
..\Core\Src\OV_Frame.c(254): warning:  #177-D: variable "jpglen"  was declared but never referenced
      u32 i,jpgstart,jpglen;
..\Core\Src\OV_Frame.c(255): warning:  #177-D: variable "p"  was declared but never referenced
      u8  *p;
..\Core\Src\OV_Frame.c(257): warning:  #177-D: variable "headok"  was declared but never referenced
  	  u8  headok=0;
..\Core\Src\OV_Frame.c(258): warning:  #177-D: variable "effect"  was declared but never referenced
  	  u8  effect=0;
..\Core\Src\OV_Frame.c(631): warning:  #223-D: function "delay_ms" declared implicitly
  					    delay_ms(800);
..\Core\Src\OV_Frame.c(638): warning:  #223-D: function "delay_ms" declared implicitly
  					    delay_ms(800);
..\Core\Src\OV_Frame.c(647): warning:  #223-D: function "delay_ms" declared implicitly
            delay_ms(800);
..\Core\Src\OV_Frame.c(561): warning:  #177-D: variable "fac"  was declared but never referenced
      float fac=0;
..\Core\Src\OV_Frame.c(562): warning:  #177-D: variable "effect"  was declared but never referenced
      u8 effect=0,contrast=2;
..\Core\Src\OV_Frame.c(562): warning:  #177-D: variable "contrast"  was declared but never referenced
      u8 effect=0,contrast=2;
..\Core\Src\OV_Frame.c(563): warning:  #177-D: variable "scale"  was declared but never referenced
      u8 scale=1;		//默认是全尺寸缩放
..\Core\Src\OV_Frame.c(565): warning:  #177-D: variable "outputheight"  was declared but never referenced
      u16 outputheight=0;
..\Core\Src\OV_Frame.c(768): warning:  #223-D: function "delay_ms" declared implicitly
  		 delay_ms(5);
..\Core\Src\OV_Frame.c(418): warning:  #177-D: function "Copy_RAM_Data"  was declared but never referenced
  static void  Copy_RAM_Data(u16 *P1, u16 *P2, u16 Num)
..\Core\Src\OV_Frame.c: 18 warnings, 0 errors
linking...
Program Size: Code=77254 RO-data=55734 RW-data=31932 ZI-data=417628  
FromELF: creating hex file...
"AI-Deployment-Test\AI-Deployment-Test.axf" - 0 Error(s), 18 Warning(s).

<h2>Software Packages used:</h2>

Package Vendor: ARM
                https://www.keil.com/pack/ARM.CMSIS.6.1.0.pack
                ARM::CMSIS@6.1.0
                CMSIS (Common Microcontroller Software Interface Standard)
   * Component: CORE Version: 6.1.0

Package Vendor: Keil
                https://www.keil.com/pack/Keil.STM32H7xx_DFP.3.1.1.pack
                Keil::STM32H7xx_DFP@3.1.1
                STMicroelectronics STM32H7 Series Device Support and Examples

<h2>Collection of Component include folders:</h2>
  ./RTE/_AI-Deployment-Test
  D:/applications/Keil 5/ARM/PACK/ARM/CMSIS/6.1.0/CMSIS/Core/Include
  D:/applications/Keil 5/ARM/PACK/Keil/STM32H7xx_DFP/3.1.1/Drivers/CMSIS/Device/ST/STM32H7xx/Include

<h2>Collection of Component Files used:</h2>

   * Component: ARM::CMSIS:CORE@6.1.0
      Include file:  CMSIS/Core/Include/tz_context.h
Build Time Elapsed:  00:00:05
</pre>
</body>
</html>
