<html>
<body>
<pre>
<h1>礦ision Build Log</h1>
<h2>Tool Versions:</h2>
IDE-Version: μVision V5.40.0.0
Copyright (C) 2024 ARM Ltd and ARM Germany GmbH. All rights reserved.
License Information: 8 kevinzakeLUC@outlook.com, 8, LIC=8VRJ7-E8Z5C-HLUCL-05IHV-AHNEL-M28CW
 
Tool Versions:
Toolchain:       MDK-ARM Plus  Version: 5.40.0.3
Toolchain Path:  D:\applications\Keil 5\ARM\ARMCC\Bin
C Compiler:      Armcc.exe V5.06 update 6 (build 750)
Assembler:       Armasm.exe V5.06 update 6 (build 750)
Linker/Locator:  ArmLink.exe V5.06 update 6 (build 750)
Library Manager: ArmAr.exe V5.06 update 6 (build 750)
Hex Converter:   FromElf.exe V5.06 update 6 (build 750)
CPU DLL:         SARMCM3.DLL V5.40.0.3
Dialog DLL:      DCM.DLL V1.17.5.0
Target DLL:      STLink\ST-LINKIII-KEIL_SWO.dll V3.3.0.0
Dialog DLL:      TCM.DLL V1.56.4.0
 
<h2>Project:</h2>
D:\GIT Repo\AI-Deployment-Test\MDK-ARM\AI-Deployment-Test.uvprojx
Project File Date:  07/14/2024

<h2>Output:</h2>
*** Using Compiler 'V5.06 update 6 (build 750)', folder: 'D:\applications\Keil 5\ARM\ARMCC\Bin'
Build target 'AI-Deployment-Test'
compiling delay.c...
compiling led.c...
compiling OV_Frame.c...
..\Core\Src\OV_Frame.c(274): warning:  #223-D: function "sprintf" declared implicitly
      sprintf((char*)Print_buf,"JPEG Size:%s",JPEG_SIZE_TBL[size]);
..\Core\Src\OV_Frame.c(282): warning:  #223-D: function "delay_ms" declared implicitly
      delay_ms(50);//延时显示
..\Core\Src\OV_Frame.c(254): warning:  #177-D: variable "i"  was declared but never referenced
      u32 i,jpgstart,jpglen;
..\Core\Src\OV_Frame.c(254): warning:  #177-D: variable "jpgstart"  was declared but never referenced
      u32 i,jpgstart,jpglen;
..\Core\Src\OV_Frame.c(254): warning:  #177-D: variable "jpglen"  was declared but never referenced
      u32 i,jpgstart,jpglen;
..\Core\Src\OV_Frame.c(255): warning:  #177-D: variable "p"  was declared but never referenced
      u8  *p;
..\Core\Src\OV_Frame.c(257): warning:  #177-D: variable "headok"  was declared but never referenced
  	  u8  headok=0;
..\Core\Src\OV_Frame.c(258): warning:  #177-D: variable "effect"  was declared but never referenced
  	  u8  effect=0;
..\Core\Src\OV_Frame.c(631): warning:  #223-D: function "delay_ms" declared implicitly
  					    delay_ms(800);
..\Core\Src\OV_Frame.c(638): warning:  #223-D: function "delay_ms" declared implicitly
  					    delay_ms(800);
..\Core\Src\OV_Frame.c(647): warning:  #223-D: function "delay_ms" declared implicitly
            delay_ms(800);
..\Core\Src\OV_Frame.c(713): warning:  #223-D: function "aiRun" declared implicitly
  aiRun();
..\Core\Src\OV_Frame.c(561): warning:  #177-D: variable "fac"  was declared but never referenced
      float fac=0;
..\Core\Src\OV_Frame.c(562): warning:  #177-D: variable "effect"  was declared but never referenced
      u8 effect=0,contrast=2;
..\Core\Src\OV_Frame.c(562): warning:  #177-D: variable "contrast"  was declared but never referenced
      u8 effect=0,contrast=2;
..\Core\Src\OV_Frame.c(563): warning:  #177-D: variable "scale"  was declared but never referenced
      u8 scale=1;		//默认是全尺寸缩放
..\Core\Src\OV_Frame.c(565): warning:  #177-D: variable "outputheight"  was declared but never referenced
      u16 outputheight=0;
..\Core\Src\OV_Frame.c(768): warning:  #223-D: function "delay_ms" declared implicitly
  		 delay_ms(5);
..\Core\Src\OV_Frame.c(418): warning:  #177-D: function "Copy_RAM_Data"  was declared but never referenced
  static void  Copy_RAM_Data(u16 *P1, u16 *P2, u16 Num)
..\Core\Src\OV_Frame.c: 19 warnings, 0 errors
compiling sccb.c...
compiling w25qxx.c...
..\Core\Src\w25qxx.c(83): warning:  #223-D: function "QSPI_Send_CMD" declared implicitly
  			QSPI_Send_CMD(W25X_SetReadParam,0,0,QSPI_INSTRUCTION_4_LINES,QSPI_ADDRESS_NONE,QSPI_ADDRESS_8_BITS,QSPI_DATA_4_LINES); 		//QPI,设置读参数指令,地址为0,4线传数据_8位地址_无地址_4线传输指令,无空周期,1个字节数据
..\Core\Src\w25qxx.c(86): warning:  #223-D: function "QSPI_Transmit" declared implicitly
  			QSPI_Transmit(&temp,1);		//发送1个字节	  
..\Core\Src\w25qxx.c(116): warning:  #223-D: function "QSPI_Send_CMD" declared implicitly
  	QSPI_Send_CMD(W25X_EnterQPIMode,0,0,QSPI_INSTRUCTION_1_LINE,QSPI_ADDRESS_NONE,QSPI_ADDRESS_8_BITS,QSPI_DATA_NONE);//写command指令,地址为0,无数据_8位地址_无地址_单线传输指令,无空周期,0个字节数据
..\Core\Src\w25qxx.c(136): warning:  #223-D: function "QSPI_Send_CMD" declared implicitly
  	QSPI_Send_CMD(W25X_ExitQPIMode,0,0,QSPI_INSTRUCTION_4_LINES,QSPI_ADDRESS_NONE,QSPI_ADDRESS_8_BITS,QSPI_DATA_NONE);//写command指令,地址为0,无数据_8位地址_无地址_4线传输指令,无空周期,0个字节数据
..\Core\Src\w25qxx.c(205): warning:  #223-D: function "QSPI_Send_CMD" declared implicitly
  		QSPI_Send_CMD(command,0,0,QSPI_INSTRUCTION_4_LINES,QSPI_ADDRESS_NONE,QSPI_ADDRESS_8_BITS,QSPI_DATA_4_LINES);	//QPI,写command指令,地址为0,4线传数据_8位地址_无地址_4线传输指令,无空周期,1个字节数据
..\Core\Src\w25qxx.c(207): warning:  #223-D: function "QSPI_Send_CMD" declared implicitly
  		QSPI_Send_CMD(command,0,0,QSPI_INSTRUCTION_1_LINE,QSPI_ADDRESS_NONE,QSPI_ADDRESS_8_BITS,QSPI_DATA_1_LINE);				//SPI,写command指令,地址为0,单线传数据_8位地址_无地址_单线传输指令,无空周期,1个字节数据
..\Core\Src\w25qxx.c(209): warning:  #223-D: function "QSPI_Receive" declared implicitly
  	QSPI_Receive(&byte,1);	        
..\Core\Src\w25qxx.c(246): warning:  #223-D: function "QSPI_Send_CMD" declared implicitly
  		QSPI_Send_CMD(command,0,0,QSPI_INSTRUCTION_4_LINES,QSPI_ADDRESS_NONE,QSPI_ADDRESS_8_BITS,QSPI_DATA_4_LINES);	//QPI,写command指令,地址为0,4线传数据_8位地址_无地址_4线传输指令,无空周期,1个字节数据
..\Core\Src\w25qxx.c(248): warning:  #223-D: function "QSPI_Send_CMD" declared implicitly
  		QSPI_Send_CMD(command,0,0, QSPI_INSTRUCTION_1_LINE,QSPI_ADDRESS_NONE,QSPI_ADDRESS_8_BITS,QSPI_DATA_1_LINE);		//SPI,写command指令,地址为0,单线传数据_8位地址_无地址_单线传输指令,无空周期,1个字节数据
..\Core\Src\w25qxx.c(250): warning:  #223-D: function "QSPI_Transmit" declared implicitly
  	QSPI_Transmit(&sr,1);	         	      
..\Core\Src\w25qxx.c(270): warning:  #223-D: function "QSPI_Send_CMD" declared implicitly
  		QSPI_Send_CMD(W25X_WriteEnable,0,0,QSPI_INSTRUCTION_4_LINES,QSPI_ADDRESS_NONE,QSPI_ADDRESS_8_BITS,QSPI_DATA_NONE);	//QPI,写使能指令,地址为0,无数据_8位地址_无地址_4线传输指令,无空周期,0个字节数据
..\Core\Src\w25qxx.c(272): warning:  #223-D: function "QSPI_Send_CMD" declared implicitly
  		QSPI_Send_CMD(W25X_WriteEnable,0,0,QSPI_INSTRUCTION_1_LINE,QSPI_ADDRESS_NONE,QSPI_ADDRESS_8_BITS,QSPI_DATA_NONE);				//SPI,写使能指令,地址为0,无数据_8位地址_无地址_单线传输指令,无空周期,0个字节数据
..\Core\Src\w25qxx.c(292): warning:  #223-D: function "QSPI_Send_CMD" declared implicitly
  		QSPI_Send_CMD(W25X_WriteDisable,0,0,QSPI_INSTRUCTION_4_LINES,QSPI_ADDRESS_NONE,QSPI_ADDRESS_8_BITS,QSPI_DATA_NONE); //QPI,写禁止指令,地址为0,无数据_8位地址_无地址_4线传输指令,无空周期,0个字节数据
..\Core\Src\w25qxx.c(294): warning:  #223-D: function "QSPI_Send_CMD" declared implicitly
  		QSPI_Send_CMD(W25X_WriteDisable,0,0,QSPI_INSTRUCTION_1_LINE,QSPI_ADDRESS_NONE,QSPI_ADDRESS_8_BITS,QSPI_DATA_NONE);  //SPI,写禁止指令,地址为0,无数据_8位地址_无地址_单线传输指令,无空周期,0个字节数据 
..\Core\Src\w25qxx.c(323): warning:  #223-D: function "QSPI_Send_CMD" declared implicitly
  		QSPI_Send_CMD(W25X_ManufactDeviceID,0,0,QSPI_INSTRUCTION_4_LINES,QSPI_ADDRESS_4_LINES,QSPI_ADDRESS_24_BITS,QSPI_DATA_4_LINES);//QPI,读id,地址为0,4线传输数据_24位地址_4线传输地址_4线传输指令,无空周期,2个字节数据
..\Core\Src\w25qxx.c(325): warning:  #223-D: function "QSPI_Send_CMD" declared implicitly
  		QSPI_Send_CMD(W25X_ManufactDeviceID,0,0,QSPI_INSTRUCTION_1_LINE,QSPI_ADDRESS_1_LINE,QSPI_ADDRESS_24_BITS,QSPI_DATA_1_LINE);			//SPI,读id,地址为0,单线传输数据_24位地址_单线传输地址_单线传输指令,无空周期,2个字节数据
..\Core\Src\w25qxx.c(327): warning:  #223-D: function "QSPI_Receive" declared implicitly
  	QSPI_Receive(temp,2);
..\Core\Src\w25qxx.c(352): warning:  #223-D: function "QSPI_Send_CMD" declared implicitly
  	QSPI_Send_CMD(W25X_FastReadData,ReadAddr,8,QSPI_INSTRUCTION_4_LINES,QSPI_ADDRESS_4_LINES,QSPI_ADDRESS_24_BITS,QSPI_DATA_4_LINES);	//QPI,快速读数据,地址为ReadAddr,4线传输数据_24位地址_4线传输地址_4线传输指令,8空周期,NumByteToRead个数据
..\Core\Src\w25qxx.c(353): warning:  #223-D: function "QSPI_Receive" declared implicitly
  	QSPI_Receive(pBuffer,NumByteToRead); 
..\Core\Src\w25qxx.c(378): warning:  #223-D: function "QSPI_Send_CMD" declared implicitly
  	QSPI_Send_CMD(W25X_PageProgram,WriteAddr,0,QSPI_INSTRUCTION_4_LINES,QSPI_ADDRESS_4_LINES,QSPI_ADDRESS_24_BITS,QSPI_DATA_4_LINES);	//QPI,页写指令,地址为WriteAddr,4线传输数据_24位地址_4线传输地址_4线传输指令,无空周期,NumByteToWrite个数据
..\Core\Src\w25qxx.c(379): warning:  #223-D: function "QSPI_Transmit" declared implicitly
  	QSPI_Transmit(pBuffer,NumByteToWrite);	         	      
..\Core\Src\w25qxx.c(521): warning:  #223-D: function "QSPI_Send_CMD" declared implicitly
  	  QSPI_Send_CMD(W25X_ChipErase,0,0,QSPI_INSTRUCTION_4_LINES,QSPI_ADDRESS_NONE,QSPI_ADDRESS_8_BITS,QSPI_DATA_NONE);//QPI,写全片擦除指令,地址为0,无数据_8位地址_无地址_4线传输指令,无空周期,0个字节数据
..\Core\Src\w25qxx.c(547): warning:  #223-D: function "QSPI_Send_CMD" declared implicitly
  	  QSPI_Send_CMD(W25X_SectorErase,Dst_Addr,0,QSPI_INSTRUCTION_4_LINES,QSPI_ADDRESS_4_LINES,QSPI_ADDRESS_24_BITS,QSPI_DATA_NONE);//QPI,写扇区擦除指令,地址为0,无数据_24位地址_4线传输地址_4线传输指令,无空周期,0个字节数据
..\Core\Src\w25qxx.c: 23 warnings, 0 errors
compiling gpio.c...
compiling GBK_LibDrive.c...
compiling key.c...
..\Core\Src\key.c(119): warning:  #223-D: function "printf" declared implicitly
  				  printf("\r\n KEY1 按键按下一次 \r\n");
..\Core\Src\key.c: 1 warning, 0 errors
compiling sdmmc_sdcard.c...
..\Core\Src\sdmmc_sdcard.c(69): warning:  #177-D: variable "clkdiv"  was declared but never referenced
  	u8 clkdiv=0;
..\Core\Src\sdmmc_sdcard.c(656): warning:  #223-D: function "printf" declared implicitly
          printf("SDMMC_Send_Cmd=%d\r\n",errorstatus);
..\Core\Src\sdmmc_sdcard.c(667): warning:  #223-D: function "printf" declared implicitly
  			printf("SD_CMD_READ_MULT_BLOCK Error\r\n");
..\Core\Src\sdmmc_sdcard.c: 3 warnings, 0 errors
compiling ov5640.c...
compiling main.c...
../Core/Src/main.c(147): warning:  #550-D: variable "err"  was set but never used
  	ai_error err;
../Core/Src/main.c(252): warning:  #181-D: argument is incompatible with corresponding format string conversion
  		sprintf((char*)Textbuf,"SD Card Size: %u MB",SDCardInfo.CardCapacity>>20); //显示无符号十进制整数		
../Core/Src/main.c(300): warning:  #167-D: argument of type "char *" is incompatible with parameter of type "uint8_t *"
  	   HMISends(tjcstr); 
../Core/Src/main.c(305): warning:  #167-D: argument of type "char *" is incompatible with parameter of type "uint8_t *"
  	   HMISends(tjcstr); 
../Core/Src/main.c(310): warning:  #167-D: argument of type "char *" is incompatible with parameter of type "uint8_t *"
  	   HMISends(tjcstr); 
../Core/Src/main.c(315): warning:  #167-D: argument of type "char *" is incompatible with parameter of type "uint8_t *"
  	   HMISends(tjcstr); 
../Core/Src/main.c(354): warning:  #167-D: argument of type "char *" is incompatible with parameter of type "uint8_t *"
  	   HMISends(tjcstr); 
../Core/Src/main.c(359): warning:  #167-D: argument of type "char *" is incompatible with parameter of type "uint8_t *"
  	   HMISends(tjcstr); 
../Core/Src/main.c(364): warning:  #167-D: argument of type "char *" is incompatible with parameter of type "uint8_t *"
  	   HMISends(tjcstr); 
../Core/Src/main.c(369): warning:  #167-D: argument of type "char *" is incompatible with parameter of type "uint8_t *"
  	   HMISends(tjcstr); 
../Core/Src/main.c(374): warning:  #167-D: argument of type "char *" is incompatible with parameter of type "uint8_t *"
  	   HMISends(tjcstr); 
../Core/Src/main.c(380): warning:  #167-D: argument of type "char *" is incompatible with parameter of type "uint8_t *"
  	   HMISends(tjcstr); 
../Core/Src/main.c(407): warning:  #223-D: function "KEY_Scan" declared implicitly
  		key_F=KEY_Scan(0); 		//得到键值   //按键扫描测试函数
../Core/Src/main.c(110): warning:  #177-D: variable "in_data"  was declared but never referenced
  static ai_float in_data[AI_NETWORK_IN_1_SIZE];
../Core/Src/main.c(113): warning:  #177-D: variable "out_data"  was declared but never referenced
  static ai_float out_data[AI_NETWORK_OUT_1_SIZE];
../Core/Src/main.c: 15 warnings, 0 errors
compiling stm32h7xx_it.c...
../Core/Src/stm32h7xx_it.c(241): warning:  #223-D: function "RGBLine_Shift" declared implicitly
  	RGBLine_Shift(&hdcmi);
../Core/Src/stm32h7xx_it.c(236): warning:  #550-D: variable "ErrorCode"  was set but never used
  	int ErrorCode=0;
../Core/Src/stm32h7xx_it.c(237): warning:  #550-D: variable "State"  was set but never used
  	int State=0;
../Core/Src/stm32h7xx_it.c: 3 warnings, 0 errors
compiling crc.c...
compiling spi.c...
compiling dma.c...
compiling sdmmc.c...
compiling dcmi.c...
compiling usart.c...
compiling task.c...
compiling stm32h7xx_hal_msp.c...
compiling stm32h7xx_hal_cortex.c...
compiling quadspi.c...
compiling stm32h7xx_hal_flash.c...
compiling stm32h7xx_hal_crc_ex.c...
compiling stm32h7xx_hal_crc.c...
compiling stm32h7xx_hal_mdma.c...
compiling stm32h7xx_hal_gpio.c...
compiling stm32h7xx_hal_hsem.c...
compiling stm32h7xx_hal_flash_ex.c...
compiling stm32h7xx_hal_dma_ex.c...
compiling stm32h7xx_hal_rcc.c...
compiling stm32h7xx_hal_rcc_ex.c...
compiling stm32h7xx_hal_dma.c...
compiling stm32h7xx_hal_pwr.c...
compiling stm32h7xx_ll_delayblock.c...
compiling stm32h7xx_ll_sdmmc.c...
compiling stm32h7xx_hal_i2c_ex.c...
compiling stm32h7xx_hal_qspi.c...
compiling stm32h7xx_hal_dcmi.c...
compiling stm32h7xx_hal_exti.c...
compiling stm32h7xx_hal.c...
compiling stm32h7xx_hal_sd.c...
compiling stm32h7xx_hal_pwr_ex.c...
compiling stm32h7xx_hal_i2c.c...
compiling FONT.c...
compiling Picture.c...
compiling stm32h7xx_hal_sd_ex.c...
compiling stm32h7xx_hal_tim.c...
compiling network_data.c...
compiling network_data_params.c...
compiling stm32h7xx_hal_spi_ex.c...
compiling network.c...
compiling stm32h7xx_hal_tim_ex.c...
compiling Dis_Picture.c...
compiling stm32h7xx_hal_uart_ex.c...
compiling system_stm32h7xx.c...
compiling stm32h7xx_hal_spi.c...
compiling lcd.c...
compiling stm32h7xx_hal_uart.c...
compiling Text.c...
linking...
Program Size: Code=82622 RO-data=55694 RW-data=32024 ZI-data=417536  
FromELF: creating hex file...
"AI-Deployment-Test\AI-Deployment-Test.axf" - 0 Error(s), 64 Warning(s).

<h2>Software Packages used:</h2>

Package Vendor: ARM
                https://www.keil.com/pack/ARM.CMSIS.6.1.0.pack
                ARM::CMSIS@6.1.0
                CMSIS (Common Microcontroller Software Interface Standard)
   * Component: CORE Version: 6.1.0

Package Vendor: Keil
                https://www.keil.com/pack/Keil.STM32H7xx_DFP.3.1.1.pack
                Keil::STM32H7xx_DFP@3.1.1
                STMicroelectronics STM32H7 Series Device Support and Examples

<h2>Collection of Component include folders:</h2>
  ./RTE/_AI-Deployment-Test
  D:/applications/Keil 5/ARM/PACK/ARM/CMSIS/6.1.0/CMSIS/Core/Include
  D:/applications/Keil 5/ARM/PACK/Keil/STM32H7xx_DFP/3.1.1/Drivers/CMSIS/Device/ST/STM32H7xx/Include

<h2>Collection of Component Files used:</h2>

   * Component: ARM::CMSIS:CORE@6.1.0
      Include file:  CMSIS/Core/Include/tz_context.h
Build Time Elapsed:  00:01:43
</pre>
</body>
</html>
